Microchip MPLAB XC8 Compiler V2.45

Linker command line:

-W-3 \
  --edf=C:\Program Files\Microchip\xc8\v2.45\pic\dat\20230818022343_en.msgs \
  -pivt0x8=08h -cn -h+dist/default/production\mix_sam04.X.production.sym \
  --cmf=dist/default/production\mix_sam04.X.production.cmf -z -Q18F47Q43 \
  -oC:\Users\hseiyama\AppData\Local\Temp\xcAsauc.\driver_tmp_3.o \
  --defsym=__MPLAB_BUILD=1 --fixupoverflow=error \
  -Mdist/default/production/mix_sam04.X.production.map \
  --md=C:\Users\hseiyama\AppData\Local\Temp\xcAsauc.\driver_tmp_0.dat -E1 \
  -ver=XC8 Compiler --acfsm=1493 -ACODE=00h-01FFFFh -ACONST=00h-01FFFFh \
  -ASMALLCONST=02500h-025FFhx475 \
  -AMEDIUMCONST=02500h-0FFFFh,012500h-01FFFFh -ACOMRAM=0501h-055Fh \
  -AABS1=0500h-024FFh -ABIGRAM=0501h-024FFh \
  -ARAM=0560h-05FFh,0600h-06FFhx31 -ABANK5=0560h-05FFh -ABANK6=0600h-06FFh \
  -ABANK7=0700h-07FFh -ABANK8=0800h-08FFh -ABANK9=0900h-09FFh \
  -ABANK10=0A00h-0AFFh -ABANK11=0B00h-0BFFh -ABANK12=0C00h-0CFFh \
  -ABANK13=0D00h-0DFFh -ABANK14=0E00h-0EFFh -ABANK15=0F00h-0FFFh \
  -ABANK16=01000h-010FFh -ABANK17=01100h-011FFh -ABANK18=01200h-012FFh \
  -ABANK19=01300h-013FFh -ABANK20=01400h-014FFh -ABANK21=01500h-015FFh \
  -ABANK22=01600h-016FFh -ABANK23=01700h-017FFh -ABANK24=01800h-018FFh \
  -ABANK25=01900h-019FFh -ABANK26=01A00h-01AFFh -ABANK27=01B00h-01BFFh \
  -ABANK28=01C00h-01CFFh -ABANK29=01D00h-01DFFh -ABANK30=01E00h-01EFFh \
  -ABANK31=01F00h-01FFFh -ABANK32=02000h-020FFh -ABANK33=02100h-021FFh \
  -ABANK34=02200h-022FFh -ABANK35=02300h-023FFh -ABANK36=02400h-024FFh \
  -ASFR=00h-0FFhx4,0400h-045Fh,0460h-04FFh,02500h-025FFh \
  -ABIGSFR=00h-04FFh,02500h-025FFh -ACONFIG=0300000h-0300011h \
  -AIDLOC=0200000h-020003Fh -AEEDATA=0380000h-03803FFh -peeprom_data=EEDATA \
  -preset_vec=00h -ppowerup=CODE,init -pramtop=02500h \
  -psmallconst=SMALLCONST -pmediumconst=MEDIUMCONST -pconst=CONST \
  -AFARRAM=00h-00h \
  -prdata=COMRAM,nvrram=COMRAM,nvbit=COMRAM,rbss=COMRAM,rbit=COMRAM \
  -pfarbss=FARRAM,fardata=FARRAM,nvFARRAM=FARRAM \
  -pintsave_regs=BIGRAM,bigbss=BIGRAM,bigdata=BIGRAM -pbss=RAM \
  -pidata=CODE,irdata=CODE,ibigdata=CODE,ifardata=CODE -prparam=COMRAM \
  C:\Users\hseiyama\AppData\Local\Temp\xcAsauc.\driver_tmp_9.o \
  dist/default/production\mix_sam04.X.production.o 

Object code version is 3.11

Machine type is 18F47Q43



                Name                               Link     Load   Length Selector   Space Scale
C:\Users\hseiyama\AppData\Local\Temp\xcAsauc.\driver_tmp_9.o
                config                           300000   300000        A        0       4
                init                                102      102        4        4       0
                reset_vec                             0        0        4        0       0
dist/default/production\mix_sam04.X.production.o
                config                           300000   300000        A        0       4
                smallconst                         2500     2500       8A     1280       0
                ivt0x8                                8        8       FA        4       0
                text67                             302C     302C        4      C0B       0
                text66                             301C     301C        6      C07       0
                text65                             2DFC     2DFC       26      9B7       0
                text64                             2E48     2E48       24      B92       0
                text63                             3014     3014        6      B92       0
                text62                             3034     3034        2      C0D       0
                text61                             2F20     2F20       14      B92       0
                text60                             300E     300E        6      B92       0
                text59                             2F0C     2F0C       14      B92       0
                text58                             2F58     2F58       12      B92       0
                text57                             2F46     2F46       12      B92       0
                text56                             2BDE     2BDE       3A      9B7       0
                text55                             3030     3030        2      C0B       0
                text54                             2FAA     2FAA        C      B92       0
                text53                             2F78     2F78        E      B92       0
                text52                             2F9E     2F9E        C      B92       0
                text51                             2F92     2F92        C      B92       0
                text50                             2F86     2F86        C      B92       0
                text49                             26DC     26DC       92      9B7       0
                text48                             2FEE     2FEE        8      B92       0
                text47                             2FE6     2FE6        8      B92       0
                text46                             2FDE     2FDE        8      B92       0
                text45                             2D88     2D88       28      9B7       0
                text44                             2FD6     2FD6        8      B92       0
                text43                             2FCE     2FCE        8      B92       0
                text42                             3008     3008        6      B92       0
                text41                             2EA8     2EA8       1C      B92       0
                text40                             3026     3026        4      C07       0
                text39                             2FC6     2FC6        8      B92       0
                text38                             3002     3002        6      B92       0
                text37                             2E8C     2E8C       1C      B92       0
                text36                             2B64     2B64       3E      9B7       0
                text35                             2E6C     2E6C       20      B92       0
                text34                             2EF4     2EF4       18      B92       0
                text33                             2FBE     2FBE        8      B92       0
                text32                             2FB6     2FB6        8      B92       0
                text31                             2FFC     2FFC        6      B92       0
                text30                             2FF6     2FF6        6      B92       0
                text29                             2E22     2E22       24      9B7       0
                text28                             2AE2     2AE2       44      9B7       0
                text27                             2A9E     2A9E       44      9B7       0
                text26                             2646     2646       94     12C5       0
                text25                             2A5A     2A5A       44      9B7       0
                text24                             2D60     2D60       28      9B7       0
                text23                             2D38     2D38       28      9B7       0
                text22                             2B26     2B26       3E      9B7       0
                text21                             2980     2980       50      9B7       0
                text20                             2F6A     2F6A        E      B92       0
                text19                             2DD6     2DD6       26      9B7       0
                text18                             2CB0     2CB0       30      9B7       0
                text17                             2D0E     2D0E       2A      9B7       0
                text16                             28C6     28C6       64      9B7       0
                text15                             2EDC     2EDC       18      B92       0
                text14                             2860     2860       66      9B7       0
                text13                             3022     3022        4      C07       0
                text12                             292A     292A       56      9B7       0
                text11                             2EC4     2EC4       18      B92       0
                text10                             2F34     2F34       12      B92       0
                text9                              276E     276E       84      9B7       0
                text8                              2C7E     2C7E       32      9B7       0
                text7                              2C18     2C18       34      9B7       0
                text6                              258A     258A       BC     12C5       0
                text5                              2BA2     2BA2       3C      9B7       0
                text4                              2C4C     2C4C       32      9B7       0
                text3                              2A16     2A16       44      9B7       0
                text2                              29D0     29D0       46      9B7       0
                text1                              27F2     27F2       6E      9B7       0
                text0                              2DB0     2DB0       26      9B7       0
                cstackCOMRAM                        536      536       14      501       1
                bssBANK5                            560      560       10      560       1
                bssCOMRAM                           501      501       35      501       1
                bitbssCOMRAM                       2A50      54A        2      501       1     8
                cinit                              2CE0     2CE0       2E      9B7       0

TOTAL           Name                               Link     Load   Length     Space
        CLASS   CODE           
                init                                102      102        4         0
                reset_vec                             0        0        4         0
                ivt0x8                                8        8       FA         0
                text67                             302C     302C        4         0
                text66                             301C     301C        6         0
                text65                             2DFC     2DFC       26         0
                text64                             2E48     2E48       24         0
                text63                             3014     3014        6         0
                text62                             3034     3034        2         0
                text61                             2F20     2F20       14         0
                text60                             300E     300E        6         0
                text59                             2F0C     2F0C       14         0
                text58                             2F58     2F58       12         0
                text57                             2F46     2F46       12         0
                text56                             2BDE     2BDE       3A         0
                text55                             3030     3030        2         0
                text54                             2FAA     2FAA        C         0
                text53                             2F78     2F78        E         0
                text52                             2F9E     2F9E        C         0
                text51                             2F92     2F92        C         0
                text50                             2F86     2F86        C         0
                text49                             26DC     26DC       92         0
                text48                             2FEE     2FEE        8         0
                text47                             2FE6     2FE6        8         0
                text46                             2FDE     2FDE        8         0
                text45                             2D88     2D88       28         0
                text44                             2FD6     2FD6        8         0
                text43                             2FCE     2FCE        8         0
                text42                             3008     3008        6         0
                text41                             2EA8     2EA8       1C         0
                text40                             3026     3026        4         0
                text39                             2FC6     2FC6        8         0
                text38                             3002     3002        6         0
                text37                             2E8C     2E8C       1C         0
                text36                             2B64     2B64       3E         0
                text35                             2E6C     2E6C       20         0
                text34                             2EF4     2EF4       18         0
                text33                             2FBE     2FBE        8         0
                text32                             2FB6     2FB6        8         0
                text31                             2FFC     2FFC        6         0
                text30                             2FF6     2FF6        6         0
                text29                             2E22     2E22       24         0
                text28                             2AE2     2AE2       44         0
                text27                             2A9E     2A9E       44         0
                text26                             2646     2646       94         0
                text25                             2A5A     2A5A       44         0
                text24                             2D60     2D60       28         0
                text23                             2D38     2D38       28         0
                text22                             2B26     2B26       3E         0
                text21                             2980     2980       50         0
                text20                             2F6A     2F6A        E         0
                text19                             2DD6     2DD6       26         0
                text18                             2CB0     2CB0       30         0
                text17                             2D0E     2D0E       2A         0
                text16                             28C6     28C6       64         0
                text15                             2EDC     2EDC       18         0
                text14                             2860     2860       66         0
                text13                             3022     3022        4         0
                text12                             292A     292A       56         0
                text11                             2EC4     2EC4       18         0
                text10                             2F34     2F34       12         0
                text9                              276E     276E       84         0
                text8                              2C7E     2C7E       32         0
                text7                              2C18     2C18       34         0
                text6                              258A     258A       BC         0
                text5                              2BA2     2BA2       3C         0
                text4                              2C4C     2C4C       32         0
                text3                              2A16     2A16       44         0
                text2                              29D0     29D0       46         0
                text1                              27F2     27F2       6E         0
                text0                              2DB0     2DB0       26         0
                cinit                              2CE0     2CE0       2E         0

        CLASS   CONST          

        CLASS   SMALLCONST     
                smallconst                         2500     2500       8A         0

        CLASS   MEDIUMCONST    

        CLASS   COMRAM         
                cstackCOMRAM                        536      536       14         1
                bssCOMRAM                           501      501       35         1
                bitbssCOMRAM                       2A50      54A        2         1

        CLASS   ABS1           

        CLASS   BIGRAM         

        CLASS   RAM            

        CLASS   BANK5          
                bssBANK5                            560      560       10         1

        CLASS   BANK6          

        CLASS   BANK7          

        CLASS   BANK8          

        CLASS   BANK9          

        CLASS   BANK10         

        CLASS   BANK11         

        CLASS   BANK12         

        CLASS   BANK13         

        CLASS   BANK14         

        CLASS   BANK15         

        CLASS   BANK16         

        CLASS   BANK17         

        CLASS   BANK18         

        CLASS   BANK19         

        CLASS   BANK20         

        CLASS   BANK21         

        CLASS   BANK22         

        CLASS   BANK23         

        CLASS   BANK24         

        CLASS   BANK25         

        CLASS   BANK26         

        CLASS   BANK27         

        CLASS   BANK28         

        CLASS   BANK29         

        CLASS   BANK30         

        CLASS   BANK31         

        CLASS   BANK32         

        CLASS   BANK33         

        CLASS   BANK34         

        CLASS   BANK35         

        CLASS   BANK36         

        CLASS   SFR            

        CLASS   BIGSFR         

        CLASS   CONFIG         
                config                           300000   300000        A         4

        CLASS   IDLOC          

        CLASS   EEDATA         

        CLASS   FARRAM         

        CLASS   HEAP           

        CLASS   STACK          



SEGMENTS        Name                           Load    Length   Top    Selector   Space  Class

                reset_vec                      000000  000004  000004         0       0  CODE    
                ivt0x8                         000008  0000FE  000106         4       0  CODE    
                bssCOMRAM                      000501  00004A  00054B       501       1  COMRAM  
                bssBANK5                       000560  000010  000570       560       1  BANK5   
                smallconst                     002500  00008A  00258A      1280       0  SMALLCON
                text6                          00258A  000150  0026DA      12C5       0  CODE    
                text49                         0026DC  00076A  002E46       9B7       0  CODE    
                text64                         002E48  0001D2  00301A       B92       0  CODE    
                text66                         00301C  00000E  00302A       C07       0  CODE    
                text67                         00302C  000006  003032       C0B       0  CODE    
                text62                         003034  000002  003036       C0D       0  CODE    


UNUSED ADDRESS RANGES

        Name                Unused          Largest block    Delta
        BANK10           000A00-000AFF              100
        BANK11           000B00-000BFF              100
        BANK12           000C00-000CFF              100
        BANK13           000D00-000DFF              100
        BANK14           000E00-000EFF              100
        BANK15           000F00-000FFF              100
        BANK16           001000-0010FF              100
        BANK17           001100-0011FF              100
        BANK18           001200-0012FF              100
        BANK19           001300-0013FF              100
        BANK20           001400-0014FF              100
        BANK21           001500-0015FF              100
        BANK22           001600-0016FF              100
        BANK23           001700-0017FF              100
        BANK24           001800-0018FF              100
        BANK25           001900-0019FF              100
        BANK26           001A00-001AFF              100
        BANK27           001B00-001BFF              100
        BANK28           001C00-001CFF              100
        BANK29           001D00-001DFF              100
        BANK30           001E00-001EFF              100
        BANK31           001F00-001FFF              100
        BANK32           002000-0020FF              100
        BANK33           002100-0021FF              100
        BANK34           002200-0022FF              100
        BANK35           002300-0023FF              100
        BANK36           002400-0024FF              100
        BANK5            000570-0005FF               90
        BANK6            000600-0006FF              100
        BANK7            000700-0007FF              100
        BANK8            000800-0008FF              100
        BANK9            000900-0009FF              100
        BIGRAM           00054B-00055F               15
                         000570-0024FF             1F90
        BIGSFR           000000-0004FF              500
                         002500-0025FF              100
        CODE             000004-000007                4
                         000106-0024FF             23FA
                         0026DA-0026DB                2
                         002E46-002E47                2
                         00301A-00301B                2
                         00302A-00302B                2
                         003032-003033                2
                         003036-01FFFF            1CFCA
        COMRAM           00054B-00055F               15
        CONFIG           30000A-300011                8
        CONST            000004-000007                4
                         000106-0024FF             23FA
                         0026DA-0026DB                2
                         002E46-002E47                2
                         00301A-00301B                2
                         00302A-00302B                2
                         003032-003033                2
                         003036-01FFFF            1CFCA
        EEDATA           380000-3803FF              400
        IDLOC            200000-20003F               40
        MEDIUMCONST      0026DA-0026DB                2
                         002E46-002E47                2
                         00301A-00301B                2
                         00302A-00302B                2
                         003032-003033                2
                         003036-00FFFF             CFCA
                         012500-01FFFF             DB00
        RAM              000570-0024FF              100
        SFR              000000-0004FF              100
                         002500-0025FF              100
        SMALLCONST       0026DA-0026DB                2
                         002E46-002E47                2
                         00301A-00301B                2
                         00302A-00302B                2
                         003032-003033                2
                         003036-01FFFF              100

                                  Symbol Table

EchoStr@p_data                        cstackCOMRAM 00053D
I2C1_AddrTransmit@addr                cstackCOMRAM 00053C
I2C1_CallbackRegister@callbackHandler cstackCOMRAM 00053C
I2C1_CounterSet@counter               cstackCOMRAM 00053C
I2C1_DataTransmit@data                cstackCOMRAM 00053A
I2C1_Write@address                    cstackCOMRAM 00053D
I2C1_Write@data                       cstackCOMRAM 00053F
I2C1_Write@dataLength                 cstackCOMRAM 000541
I2C1_WriteRead@address                cstackCOMRAM 00053D
I2C1_WriteRead@readData               cstackCOMRAM 000543
I2C1_WriteRead@readLength             cstackCOMRAM 000545
I2C1_WriteRead@writeData              cstackCOMRAM 00053F
I2C1_WriteRead@writeLength            cstackCOMRAM 000541
IVTBASEH                              (abs)        00045E
IVTBASEL                              (abs)        00045D
IVTBASEU                              (abs)        00045F
MCP23017_Write@data                   cstackCOMRAM 000543
MCP23017_Write@reg_addr               cstackCOMRAM 000544
MCP23S17_Write@data                   cstackCOMRAM 000542
MCP23S17_Write@reg_addr               cstackCOMRAM 000543
SPI1_BufferExchange@bufferData        cstackCOMRAM 00053C
SPI1_BufferExchange@bufferInput       cstackCOMRAM 000540
SPI1_BufferExchange@bufferSize        cstackCOMRAM 00053E
SPI1_Open@spiConfigIndex              cstackCOMRAM 00053E
TimerCheck@p_timer                    cstackCOMRAM 00053C
TimerCheck@ret_val                    cstackCOMRAM 000542
TimerCheck@time                       cstackCOMRAM 00053E
TimerStart@p_timer                    cstackCOMRAM 00053C
U3RX_ISR@data                         cstackCOMRAM 00053B
UART3_Read@data                       cstackCOMRAM 00053C
UART3_Write@data                      cstackCOMRAM 00053C
_ANSELA                               (abs)        000400
_ANSELA4                              (abs)        002004
_ANSELA5                              (abs)        002005
_ANSELA6                              (abs)        002006
_ANSELA7                              (abs)        002007
_ANSELB0                              (abs)        002040
_ANSELB1                              (abs)        002041
_ANSELB2                              (abs)        002042
_ANSELC2                              (abs)        002082
_ANSELC3                              (abs)        002083
_ANSELC4                              (abs)        002084
_ANSELC5                              (abs)        002085
_ANSELC6                              (abs)        002086
_ANSELC7                              (abs)        002087
_CLC1_Enable                          text13       003022
_CLC1_Initialize                      text12       00292A
_CLCDATA                              (abs)        0000D4
_CLCIN2PPS                            (abs)        000263
_CLCIN3PPS                            (abs)        000264
_CLCSELECT                            (abs)        0000D5
_CLCnCON                              (abs)        0000D6
_CLCnCONbits                          (abs)        0000D6
_CLCnGLS0                             (abs)        0000DC
_CLCnGLS1                             (abs)        0000DD
_CLCnGLS2                             (abs)        0000DE
_CLCnGLS3                             (abs)        0000DF
_CLCnPOL                              (abs)        0000D7
_CLCnSEL0                             (abs)        0000D8
_CLCnSEL1                             (abs)        0000D9
_CLCnSEL2                             (abs)        0000DA
_CLCnSEL3                             (abs)        0000DB
_DEFAULT_ISR                          text62       003034
_EchoStr                              text18       002CB0
_GIE                                  (abs)        0026B7
_I2C1ADB1                             (abs)        00028F
_I2C1CLK                              (abs)        00029C
_I2C1CNT                              (abs)        00028D
_I2C1CON0                             (abs)        000294
_I2C1CON0bits                         (abs)        000294
_I2C1CON1                             (abs)        000295
_I2C1CON1bits                         (abs)        000295
_I2C1CON2                             (abs)        000296
_I2C1ERR                              (abs)        000297
_I2C1ERRbits                          (abs)        000297
_I2C1PIE                              (abs)        00029B
_I2C1PIEbits                          (abs)        00029B
_I2C1PIR                              (abs)        00029A
_I2C1PIRbits                          (abs)        00029A
_I2C1RXB                              (abs)        00028B
_I2C1SCLPPS                           (abs)        000271
_I2C1SDAPPS                           (abs)        000270
_I2C1STAT0bits                        (abs)        000298
_I2C1STAT1                            (abs)        000299
_I2C1STAT1bits                        (abs)        000299
_I2C1TXB                              (abs)        00028C
_I2C1_AddrTransmit                    text33       002FBE
_I2C1_BufferClear                     text48       002FEE
_I2C1_BusReset                        text56       002BDE
_I2C1_Callback                        bssCOMRAM    00051E
_I2C1_CallbackRegister                text11       002EC4
_I2C1_Close                           text45       002D88
_I2C1_CounterGet                      text40       003026
_I2C1_CounterSet                      text32       002FB6
_I2C1_DataReceive                     text60       00300E
_I2C1_DataTransmit                    text39       002FC6
_I2C1_DefaultCallback                 text55       003030
_I2C1_Deinitialize                    (abs)        000000
_I2C1_ERROR_ISR                       text49       0026DC
_I2C1_ErrorFlagsClear                 text47       002FE6
_I2C1_ErrorGet                        (abs)        000000
_I2C1_Host                            smallconst   00252B
_I2C1_ISR                             text36       002B64
_I2C1_Initialize                      text9        00276E
_I2C1_InterruptsClear                 text46       002FDE
_I2C1_InterruptsDisable               text58       002F58
_I2C1_InterruptsEnable                text10       002F34
_I2C1_IsAddr                          text54       002FAA
_I2C1_IsBusCol                        text53       002F78
_I2C1_IsBusTimeOut                    text52       002F9E
_I2C1_IsBusy                          text34       002EF4
_I2C1_IsBusy$613                      cstackCOMRAM 00053C
_I2C1_IsData                          text51       002F92
_I2C1_IsNack                          text50       002F86
_I2C1_RX_ISR                          text59       002F0C
_I2C1_Read                            (abs)        000000
_I2C1_ReadStart                       text41       002EA8
_I2C1_RestartDisable                  text38       003002
_I2C1_RestartEnable                   text31       002FFC
_I2C1_StartSend                       text30       002FF6
_I2C1_StopSend                        text37       002E8C
_I2C1_TX_ISR                          text61       002F20
_I2C1_Write                           text28       002AE2
_I2C1_WriteRead                       text27       002A9E
_I2C1_WriteStart                      text29       002E22
_INT0EDG                              (abs)        0026B0
_INT0IE                               (abs)        0024F8
_INT0IF                               (abs)        002578
_INT0_ISR                             text66       00301C
_LATA                                 (abs)        0004BE
_LATA4                                (abs)        0025F4
_LATA5                                (abs)        0025F5
_LATA6                                (abs)        0025F6
_LATC2                                (abs)        002602
_LATC3                                (abs)        002603
_LATC7                                (abs)        002607
_MCP23017_Initialize                  text7        002C18
_MCP23017_UpdateState                 text26       002646
_MCP23017_Write                       text8        002C7E
_MCP23S17_Initialize                  text5        002BA2
_MCP23S17_Read                        text24       002D60
_MCP23S17_UpdateState                 text22       002B26
_MCP23S17_Write                       text23       002D38
_NCO1ACCH                             (abs)        000441
_NCO1ACCL                             (abs)        000440
_NCO1ACCU                             (abs)        000442
_NCO1CLK                              (abs)        000447
_NCO1CON                              (abs)        000446
_NCO1INCH                             (abs)        000444
_NCO1INCL                             (abs)        000443
_NCO1INCU                             (abs)        000445
_NCO1_ISR                             text67       00302C
_NCO1_Initialize                      text4        002C4C
_ODCONC                               (abs)        000412
_OSCFRQ                               (abs)        0000B1
_PIE3bits                             (abs)        0004A1
_PIE7bits                             (abs)        0004A5
_PIR3bits                             (abs)        0004B1
_PIR6bits                             (abs)        0004B4
_RA4PPS                               (abs)        000205
_RA5PPS                               (abs)        000206
_RA6PPS                               (abs)        000207
_RC2PPS                               (abs)        000213
_RC3I2C                               (abs)        000287
_RC3PPS                               (abs)        000214
_RC4PPS                               (abs)        000215
_RC6PPS                               (abs)        000217
_SPI1BAUD                             (abs)        000089
_SPI1CLK                              (abs)        00008C
_SPI1CON0                             (abs)        000084
_SPI1CON0bits                         (abs)        000084
_SPI1CON1                             (abs)        000085
_SPI1CON2                             (abs)        000086
_SPI1INTFbits                         (abs)        00008A
_SPI1RXB                              (abs)        000080
_SPI1SCKPPS                           (abs)        00026A
_SPI1SDIPPS                           (abs)        00026B
_SPI1TCNTH                            (abs)        000083
_SPI1TCNTL                            (abs)        000082
_SPI1TXB                              (abs)        000081
_SPI1_BufferExchange                  text25       002A5A
_SPI1_BufferRead                      (abs)        000000
_SPI1_BufferWrite                     (abs)        000000
_SPI1_ByteExchange                    (abs)        000000
_SPI1_ByteRead                        (abs)        000000
_SPI1_ByteWrite                       (abs)        000000
_SPI1_Close                           (abs)        000000
_SPI1_Deinitialize                    (abs)        000000
_SPI1_Host                            smallconst   002501
_SPI1_Initialize                      text3        002A16
_SPI1_IsRxReady                       (abs)        000000
_SPI1_IsTxReady                       (abs)        000000
_SPI1_Open                            text6        00258A
_T2CLKCON                             (abs)        000326
_T2CON                                (abs)        000324
_T2HLT                                (abs)        000325
_T2PR                                 (abs)        000323
_T2RST                                (abs)        000327
_T2TMR                                (abs)        000322
_TMR2IF                               (abs)        00258B
_TMR2_ISR                             text63       003014
_TMR2_Initialize                      text35       002E6C
_TRISA                                (abs)        0004C6
_TRISA4                               (abs)        002634
_TRISA5                               (abs)        002635
_TRISA6                               (abs)        002636
_TRISA7                               (abs)        002637
_TRISB0                               (abs)        002638
_TRISB1                               (abs)        002639
_TRISB2                               (abs)        00263A
_TRISC2                               (abs)        002642
_TRISC3                               (abs)        002643
_TRISC4                               (abs)        002644
_TRISC5                               (abs)        002645
_TRISC6                               (abs)        002646
_TRISC7                               (abs)        002647
_TRISCbits                            (abs)        0004C8
_TimerCheck                           text21       002980
_TimerStart                           text20       002F6A
_U3BRG                                (abs)        0002D4
_U3ON                                 (abs)        001697
_U3RXB                                (abs)        0002C7
_U3RXEN                               (abs)        00168C
_U3RXIE                               (abs)        002538
_U3RXPPS                              (abs)        000276
_U3RX_ISR                             text64       002E48
_U3TXB                                (abs)        0002C9
_U3TXEN                               (abs)        00168D
_U3TXIE                               (abs)        002539
_U3TX_ISR                             text65       002DFC
_UART3_Initialize                     text2        0029D0
_UART3_Read                           text17       002D0E
_UART3_Write                          text19       002DD6
_WPUB0                                (abs)        002048
_WPUB1                                (abs)        002049
_WPUB2                                (abs)        00204A
__HRAM                                (abs)        000000
__H__absolute__                       __absolute__ 000000
__Habs1                               abs1         000000
__Hbank10                             bank10       000000
__Hbank11                             bank11       000000
__Hbank12                             bank12       000000
__Hbank13                             bank13       000000
__Hbank14                             bank14       000000
__Hbank15                             bank15       000000
__Hbank16                             bank16       000000
__Hbank17                             bank17       000000
__Hbank18                             bank18       000000
__Hbank19                             bank19       000000
__Hbank20                             bank20       000000
__Hbank21                             bank21       000000
__Hbank22                             bank22       000000
__Hbank23                             bank23       000000
__Hbank24                             bank24       000000
__Hbank25                             bank25       000000
__Hbank26                             bank26       000000
__Hbank27                             bank27       000000
__Hbank28                             bank28       000000
__Hbank29                             bank29       000000
__Hbank30                             bank30       000000
__Hbank31                             bank31       000000
__Hbank32                             bank32       000000
__Hbank33                             bank33       000000
__Hbank34                             bank34       000000
__Hbank35                             bank35       000000
__Hbank36                             bank36       000000
__Hbank5                              bank5        000000
__Hbank6                              bank6        000000
__Hbank7                              bank7        000000
__Hbank8                              bank8        000000
__Hbank9                              bank9        000000
__Hbigbss                             bigbss       000000
__Hbigdata                            bigdata      000000
__Hbigram                             bigram       000000
__Hbigsfr                             bigsfr       000000
__HbitbssCOMRAM                       bitbssCOMRAM 000000
__Hbss                                bss          000000
__HbssBANK5                           bssBANK5     000000
__HbssCOMRAM                          bssCOMRAM    000000
__Hcinit                              cinit        000000
__Hclrtext                            clrtext      000000
__Hcomram                             comram       000000
__Hconfig                             config       30000A
__Hconst                              const        000000
__HcstackCOMRAM                       cstackCOMRAM 000000
__Hdata                               data         000000
__Heeprom_data                        eeprom_data  000000
__Hfarbss                             farbss       000000
__Hfardata                            fardata      000000
__Hheap                               heap         000000
__Hibigdata                           ibigdata     000000
__Hidata                              idata        000000
__Hidloc                              idloc        000000
__Hifardata                           ifardata     000000
__Hinit                               init         000106
__Hintsave_regs                       intsave_regs 000000
__Hirdata                             irdata       000000
__Hivt0x8                             ivt0x8       000102
__Hmediumconst                        mediumconst  000000
__HnvFARRAM                           nvFARRAM     000000
__Hnvbit                              nvbit        000000
__Hnvrram                             nvrram       000000
__Hparam                              rparam       000000
__Hpowerup                            powerup      000000
__Hram                                ram          000000
__Hramtop                             ramtop       002500
__Hrbit                               rbit         000000
__Hrbss                               rbss         000000
__Hrdata                              rdata        000000
__Hreset_vec                          reset_vec    000004
__Hrparam                             rparam       000000
__Hsfr                                sfr          000000
__Hsmallconst                         smallconst   00258A
__Hspace_0                            (abs)        003036
__Hspace_1                            (abs)        002A52
__Hspace_2                            (abs)        000000
__Hspace_4                            (abs)        60000A
__Hstack                              stack        000000
__Hstruct                             struct       000000
__Htemp                               temp         000000
__Htext                               text         000000
__Htext0                              text0        000000
__Htext1                              text1        000000
__Htext10                             text10       000000
__Htext11                             text11       000000
__Htext12                             text12       000000
__Htext13                             text13       000000
__Htext14                             text14       000000
__Htext15                             text15       000000
__Htext16                             text16       000000
__Htext17                             text17       000000
__Htext18                             text18       000000
__Htext19                             text19       000000
__Htext2                              text2        000000
__Htext20                             text20       000000
__Htext21                             text21       000000
__Htext22                             text22       000000
__Htext23                             text23       000000
__Htext24                             text24       000000
__Htext25                             text25       000000
__Htext26                             text26       000000
__Htext27                             text27       000000
__Htext28                             text28       000000
__Htext29                             text29       000000
__Htext3                              text3        000000
__Htext30                             text30       000000
__Htext31                             text31       000000
__Htext32                             text32       000000
__Htext33                             text33       000000
__Htext34                             text34       000000
__Htext35                             text35       000000
__Htext36                             text36       000000
__Htext37                             text37       000000
__Htext38                             text38       000000
__Htext39                             text39       000000
__Htext4                              text4        000000
__Htext40                             text40       000000
__Htext41                             text41       000000
__Htext42                             text42       000000
__Htext43                             text43       000000
__Htext44                             text44       000000
__Htext45                             text45       000000
__Htext46                             text46       000000
__Htext47                             text47       000000
__Htext48                             text48       000000
__Htext49                             text49       000000
__Htext5                              text5        000000
__Htext50                             text50       000000
__Htext51                             text51       000000
__Htext52                             text52       000000
__Htext53                             text53       000000
__Htext54                             text54       000000
__Htext55                             text55       000000
__Htext56                             text56       000000
__Htext57                             text57       000000
__Htext58                             text58       000000
__Htext59                             text59       000000
__Htext6                              text6        000000
__Htext60                             text60       000000
__Htext61                             text61       000000
__Htext62                             text62       000000
__Htext63                             text63       000000
__Htext64                             text64       000000
__Htext65                             text65       000000
__Htext66                             text66       000000
__Htext67                             text67       000000
__Htext68                             text68       000000
__Htext7                              text7        000000
__Htext8                              text8        000000
__Htext9                              text9        000000
__LRAM                                (abs)        000001
__L__absolute__                       __absolute__ 000000
__Labs1                               abs1         000000
__Lbank10                             bank10       000000
__Lbank11                             bank11       000000
__Lbank12                             bank12       000000
__Lbank13                             bank13       000000
__Lbank14                             bank14       000000
__Lbank15                             bank15       000000
__Lbank16                             bank16       000000
__Lbank17                             bank17       000000
__Lbank18                             bank18       000000
__Lbank19                             bank19       000000
__Lbank20                             bank20       000000
__Lbank21                             bank21       000000
__Lbank22                             bank22       000000
__Lbank23                             bank23       000000
__Lbank24                             bank24       000000
__Lbank25                             bank25       000000
__Lbank26                             bank26       000000
__Lbank27                             bank27       000000
__Lbank28                             bank28       000000
__Lbank29                             bank29       000000
__Lbank30                             bank30       000000
__Lbank31                             bank31       000000
__Lbank32                             bank32       000000
__Lbank33                             bank33       000000
__Lbank34                             bank34       000000
__Lbank35                             bank35       000000
__Lbank36                             bank36       000000
__Lbank5                              bank5        000000
__Lbank6                              bank6        000000
__Lbank7                              bank7        000000
__Lbank8                              bank8        000000
__Lbank9                              bank9        000000
__Lbigbss                             bigbss       000000
__Lbigdata                            bigdata      000000
__Lbigram                             bigram       000000
__Lbigsfr                             bigsfr       000000
__LbitbssCOMRAM                       bitbssCOMRAM 000000
__Lbss                                bss          000000
__LbssBANK5                           bssBANK5     000000
__LbssCOMRAM                          bssCOMRAM    000000
__Lcinit                              cinit        000000
__Lclrtext                            clrtext      000000
__Lcomram                             comram       000000
__Lconfig                             config       000000
__Lconst                              const        000000
__LcstackCOMRAM                       cstackCOMRAM 000000
__Ldata                               data         000000
__Leeprom_data                        eeprom_data  000000
__Lfarbss                             farbss       000000
__Lfardata                            fardata      000000
__Lheap                               heap         000000
__Libigdata                           ibigdata     000000
__Lidata                              idata        000000
__Lidloc                              idloc        000000
__Lifardata                           ifardata     000000
__Linit                               init         000102
__Lintsave_regs                       intsave_regs 000000
__Lirdata                             irdata       000000
__Livt0x8                             ivt0x8       000008
__Lmediumconst                        mediumconst  000000
__LnvFARRAM                           nvFARRAM     000000
__Lnvbit                              nvbit        000000
__Lnvrram                             nvrram       000000
__Lparam                              rparam       000000
__Lpowerup                            powerup      000000
__Lram                                ram          000000
__Lramtop                             ramtop       002500
__Lrbit                               rbit         000000
__Lrbss                               rbss         000000
__Lrdata                              rdata        000000
__Lreset_vec                          reset_vec    000000
__Lrparam                             rparam       000000
__Lsfr                                sfr          000000
__Lsmallconst                         smallconst   002500
__Lspace_0                            (abs)        000000
__Lspace_1                            (abs)        000000
__Lspace_2                            (abs)        000000
__Lspace_4                            (abs)        000000
__Lstack                              stack        000000
__Lstruct                             struct       000000
__Ltemp                               temp         000000
__Ltext                               text         000000
__Ltext0                              text0        000000
__Ltext1                              text1        000000
__Ltext10                             text10       000000
__Ltext11                             text11       000000
__Ltext12                             text12       000000
__Ltext13                             text13       000000
__Ltext14                             text14       000000
__Ltext15                             text15       000000
__Ltext16                             text16       000000
__Ltext17                             text17       000000
__Ltext18                             text18       000000
__Ltext19                             text19       000000
__Ltext2                              text2        000000
__Ltext20                             text20       000000
__Ltext21                             text21       000000
__Ltext22                             text22       000000
__Ltext23                             text23       000000
__Ltext24                             text24       000000
__Ltext25                             text25       000000
__Ltext26                             text26       000000
__Ltext27                             text27       000000
__Ltext28                             text28       000000
__Ltext29                             text29       000000
__Ltext3                              text3        000000
__Ltext30                             text30       000000
__Ltext31                             text31       000000
__Ltext32                             text32       000000
__Ltext33                             text33       000000
__Ltext34                             text34       000000
__Ltext35                             text35       000000
__Ltext36                             text36       000000
__Ltext37                             text37       000000
__Ltext38                             text38       000000
__Ltext39                             text39       000000
__Ltext4                              text4        000000
__Ltext40                             text40       000000
__Ltext41                             text41       000000
__Ltext42                             text42       000000
__Ltext43                             text43       000000
__Ltext44                             text44       000000
__Ltext45                             text45       000000
__Ltext46                             text46       000000
__Ltext47                             text47       000000
__Ltext48                             text48       000000
__Ltext49                             text49       000000
__Ltext5                              text5        000000
__Ltext50                             text50       000000
__Ltext51                             text51       000000
__Ltext52                             text52       000000
__Ltext53                             text53       000000
__Ltext54                             text54       000000
__Ltext55                             text55       000000
__Ltext56                             text56       000000
__Ltext57                             text57       000000
__Ltext58                             text58       000000
__Ltext59                             text59       000000
__Ltext6                              text6        000000
__Ltext60                             text60       000000
__Ltext61                             text61       000000
__Ltext62                             text62       000000
__Ltext63                             text63       000000
__Ltext64                             text64       000000
__Ltext65                             text65       000000
__Ltext66                             text66       000000
__Ltext67                             text67       000000
__Ltext68                             text68       000000
__Ltext7                              text7        000000
__Ltext8                              text8        000000
__Ltext9                              text9        000000
__S0                                  (abs)        003036
__S1                                  (abs)        000570
__S4                                  (abs)        000000
__S5                                  (abs)        000000
___heap_hi                            (abs)        000000
___heap_lo                            (abs)        000000
___inthi_sp                           stack        000000
___inthi_stack_hi                     stack        000000
___inthi_stack_lo                     stack        000000
___intlo_sp                           stack        000000
___intlo_stack_hi                     stack        000000
___intlo_stack_lo                     stack        000000
___param_bank                         (abs)        000000
___rparam_used                        (abs)        000001
___sp                                 stack        000000
___stack_hi                           stack        000000
___stack_lo                           stack        000000
__accesstop                           (abs)        000560
__activetblptr                        (abs)        000003
__end_ofEchoHex@hex_table             smallconst   002559
__end_of_CLC1_Enable                  text13       003026
__end_of_CLC1_Initialize              text12       002980
__end_of_DEFAULT_ISR                  text62       003036
__end_of_EchoStr                      text18       002CE0
__end_of_I2C1_AddrTransmit            text33       002FC6
__end_of_I2C1_BufferClear             text48       002FF6
__end_of_I2C1_BusReset                text56       002C18
__end_of_I2C1_CallbackRegister        text11       002EDC
__end_of_I2C1_Close                   text45       002DB0
__end_of_I2C1_CounterGet              text40       00302A
__end_of_I2C1_CounterSet              text32       002FBE
__end_of_I2C1_DataReceive             text60       003014
__end_of_I2C1_DataTransmit            text39       002FCE
__end_of_I2C1_DefaultCallback         text55       003032
__end_of_I2C1_ERROR_ISR               text49       00276E
__end_of_I2C1_ErrorFlagsClear         text47       002FEE
__end_of_I2C1_Host                    smallconst   002549
__end_of_I2C1_ISR                     text36       002BA2
__end_of_I2C1_Initialize              text9        0027F2
__end_of_I2C1_InterruptsClear         text46       002FE6
__end_of_I2C1_InterruptsDisable       text58       002F6A
__end_of_I2C1_InterruptsEnable        text10       002F46
__end_of_I2C1_IsAddr                  text54       002FB6
__end_of_I2C1_IsBusCol                text53       002F86
__end_of_I2C1_IsBusTimeOut            text52       002FAA
__end_of_I2C1_IsBusy                  text34       002F0C
__end_of_I2C1_IsData                  text51       002F9E
__end_of_I2C1_IsNack                  text50       002F92
__end_of_I2C1_RX_ISR                  text59       002F20
__end_of_I2C1_ReadStart               text41       002EC4
__end_of_I2C1_RestartDisable          text38       003008
__end_of_I2C1_RestartEnable           text31       003002
__end_of_I2C1_StartSend               text30       002FFC
__end_of_I2C1_StopSend                text37       002EA8
__end_of_I2C1_TX_ISR                  text61       002F34
__end_of_I2C1_Write                   text28       002B26
__end_of_I2C1_WriteRead               text27       002AE2
__end_of_I2C1_WriteStart              text29       002E46
__end_of_INT0_ISR                     text66       003022
__end_of_MCP23017_Initialize          text7        002C4C
__end_of_MCP23017_UpdateState         text26       0026DA
__end_of_MCP23017_Write               text8        002CB0
__end_of_MCP23S17_Initialize          text5        002BDE
__end_of_MCP23S17_Read                text24       002D88
__end_of_MCP23S17_UpdateState         text22       002B64
__end_of_MCP23S17_Write               text23       002D60
__end_of_NCO1_ISR                     text67       003030
__end_of_NCO1_Initialize              text4        002C7E
__end_of_SPI1_BufferExchange          text25       002A9E
__end_of_SPI1_Host                    smallconst   00252B
__end_of_SPI1_Initialize              text3        002A5A
__end_of_SPI1_Open                    text6        002646
__end_of_TMR2_ISR                     text63       00301A
__end_of_TMR2_Initialize              text35       002E8C
__end_of_TimerCheck                   text21       0029D0
__end_of_TimerStart                   text20       002F78
__end_of_U3RX_ISR                     text64       002E6C
__end_of_U3TX_ISR                     text65       002E22
__end_of_UART3_Initialize             text2        002A16
__end_of_UART3_Read                   text17       002D38
__end_of_UART3_Write                  text19       002DFC
__end_of__initialization              cinit        002D08
__end_of_acu8_msg_awake               smallconst   002576
__end_of_acu8_msg_reset               smallconst   002589
__end_of_loop                         text14       0028C6
__end_of_main                         text0        002DD6
__end_of_request_in                   text16       00292A
__end_of_setup                        text1        002860
__end_of_spi1_configuration           smallconst   002563
__end_of_update_out                   text15       002EF4
__end_ofi2_I2C1_AddrTransmit          text44       002FDE
__end_ofi2_I2C1_CounterSet            text43       002FD6
__end_ofi2_I2C1_InterruptsEnable      text57       002F58
__end_ofi2_I2C1_StartSend             text42       00300E
__initialization                      cinit        002CE0
__mediumconst                         mediumconst  000000
__pbitbssCOMRAM                       bitbssCOMRAM 002A50
__pbssBANK5                           bssBANK5     000560
__pbssCOMRAM                          bssCOMRAM    000501
__pcinit                              cinit        002CE0
__pcstackCOMRAM                       cstackCOMRAM 000536
__pivt0x8                             ivt0x8       000008
__psmallconst                         smallconst   002500
__ptext0                              text0        002DB0
__ptext1                              text1        0027F2
__ptext10                             text10       002F34
__ptext11                             text11       002EC4
__ptext12                             text12       00292A
__ptext13                             text13       003022
__ptext14                             text14       002860
__ptext15                             text15       002EDC
__ptext16                             text16       0028C6
__ptext17                             text17       002D0E
__ptext18                             text18       002CB0
__ptext19                             text19       002DD6
__ptext2                              text2        0029D0
__ptext20                             text20       002F6A
__ptext21                             text21       002980
__ptext22                             text22       002B26
__ptext23                             text23       002D38
__ptext24                             text24       002D60
__ptext25                             text25       002A5A
__ptext26                             text26       002646
__ptext27                             text27       002A9E
__ptext28                             text28       002AE2
__ptext29                             text29       002E22
__ptext3                              text3        002A16
__ptext30                             text30       002FF6
__ptext31                             text31       002FFC
__ptext32                             text32       002FB6
__ptext33                             text33       002FBE
__ptext34                             text34       002EF4
__ptext35                             text35       002E6C
__ptext36                             text36       002B64
__ptext37                             text37       002E8C
__ptext38                             text38       003002
__ptext39                             text39       002FC6
__ptext4                              text4        002C4C
__ptext40                             text40       003026
__ptext41                             text41       002EA8
__ptext42                             text42       003008
__ptext43                             text43       002FCE
__ptext44                             text44       002FD6
__ptext45                             text45       002D88
__ptext46                             text46       002FDE
__ptext47                             text47       002FE6
__ptext48                             text48       002FEE
__ptext49                             text49       0026DC
__ptext5                              text5        002BA2
__ptext50                             text50       002F86
__ptext51                             text51       002F92
__ptext52                             text52       002F9E
__ptext53                             text53       002F78
__ptext54                             text54       002FAA
__ptext55                             text55       003030
__ptext56                             text56       002BDE
__ptext57                             text57       002F46
__ptext58                             text58       002F58
__ptext59                             text59       002F0C
__ptext6                              text6        00258A
__ptext60                             text60       00300E
__ptext61                             text61       002F20
__ptext62                             text62       003034
__ptext63                             text63       003014
__ptext64                             text64       002E48
__ptext65                             text65       002DFC
__ptext66                             text66       00301C
__ptext67                             text67       00302C
__ptext68                             text68       000000
__ptext7                              text7        002C18
__ptext8                              text8        002C7E
__ptext9                              text9        00276E
__ramtop                              ramtop       002500
__smallconst                          smallconst   002500
_acu8_msg_awake                       smallconst   002563
_acu8_msg_reset                       smallconst   002576
_au8_data_i2c_write                   bssCOMRAM    00052F
_au8_data_spi_buffer                  bssCOMRAM    00052C
_au8_rx_buffer                        bssCOMRAM    000501
_au8_tx_buffer                        bssBANK5     000560
_bit_flag                             bitbssCOMRAM 002A51
_bit_state                            bitbssCOMRAM 002A50
_i2c1Status                           bssCOMRAM    000511
_loop                                 text14       002860
_main                                 text0        002DB0
_request_in                           text16       0028C6
_setup                                text1        0027F2
_spi1_configuration                   smallconst   002559
_u16_timer_1s                         bssCOMRAM    000533
_u16_timer_200m                       bssCOMRAM    000531
_u8_count_out                         bssCOMRAM    000524
_u8_data_i2c_read                     bssCOMRAM    000535
_u8_data_spi_read                     bssCOMRAM    000521
_u8_rx_count                          bssCOMRAM    000528
_u8_rx_head                           bssCOMRAM    00052A
_u8_rx_tail                           bssCOMRAM    000529
_u8_state_i2c                         bssCOMRAM    000523
_u8_state_spi                         bssCOMRAM    000522
_u8_sys_counter                       bssCOMRAM    00052B
_u8_tx_count                          bssCOMRAM    000525
_u8_tx_head                           bssCOMRAM    000527
_u8_tx_tail                           bssCOMRAM    000526
_update_out                           text15       002EDC
end_of_initialization                 cinit        002D08
i2I2C1_AddrTransmit@addr              cstackCOMRAM 000536
i2I2C1_CounterSet@counter             cstackCOMRAM 000537
i2_I2C1_AddrTransmit                  text44       002FD6
i2_I2C1_CounterSet                    text43       002FCE
i2_I2C1_InterruptsEnable              text57       002F46
i2_I2C1_StartSend                     text42       003008
intlevel0                             text         000000
intlevel1                             text         000000
intlevel2                             text         000000
intlevel3                             text         000000
isa$std                               (abs)        000001
isa$xinst                             (abs)        000000
ivt0x8_base                           ivt0x8       000008
ivt0x8_undefint                       ivt0x8       000100
loop@chk_val                          cstackCOMRAM 000549
request_in@data_recv                  cstackCOMRAM 000540
stackhi                               (abs)        000000
stacklo                               (abs)        000000
start                                 init         000102
start_initialization                  cinit        002CE0


MODULE INFORMATION

Module		Function		Class		Link	Load	Size
mmc/system.c
		_TMR2_ISR      		CODE           	3014	0000	6
		_TMR2_Initialize		CODE           	2E6C	0000	32
		_main          		CODE           	2DB0	0000	38
		_DEFAULT_ISR   		CODE           	3034	0000	2
		_EchoStr       		CODE           	2CB0	0000	48
		_TimerStart    		CODE           	2F6A	0000	14
		_TimerCheck    		CODE           	2980	0000	80

mmc/system.c estimated size: 220

mix_sam04.c
		_loop          		CODE           	2860	0000	102
		_MCP23017_UpdateState		CODE           	2646	0000	148
		_MCP23S17_UpdateState		CODE           	2B26	0000	62
		_request_in    		CODE           	28C6	0000	100
		_MCP23S17_Read 		CODE           	2D60	0000	40
		_MCP23017_Initialize		CODE           	2C18	0000	52
		_MCP23S17_Initialize		CODE           	2BA2	0000	60
		_MCP23017_Write		CODE           	2C7E	0000	50
		_MCP23S17_Write		CODE           	2D38	0000	40
		_update_out    		CODE           	2EDC	0000	24
		_setup         		CODE           	27F2	0000	110
		_INT0_ISR      		CODE           	301C	0000	6

mix_sam04.c estimated size: 794

mmc/clc1.c
		_CLC1_Initialize		CODE           	292A	0000	86
		_CLC1_Enable   		CODE           	3022	0000	4

mmc/clc1.c estimated size: 90

mmc/nco1.c
		_NCO1_ISR      		CODE           	302C	0000	4
		_NCO1_Initialize		CODE           	2C4C	0000	50

mmc/nco1.c estimated size: 54

mmc/spi1.c
		_SPI1_BufferExchange		CODE           	2A5A	0000	68
		_SPI1_Open     		CODE           	258A	0000	188
		_SPI1_Initialize		CODE           	2A16	0000	68

mmc/spi1.c estimated size: 324

mmc/i2c1.c
		_I2C1_CallbackRegister		CODE           	2EC4	0000	24
		_I2C1_RX_ISR   		CODE           	2F0C	0000	20
		_I2C1_InterruptsEnable		CODE           	2F34	0000	18
		_I2C1_WriteStart		CODE           	2E22	0000	36
		_I2C1_CounterGet		CODE           	3026	0000	4
		_I2C1_CounterSet		CODE           	2FB6	0000	8
		_I2C1_ReadStart		CODE           	2EA8	0000	28
		_I2C1_InterruptsClear		CODE           	2FDE	0000	8
		_I2C1_RestartEnable		CODE           	2FFC	0000	6
		_I2C1_ISR      		CODE           	2B64	0000	62
		_I2C1_DataReceive		CODE           	300E	0000	6
		_I2C1_IsData   		CODE           	2F92	0000	12
		_I2C1_IsNack   		CODE           	2F86	0000	12
		_I2C1_IsAddr   		CODE           	2FAA	0000	12
		_I2C1_IsBusy   		CODE           	2EF4	0000	24
		_I2C1_InterruptsDisable		CODE           	2F58	0000	18
		_I2C1_BufferClear		CODE           	2FEE	0000	8
		_I2C1_BusReset 		CODE           	2BDE	0000	58
		_I2C1_Initialize		CODE           	276E	0000	132
		_I2C1_Close    		CODE           	2D88	0000	40
		_I2C1_IsBusCol 		CODE           	2F78	0000	14
		_I2C1_ERROR_ISR		CODE           	26DC	0000	146
		_I2C1_Write    		CODE           	2AE2	0000	68
		_I2C1_ErrorFlagsClear		CODE           	2FE6	0000	8
		_I2C1_TX_ISR   		CODE           	2F20	0000	20
		_I2C1_StopSend 		CODE           	2E8C	0000	28
		_I2C1_RestartDisable		CODE           	3002	0000	6
		_I2C1_DataTransmit		CODE           	2FC6	0000	8
		_I2C1_AddrTransmit		CODE           	2FBE	0000	8
		_I2C1_IsBusTimeOut		CODE           	2F9E	0000	12
		_I2C1_DefaultCallback		CODE           	3030	0000	2
		_I2C1_WriteRead		CODE           	2A9E	0000	68
		_I2C1_StartSend		CODE           	2FF6	0000	6

mmc/i2c1.c estimated size: 930

mmc/uart3.c
		_UART3_Read    		CODE           	2D0E	0000	42
		_UART3_Write   		CODE           	2DD6	0000	38
		_U3RX_ISR      		CODE           	2E48	0000	36
		_U3TX_ISR      		CODE           	2DFC	0000	38
		_UART3_Initialize		CODE           	29D0	0000	70

mmc/uart3.c estimated size: 224

shared
		i2_I2C1_CounterSet		CODE           	2FCE	0000	8
		_acu8_msg_awake		SMALLCONST     	2563	0000	19
		_acu8_msg_reset		SMALLCONST     	2576	0000	19
		i2_I2C1_InterruptsEnable		CODE           	2F46	0000	18
		i2_I2C1_AddrTransmit		CODE           	2FD6	0000	8
		__initialization		CODE           	2CE0	0000	40
		_I2C1_Host     		SMALLCONST     	252B	0000	30
		_SPI1_Host     		SMALLCONST     	2501	0000	42
		_spi1_configuration		SMALLCONST     	2559	0000	10
		i2_I2C1_StartSend		CODE           	3008	0000	6
		EchoHex@hex_table		SMALLCONST     	0000	0000	0

shared estimated size: 200

