Microchip MPLAB XC8 Compiler V2.45

Linker command line:

-W-3 \
  --edf=C:\Program Files\Microchip\xc8\v2.45\pic\dat\20230818022343_en.msgs \
  -pivt0x8=08h -cn -h+dist/default/production\mix_sam04.X.production.sym \
  --cmf=dist/default/production\mix_sam04.X.production.cmf -z -Q18F47Q43 \
  -oC:\Users\hseiyama\AppData\Local\Temp\xcAsok0.\driver_tmp_3.o \
  --defsym=__MPLAB_BUILD=1 --fixupoverflow=error \
  -Mdist/default/production/mix_sam04.X.production.map \
  --md=C:\Users\hseiyama\AppData\Local\Temp\xcAsok0.\driver_tmp_0.dat -E1 \
  -ver=XC8 Compiler --acfsm=1493 -ACODE=00h-01FFFFh -ACONST=00h-01FFFFh \
  -ASMALLCONST=02500h-025FFhx475 \
  -AMEDIUMCONST=02500h-0FFFFh,012500h-01FFFFh -ACOMRAM=0501h-055Fh \
  -AABS1=0500h-024FFh -ABIGRAM=0501h-024FFh \
  -ARAM=0560h-05FFh,0600h-06FFhx31 -ABANK5=0560h-05FFh -ABANK6=0600h-06FFh \
  -ABANK7=0700h-07FFh -ABANK8=0800h-08FFh -ABANK9=0900h-09FFh \
  -ABANK10=0A00h-0AFFh -ABANK11=0B00h-0BFFh -ABANK12=0C00h-0CFFh \
  -ABANK13=0D00h-0DFFh -ABANK14=0E00h-0EFFh -ABANK15=0F00h-0FFFh \
  -ABANK16=01000h-010FFh -ABANK17=01100h-011FFh -ABANK18=01200h-012FFh \
  -ABANK19=01300h-013FFh -ABANK20=01400h-014FFh -ABANK21=01500h-015FFh \
  -ABANK22=01600h-016FFh -ABANK23=01700h-017FFh -ABANK24=01800h-018FFh \
  -ABANK25=01900h-019FFh -ABANK26=01A00h-01AFFh -ABANK27=01B00h-01BFFh \
  -ABANK28=01C00h-01CFFh -ABANK29=01D00h-01DFFh -ABANK30=01E00h-01EFFh \
  -ABANK31=01F00h-01FFFh -ABANK32=02000h-020FFh -ABANK33=02100h-021FFh \
  -ABANK34=02200h-022FFh -ABANK35=02300h-023FFh -ABANK36=02400h-024FFh \
  -ASFR=00h-0FFhx4,0400h-045Fh,0460h-04FFh,02500h-025FFh \
  -ABIGSFR=00h-04FFh,02500h-025FFh -ACONFIG=0300000h-0300011h \
  -AIDLOC=0200000h-020003Fh -AEEDATA=0380000h-03803FFh -peeprom_data=EEDATA \
  -preset_vec=00h -ppowerup=CODE,init -pramtop=02500h \
  -psmallconst=SMALLCONST -pmediumconst=MEDIUMCONST -pconst=CONST \
  -AFARRAM=00h-00h \
  -prdata=COMRAM,nvrram=COMRAM,nvbit=COMRAM,rbss=COMRAM,rbit=COMRAM \
  -pfarbss=FARRAM,fardata=FARRAM,nvFARRAM=FARRAM \
  -pintsave_regs=BIGRAM,bigbss=BIGRAM,bigdata=BIGRAM -pbss=RAM \
  -pidata=CODE,irdata=CODE,ibigdata=CODE,ifardata=CODE -prparam=COMRAM \
  C:\Users\hseiyama\AppData\Local\Temp\xcAsok0.\driver_tmp_9.o \
  dist/default/production\mix_sam04.X.production.o 

Object code version is 3.11

Machine type is 18F47Q43



                Name                               Link     Load   Length Selector   Space Scale
C:\Users\hseiyama\AppData\Local\Temp\xcAsok0.\driver_tmp_9.o
                config                           300000   300000        A        0       4
                init                                102      102        4        4       0
                reset_vec                             0        0        4        0       0
dist/default/production\mix_sam04.X.production.o
                config                           300000   300000        A        0       4
                smallconst                         2500     2500       BE     1280       0
                ivt0x8                                8        8       FA        4       0
                text94                             359A     359A        2      D64       0
                text93                             3088     3088       38      BF5       0
                text92                             3598     3598        2      D64       0
                text91                             3596     3596        2      D64       0
                text90                             2B70     2B70       68      ADC       0
                text89                             3574     3574        6      D5D       0
                text88                             3594     3594        2      D64       0
                text87                             30C0     30C0       36      BF5       0
                text86                             3592     3592        2      D64       0
                text85                             34E6     34E6        C      CFA       0
                text84                             2FD4     2FD4       3E      BF5       0
                text83                             3588     3588        4      D62       0
                text82                             32AC     32AC       26      CAB       0
                text81                             331C     331C       24      CC7       0
                text80                             356C     356C        6      D5B       0
                text79                             3590     3590        2      D64       0
                text78                             33FC     33FC       14      CFA       0
                text77                             3564     3564        6      CFA       0
                text76                             33E8     33E8       14      CFA       0
                text75                             3434     3434       12      CFA       0
                text74                             3422     3422       12      CFA       0
                text73                             304E     304E       3A      BF5       0
                text72                             358C     358C        2      D62       0
                text71                             34DA     34DA        C      CFA       0
                text70                             34A8     34A8        E      CFA       0
                text69                             34CE     34CE        C      CFA       0
                text68                             34C2     34C2        C      CFA       0
                text67                             34B6     34B6        C      CFA       0
                text66                             28E4     28E4       94     12DF       0
                text65                             353E     353E        8      CFA       0
                text64                             3536     3536        8      CFA       0
                text63                             352E     352E        8      CFA       0
                text62                             3236     3236       28      BF5       0
                text61                             3526     3526        8      CFA       0
                text60                             351E     351E        8      CFA       0
                text59                             355E     355E        6      CFA       0
                text58                             339A     339A       1C      CC7       0
                text57                             3582     3582        4      D5D       0
                text56                             3516     3516        8      CFA       0
                text55                             3558     3558        6      CFA       0
                text54                             337E     337E       1C      CC7       0
                text53                             2F94     2F94       3E      ADC       0
                text52                             3340     3340       20      CC7       0
                text51                             33CE     33CE       18      CC7       0
                text50                             350E     350E        8      CFA       0
                text49                             3506     3506        8      CFA       0
                text48                             3552     3552        6      CFA       0
                text47                             354C     354C        6      CFA       0
                text46                             32F6     32F6       24      CAB       0
                text45                             2E90     2E90       44      ADC       0
                text44                             2E4C     2E4C       44      ADC       0
                text43                             284C     284C       98     12DF       0
                text42                             2E08     2E08       44      ADC       0
                text41                             320C     320C       2A      BF5       0
                text40                             31E2     31E2       2A      BF5       0
                text39                             2F16     2F16       40      ADC       0
                text38                             2C94     2C94       50      ADC       0
                text37                             349A     349A        E      CFA       0
                text36                             32D2     32D2       24      CAB       0
                text35                             357E     357E        4      D5D       0
                text34                             34FC     34FC        A      CFA       0
                text33                             31B8     31B8       2A      BF5       0
                text32                             3284     3284       26      BF5       0
                text31                             2CE4     2CE4       4E      ADC       0
                text30                             315A     315A       30      BF5       0
                text29                             3360     3360       1E      CC7       0
                text28                             25BE     25BE      11E     12DF       0
                text27                             34F2     34F2        A      CFA       0
                text26                             2A8C     2A8C       78     12DF       0
                text25                             2B04     2B04       6A     12DF       0
                text24                             2BD8     2BD8       66      ADC       0
                text23                             348C     348C        E      CFA       0
                text22                             2ED4     2ED4       42      ADC       0
                text21                             357A     357A        4      D5D       0
                text20                             2C3E     2C3E       56      ADC       0
                text19                             33B6     33B6       18      CC7       0
                text18                             3410     3410       12      CFA       0
                text17                             2A08     2A08       84     12DF       0
                text16                             3128     3128       32      BF5       0
                text15                             2F56     2F56       3E      ADC       0
                text14                             26DC     26DC       BC     12DF       0
                text13                             3012     3012       3C      BF5       0
                text12                             30F6     30F6       32      BF5       0
                text11                             347E     347E        E      CFA       0
                text10                             3470     3470        E      CFA       0
                text9                              3462     3462        E      CFA       0
                text8                              2978     2978       90     12DF       0
                text7                              2DC4     2DC4       44      ADC       0
                text6                              3454     3454        E      CFA       0
                text5                              3446     3446        E      CFA       0
                text4                              2D32     2D32       4C      ADC       0
                text3                              3546     3546        6      CFA       0
                text2                              2D7E     2D7E       46      ADC       0
                text1                              2798     2798       B4     12DF       0
                text0                              325E     325E       26      BF5       0
                cstackCOMRAM                        534      534       19      501       1
                cstackBANK5                         5B1      5B1        D      560       1
                bssBANK5                            560      560       51      560       1
                bssCOMRAM                           501      501       33      501       1
                bitbssCOMRAM                       2A68      54D        3      501       1     8
                cinit                              318A     318A       2E      BF5       0

TOTAL           Name                               Link     Load   Length     Space
        CLASS   CODE           
                init                                102      102        4         0
                reset_vec                             0        0        4         0
                ivt0x8                                8        8       FA         0
                text94                             359A     359A        2         0
                text93                             3088     3088       38         0
                text92                             3598     3598        2         0
                text91                             3596     3596        2         0
                text90                             2B70     2B70       68         0
                text89                             3574     3574        6         0
                text88                             3594     3594        2         0
                text87                             30C0     30C0       36         0
                text86                             3592     3592        2         0
                text85                             34E6     34E6        C         0
                text84                             2FD4     2FD4       3E         0
                text83                             3588     3588        4         0
                text82                             32AC     32AC       26         0
                text81                             331C     331C       24         0
                text80                             356C     356C        6         0
                text79                             3590     3590        2         0
                text78                             33FC     33FC       14         0
                text77                             3564     3564        6         0
                text76                             33E8     33E8       14         0
                text75                             3434     3434       12         0
                text74                             3422     3422       12         0
                text73                             304E     304E       3A         0
                text72                             358C     358C        2         0
                text71                             34DA     34DA        C         0
                text70                             34A8     34A8        E         0
                text69                             34CE     34CE        C         0
                text68                             34C2     34C2        C         0
                text67                             34B6     34B6        C         0
                text66                             28E4     28E4       94         0
                text65                             353E     353E        8         0
                text64                             3536     3536        8         0
                text63                             352E     352E        8         0
                text62                             3236     3236       28         0
                text61                             3526     3526        8         0
                text60                             351E     351E        8         0
                text59                             355E     355E        6         0
                text58                             339A     339A       1C         0
                text57                             3582     3582        4         0
                text56                             3516     3516        8         0
                text55                             3558     3558        6         0
                text54                             337E     337E       1C         0
                text53                             2F94     2F94       3E         0
                text52                             3340     3340       20         0
                text51                             33CE     33CE       18         0
                text50                             350E     350E        8         0
                text49                             3506     3506        8         0
                text48                             3552     3552        6         0
                text47                             354C     354C        6         0
                text46                             32F6     32F6       24         0
                text45                             2E90     2E90       44         0
                text44                             2E4C     2E4C       44         0
                text43                             284C     284C       98         0
                text42                             2E08     2E08       44         0
                text41                             320C     320C       2A         0
                text40                             31E2     31E2       2A         0
                text39                             2F16     2F16       40         0
                text38                             2C94     2C94       50         0
                text37                             349A     349A        E         0
                text36                             32D2     32D2       24         0
                text35                             357E     357E        4         0
                text34                             34FC     34FC        A         0
                text33                             31B8     31B8       2A         0
                text32                             3284     3284       26         0
                text31                             2CE4     2CE4       4E         0
                text30                             315A     315A       30         0
                text29                             3360     3360       1E         0
                text28                             25BE     25BE      11E         0
                text27                             34F2     34F2        A         0
                text26                             2A8C     2A8C       78         0
                text25                             2B04     2B04       6A         0
                text24                             2BD8     2BD8       66         0
                text23                             348C     348C        E         0
                text22                             2ED4     2ED4       42         0
                text21                             357A     357A        4         0
                text20                             2C3E     2C3E       56         0
                text19                             33B6     33B6       18         0
                text18                             3410     3410       12         0
                text17                             2A08     2A08       84         0
                text16                             3128     3128       32         0
                text15                             2F56     2F56       3E         0
                text14                             26DC     26DC       BC         0
                text13                             3012     3012       3C         0
                text12                             30F6     30F6       32         0
                text11                             347E     347E        E         0
                text10                             3470     3470        E         0
                text9                              3462     3462        E         0
                text8                              2978     2978       90         0
                text7                              2DC4     2DC4       44         0
                text6                              3454     3454        E         0
                text5                              3446     3446        E         0
                text4                              2D32     2D32       4C         0
                text3                              3546     3546        6         0
                text2                              2D7E     2D7E       46         0
                text1                              2798     2798       B4         0
                text0                              325E     325E       26         0
                cinit                              318A     318A       2E         0

        CLASS   CONST          

        CLASS   SMALLCONST     
                smallconst                         2500     2500       BE         0

        CLASS   MEDIUMCONST    

        CLASS   COMRAM         
                cstackCOMRAM                        534      534       19         1
                bssCOMRAM                           501      501       33         1
                bitbssCOMRAM                       2A68      54D        3         1

        CLASS   ABS1           

        CLASS   BIGRAM         

        CLASS   RAM            

        CLASS   BANK5          
                cstackBANK5                         5B1      5B1        D         1
                bssBANK5                            560      560       51         1

        CLASS   BANK6          

        CLASS   BANK7          

        CLASS   BANK8          

        CLASS   BANK9          

        CLASS   BANK10         

        CLASS   BANK11         

        CLASS   BANK12         

        CLASS   BANK13         

        CLASS   BANK14         

        CLASS   BANK15         

        CLASS   BANK16         

        CLASS   BANK17         

        CLASS   BANK18         

        CLASS   BANK19         

        CLASS   BANK20         

        CLASS   BANK21         

        CLASS   BANK22         

        CLASS   BANK23         

        CLASS   BANK24         

        CLASS   BANK25         

        CLASS   BANK26         

        CLASS   BANK27         

        CLASS   BANK28         

        CLASS   BANK29         

        CLASS   BANK30         

        CLASS   BANK31         

        CLASS   BANK32         

        CLASS   BANK33         

        CLASS   BANK34         

        CLASS   BANK35         

        CLASS   BANK36         

        CLASS   SFR            

        CLASS   BIGSFR         

        CLASS   CONFIG         
                config                           300000   300000        A         4

        CLASS   IDLOC          

        CLASS   EEDATA         

        CLASS   FARRAM         

        CLASS   HEAP           

        CLASS   STACK          



SEGMENTS        Name                           Load    Length   Top    Selector   Space  Class

                reset_vec                      000000  000004  000004         0       0  CODE    
                ivt0x8                         000008  0000FE  000106         4       0  CODE    
                bssCOMRAM                      000501  00004D  00054E       501       1  COMRAM  
                bssBANK5                       000560  00005E  0005BE       560       1  BANK5   
                smallconst                     002500  0000BE  0025BE      1280       0  SMALLCON
                text28                         0025BE  0005B0  002B6E      12DF       0  CODE    
                text90                         002B70  000462  002FD2       ADC       0  CODE    
                text84                         002FD4  0002D6  0032AA       BF5       0  CODE    
                text82                         0032AC  00006E  00331A       CAB       0  CODE    
                text81                         00331C  0000CA  0033E6       CC7       0  CODE    
                text76                         0033E8  000182  00356A       CFA       0  CODE    
                text80                         00356C  000006  003572       D5B       0  CODE    
                text89                         003574  000012  003586       D5D       0  CODE    
                text83                         003588  000006  00358E       D62       0  CODE    
                text79                         003590  00000C  00359C       D64       0  CODE    


UNUSED ADDRESS RANGES

        Name                Unused          Largest block    Delta
        BANK10           000A00-000AFF              100
        BANK11           000B00-000BFF              100
        BANK12           000C00-000CFF              100
        BANK13           000D00-000DFF              100
        BANK14           000E00-000EFF              100
        BANK15           000F00-000FFF              100
        BANK16           001000-0010FF              100
        BANK17           001100-0011FF              100
        BANK18           001200-0012FF              100
        BANK19           001300-0013FF              100
        BANK20           001400-0014FF              100
        BANK21           001500-0015FF              100
        BANK22           001600-0016FF              100
        BANK23           001700-0017FF              100
        BANK24           001800-0018FF              100
        BANK25           001900-0019FF              100
        BANK26           001A00-001AFF              100
        BANK27           001B00-001BFF              100
        BANK28           001C00-001CFF              100
        BANK29           001D00-001DFF              100
        BANK30           001E00-001EFF              100
        BANK31           001F00-001FFF              100
        BANK32           002000-0020FF              100
        BANK33           002100-0021FF              100
        BANK34           002200-0022FF              100
        BANK35           002300-0023FF              100
        BANK36           002400-0024FF              100
        BANK5            0005BE-0005FF               42
        BANK6            000600-0006FF              100
        BANK7            000700-0007FF              100
        BANK8            000800-0008FF              100
        BANK9            000900-0009FF              100
        BIGRAM           00054E-00055F               12
                         0005BE-0024FF             1F42
        BIGSFR           000000-0004FF              500
                         002500-0025FF              100
        CODE             000004-000007                4
                         000106-0024FF             23FA
                         002B6E-002B6F                2
                         002FD2-002FD3                2
                         0032AA-0032AB                2
                         00331A-00331B                2
                         0033E6-0033E7                2
                         00356A-00356B                2
                         003572-003573                2
                         003586-003587                2
                         00358E-00358F                2
                         00359C-01FFFF            1CA64
        COMRAM           00054E-00055F               12
        CONFIG           30000A-300011                8
        CONST            000004-000007                4
                         000106-0024FF             23FA
                         002B6E-002B6F                2
                         002FD2-002FD3                2
                         0032AA-0032AB                2
                         00331A-00331B                2
                         0033E6-0033E7                2
                         00356A-00356B                2
                         003572-003573                2
                         003586-003587                2
                         00358E-00358F                2
                         00359C-01FFFF            1CA64
        EEDATA           380000-3803FF              400
        IDLOC            200000-20003F               40
        MEDIUMCONST      002B6E-002B6F                2
                         002FD2-002FD3                2
                         0032AA-0032AB                2
                         00331A-00331B                2
                         0033E6-0033E7                2
                         00356A-00356B                2
                         003572-003573                2
                         003586-003587                2
                         00358E-00358F                2
                         00359C-00FFFF             CA64
                         012500-01FFFF             DB00
        RAM              0005BE-0024FF              100
        SFR              000000-0004FF              100
                         002500-0025FF              100
        SMALLCONST       002B6E-002B6F                2
                         002FD2-002FD3                2
                         0032AA-0032AB                2
                         00331A-00331B                2
                         0033E6-0033E7                2
                         00356A-00356B                2
                         003572-003573                2
                         003586-003587                2
                         00358E-00358F                2
                         00359C-01FFFF              100

                                  Symbol Table

?_ADCC_GetSingleConversion                                    cstackCOMRAM 000546
ADCC_GetSingleConversion@channel                              cstackCOMRAM 00054A
CCP1_CBK@data                                                 cstackCOMRAM 00053A
CCP1_CaptureISR@module                                        cstackCOMRAM 00053E
CCP1_SetCallBack@customCallBack                               cstackCOMRAM 000546
EchoHex@data                                                  cstackCOMRAM 000549
EchoHex@hex_table                                             smallconst   00255B
EchoStr@p_data                                                cstackCOMRAM 000547
I2C1_AddrTransmit@addr                                        cstackCOMRAM 000546
I2C1_CallbackRegister@callbackHandler                         cstackCOMRAM 000546
I2C1_CounterSet@counter                                       cstackCOMRAM 000546
I2C1_DataTransmit@data                                        cstackCOMRAM 000538
I2C1_Write@address                                            cstackCOMRAM 000547
I2C1_Write@data                                               cstackCOMRAM 000549
I2C1_Write@dataLength                                         cstackCOMRAM 00054B
I2C1_WriteRead@address                                        cstackBANK5  0005B1
I2C1_WriteRead@readData                                       cstackBANK5  0005B7
I2C1_WriteRead@readLength                                     cstackBANK5  0005B9
I2C1_WriteRead@writeData                                      cstackBANK5  0005B3
I2C1_WriteRead@writeLength                                    cstackBANK5  0005B5
IVTBASEH                                                      (abs)        00045E
IVTBASEL                                                      (abs)        00045D
IVTBASEU                                                      (abs)        00045F
MCP23017_Write@data                                           cstackBANK5  0005B1
MCP23017_Write@reg_addr                                       cstackBANK5  0005B2
MCP23S17_Read@reg_addr                                        cstackCOMRAM 00054C
MCP23S17_Write@data                                           cstackCOMRAM 00054C
MCP23S17_Write@reg_addr                                       cstackBANK5  0005B1
PWM1_16BIT_Period_SetInterruptHandler@InterruptHandler        cstackCOMRAM 000546
PWM1_16BIT_SetSlice1Output1DutyCycleRegister@registerValue    cstackCOMRAM 000546
PWM1_16BIT_SetSlice1Output2DutyCycleRegister@registerValue    cstackCOMRAM 000546
PWM1_16BIT_Slice1Output1_SetInterruptHandler@InterruptHandler cstackCOMRAM 000546
PWM1_16BIT_Slice1Output2_SetInterruptHandler@InterruptHandler cstackCOMRAM 000546
SPI1_BufferExchange@bufferData                                cstackCOMRAM 000546
SPI1_BufferExchange@bufferInput                               cstackCOMRAM 00054A
SPI1_BufferExchange@bufferSize                                cstackCOMRAM 000548
SPI1_Open@spiConfigIndex                                      cstackCOMRAM 000548
TMR1_GateCallbackRegister@CallbackHandler                     cstackCOMRAM 000546
TMR1_OverflowCallbackRegister@CallbackHandler                 cstackCOMRAM 000546
TimerCheck@p_timer                                            cstackCOMRAM 000546
TimerCheck@ret_val                                            cstackCOMRAM 00054C
TimerCheck@time                                               cstackCOMRAM 000548
TimerStart@p_timer                                            cstackCOMRAM 000546
U3RX_ISR@data                                                 cstackCOMRAM 000539
UART3_Read@data                                               cstackCOMRAM 000546
UART3_Write@data                                              cstackCOMRAM 000546
_ADACCH                                                       (abs)        0003E4
_ADACCL                                                       (abs)        0003E3
_ADACCU                                                       (abs)        0003E5
_ADACQH                                                       (abs)        0003EF
_ADACQL                                                       (abs)        0003EE
_ADACT                                                        (abs)        0003F9
_ADCAP                                                        (abs)        0003F0
_ADCC_GetSingleConversion                                     text36       0032D2
_ADCC_Initialize                                              text24       002BD8
_ADCLK                                                        (abs)        0003FA
_ADCNT                                                        (abs)        0003E6
_ADCON0                                                       (abs)        0003F3
_ADCON0bits                                                   (abs)        0003F3
_ADCON1                                                       (abs)        0003F4
_ADCON2                                                       (abs)        0003F5
_ADCON3                                                       (abs)        0003F6
_ADERRH                                                       (abs)        0003DE
_ADERRL                                                       (abs)        0003DD
_ADFLTRH                                                      (abs)        0003E2
_ADFLTRL                                                      (abs)        0003E1
_ADLTHH                                                       (abs)        0003DA
_ADLTHL                                                       (abs)        0003D9
_ADPCH                                                        (abs)        0003EC
_ADPREH                                                       (abs)        0003F2
_ADPREL                                                       (abs)        0003F1
_ADPREVH                                                      (abs)        0003E9
_ADPREVL                                                      (abs)        0003E8
_ADREF                                                        (abs)        0003F8
_ADRESH                                                       (abs)        0003EB
_ADRESL                                                       (abs)        0003EA
_ADRPT                                                        (abs)        0003E7
_ADSTAT                                                       (abs)        0003F7
_ADSTPTH                                                      (abs)        0003E0
_ADSTPTL                                                      (abs)        0003DF
_ADUTHH                                                       (abs)        0003DC
_ADUTHL                                                       (abs)        0003DB
_ANSELA                                                       (abs)        000400
_ANSELA4                                                      (abs)        002004
_ANSELA5                                                      (abs)        002005
_ANSELA6                                                      (abs)        002006
_ANSELA7                                                      (abs)        002007
_ANSELB0                                                      (abs)        002040
_ANSELB1                                                      (abs)        002041
_ANSELB2                                                      (abs)        002042
_ANSELB4                                                      (abs)        002044
_ANSELB5                                                      (abs)        002045
_ANSELC0                                                      (abs)        002080
_ANSELC1                                                      (abs)        002081
_ANSELC2                                                      (abs)        002082
_ANSELC3                                                      (abs)        002083
_ANSELC4                                                      (abs)        002084
_ANSELC5                                                      (abs)        002085
_ANSELC6                                                      (abs)        002086
_ANSELC7                                                      (abs)        002087
_CCP1CAP                                                      (abs)        000343
_CCP1CON                                                      (abs)        000342
_CCP1PPS                                                      (abs)        00024F
_CCP1_CBK                                                     text85       0034E6
_CCP1_CallBack                                                bssBANK5     0005A9
_CCP1_CaptureISR                                              text84       002FD4
_CCP1_DefaultCallBack                                         text86       003592
_CCP1_Initialize                                              text22       002ED4
_CCP1_SetCallBack                                             text23       00348C
_CCPR1H                                                       (abs)        000341
_CCPR1L                                                       (abs)        000340
_CCPTMRS0bits                                                 (abs)        00034C
_CLC1_Enable                                                  text21       00357A
_CLC1_Initialize                                              text20       002C3E
_CLCDATA                                                      (abs)        0000D4
_CLCIN2PPS                                                    (abs)        000263
_CLCIN3PPS                                                    (abs)        000264
_CLCSELECT                                                    (abs)        0000D5
_CLCnCON                                                      (abs)        0000D6
_CLCnCONbits                                                  (abs)        0000D6
_CLCnGLS0                                                     (abs)        0000DC
_CLCnGLS1                                                     (abs)        0000DD
_CLCnGLS2                                                     (abs)        0000DE
_CLCnGLS3                                                     (abs)        0000DF
_CLCnPOL                                                      (abs)        0000D7
_CLCnSEL0                                                     (abs)        0000D8
_CLCnSEL1                                                     (abs)        0000D9
_CLCnSEL2                                                     (abs)        0000DA
_CLCnSEL3                                                     (abs)        0000DB
_DEFAULT_ISR                                                  text79       003590
_EchoHex                                                      text31       002CE4
_EchoStr                                                      text30       00315A
_GIE                                                          (abs)        0026B7
_I2C1ADB1                                                     (abs)        00028F
_I2C1CLK                                                      (abs)        00029C
_I2C1CNT                                                      (abs)        00028D
_I2C1CON0                                                     (abs)        000294
_I2C1CON0bits                                                 (abs)        000294
_I2C1CON1                                                     (abs)        000295
_I2C1CON1bits                                                 (abs)        000295
_I2C1CON2                                                     (abs)        000296
_I2C1ERR                                                      (abs)        000297
_I2C1ERRbits                                                  (abs)        000297
_I2C1PIE                                                      (abs)        00029B
_I2C1PIEbits                                                  (abs)        00029B
_I2C1PIR                                                      (abs)        00029A
_I2C1PIRbits                                                  (abs)        00029A
_I2C1RXB                                                      (abs)        00028B
_I2C1SCLPPS                                                   (abs)        000271
_I2C1SDAPPS                                                   (abs)        000270
_I2C1STAT0bits                                                (abs)        000298
_I2C1STAT1                                                    (abs)        000299
_I2C1STAT1bits                                                (abs)        000299
_I2C1TXB                                                      (abs)        00028C
_I2C1_AddrTransmit                                            text50       00350E
_I2C1_BufferClear                                             text65       00353E
_I2C1_BusReset                                                text73       00304E
_I2C1_Callback                                                bssBANK5     0005AC
_I2C1_CallbackRegister                                        text19       0033B6
_I2C1_Close                                                   text62       003236
_I2C1_CounterGet                                              text57       003582
_I2C1_CounterSet                                              text49       003506
_I2C1_DataReceive                                             text77       003564
_I2C1_DataTransmit                                            text56       003516
_I2C1_DefaultCallback                                         text72       00358C
_I2C1_Deinitialize                                            (abs)        000000
_I2C1_ERROR_ISR                                               text66       0028E4
_I2C1_ErrorFlagsClear                                         text64       003536
_I2C1_ErrorGet                                                (abs)        000000
_I2C1_Host                                                    smallconst   00252B
_I2C1_ISR                                                     text53       002F94
_I2C1_Initialize                                              text17       002A08
_I2C1_InterruptsClear                                         text63       00352E
_I2C1_InterruptsDisable                                       text75       003434
_I2C1_InterruptsEnable                                        text18       003410
_I2C1_IsAddr                                                  text71       0034DA
_I2C1_IsBusCol                                                text70       0034A8
_I2C1_IsBusTimeOut                                            text69       0034CE
_I2C1_IsBusy                                                  text51       0033CE
_I2C1_IsBusy$613                                              cstackCOMRAM 000546
_I2C1_IsData                                                  text68       0034C2
_I2C1_IsNack                                                  text67       0034B6
_I2C1_RX_ISR                                                  text76       0033E8
_I2C1_Read                                                    (abs)        000000
_I2C1_ReadStart                                               text58       00339A
_I2C1_RestartDisable                                          text55       003558
_I2C1_RestartEnable                                           text48       003552
_I2C1_StartSend                                               text47       00354C
_I2C1_StopSend                                                text54       00337E
_I2C1_TX_ISR                                                  text78       0033FC
_I2C1_Write                                                   text45       002E90
_I2C1_WriteRead                                               text44       002E4C
_I2C1_WriteStart                                              text46       0032F6
_INT0EDG                                                      (abs)        0026B0
_INT0IE                                                       (abs)        0024F8
_INT0IF                                                       (abs)        002578
_INT0_ISR                                                     text89       003574
_LATA                                                         (abs)        0004BE
_LATA4                                                        (abs)        0025F4
_LATA5                                                        (abs)        0025F5
_LATA6                                                        (abs)        0025F6
_LATC0                                                        (abs)        002600
_LATC1                                                        (abs)        002601
_LATC2                                                        (abs)        002602
_LATC3                                                        (abs)        002603
_LATC7                                                        (abs)        002607
_MCP23017_Initialize                                          text15       002F56
_MCP23017_UpdateState                                         text43       00284C
_MCP23017_Write                                               text16       003128
_MCP23S17_Initialize                                          text13       003012
_MCP23S17_Read                                                text41       00320C
_MCP23S17_UpdateState                                         text39       002F16
_MCP23S17_Write                                               text40       0031E2
_NCO1ACCH                                                     (abs)        000441
_NCO1ACCL                                                     (abs)        000440
_NCO1ACCU                                                     (abs)        000442
_NCO1CLK                                                      (abs)        000447
_NCO1CON                                                      (abs)        000446
_NCO1INCH                                                     (abs)        000444
_NCO1INCL                                                     (abs)        000443
_NCO1INCU                                                     (abs)        000445
_NCO1_ISR                                                     text83       003588
_NCO1_Initialize                                              text12       0030F6
_ODCONC                                                       (abs)        000412
_OSCFRQ                                                       (abs)        0000B1
_PIE3bits                                                     (abs)        0004A1
_PIE4bits                                                     (abs)        0004A2
_PIE7bits                                                     (abs)        0004A5
_PIR1bits                                                     (abs)        0004AF
_PIR2bits                                                     (abs)        0004B0
_PIR3bits                                                     (abs)        0004B1
_PIR4bits                                                     (abs)        0004B2
_PIR6bits                                                     (abs)        0004B4
_PWM1CLK                                                      (abs)        000461
_PWM1CON                                                      (abs)        000469
_PWM1CONbits                                                  (abs)        000469
_PWM1CPRE                                                     (abs)        000465
_PWM1ERS                                                      (abs)        000460
_PWM1GIE                                                      (abs)        000468
_PWM1GIEbits                                                  (abs)        000468
_PWM1GIR                                                      (abs)        000467
_PWM1GIRbits                                                  (abs)        000467
_PWM1LDS                                                      (abs)        000462
_PWM1PIPOS                                                    (abs)        000466
_PWM1PRH                                                      (abs)        000464
_PWM1PRL                                                      (abs)        000463
_PWM1S1CFG                                                    (abs)        00046A
_PWM1S1P1H                                                    (abs)        00046C
_PWM1S1P1L                                                    (abs)        00046B
_PWM1S1P2H                                                    (abs)        00046E
_PWM1S1P2L                                                    (abs)        00046D
_PWM1_16BIT_Initialize                                        text8        002978
_PWM1_16BIT_LoadBufferRegisters                               text35       00357E
_PWM1_16BIT_PWMI_ISR                                          text90       002B70
_PWM1_16BIT_PWMPI_ISR                                         text93       003088
_PWM1_16BIT_Period_DefaultInterruptHandler                    text94       00359A
_PWM1_16BIT_Period_InterruptHandler                           bssBANK5     0005A0
_PWM1_16BIT_Period_SetInterruptHandler                        text11       00347E
_PWM1_16BIT_SetSlice1Output1DutyCycleRegister                 text34       0034FC
_PWM1_16BIT_SetSlice1Output2DutyCycleRegister                 text27       0034F2
_PWM1_16BIT_Slice1Output1_DefaultInterruptHandler             text92       003598
_PWM1_16BIT_Slice1Output1_InterruptHandler                    bssCOMRAM    000511
_PWM1_16BIT_Slice1Output1_SetInterruptHandler                 text10       003470
_PWM1_16BIT_Slice1Output2_DefaultInterruptHandler             text91       003596
_PWM1_16BIT_Slice1Output2_InterruptHandler                    bssCOMRAM    00050E
_PWM1_16BIT_Slice1Output2_SetInterruptHandler                 text9        003462
_RA4PPS                                                       (abs)        000205
_RA5PPS                                                       (abs)        000206
_RA6PPS                                                       (abs)        000207
_RB5PPS                                                       (abs)        00020E
_RC0PPS                                                       (abs)        000211
_RC1PPS                                                       (abs)        000212
_RC2PPS                                                       (abs)        000213
_RC3I2C                                                       (abs)        000287
_RC3PPS                                                       (abs)        000214
_RC4PPS                                                       (abs)        000215
_RC6PPS                                                       (abs)        000217
_SPI1BAUD                                                     (abs)        000089
_SPI1CLK                                                      (abs)        00008C
_SPI1CON0                                                     (abs)        000084
_SPI1CON0bits                                                 (abs)        000084
_SPI1CON1                                                     (abs)        000085
_SPI1CON2                                                     (abs)        000086
_SPI1INTFbits                                                 (abs)        00008A
_SPI1RXB                                                      (abs)        000080
_SPI1SCKPPS                                                   (abs)        00026A
_SPI1SDIPPS                                                   (abs)        00026B
_SPI1TCNTH                                                    (abs)        000083
_SPI1TCNTL                                                    (abs)        000082
_SPI1TXB                                                      (abs)        000081
_SPI1_BufferExchange                                          text42       002E08
_SPI1_BufferRead                                              (abs)        000000
_SPI1_BufferWrite                                             (abs)        000000
_SPI1_ByteExchange                                            (abs)        000000
_SPI1_ByteRead                                                (abs)        000000
_SPI1_ByteWrite                                               (abs)        000000
_SPI1_Close                                                   (abs)        000000
_SPI1_Deinitialize                                            (abs)        000000
_SPI1_Host                                                    smallconst   002501
_SPI1_Initialize                                              text7        002DC4
_SPI1_IsRxReady                                               (abs)        000000
_SPI1_IsTxReady                                               (abs)        000000
_SPI1_Open                                                    text14       0026DC
_T1CLK                                                        (abs)        000321
_T1CON                                                        (abs)        00031E
_T1CONbits                                                    (abs)        00031E
_T1GATE                                                       (abs)        000320
_T1GCON                                                       (abs)        00031F
_T2CLKCON                                                     (abs)        000326
_T2CON                                                        (abs)        000324
_T2HLT                                                        (abs)        000325
_T2PR                                                         (abs)        000323
_T2RST                                                        (abs)        000327
_T2TMR                                                        (abs)        000322
_TMR1H                                                        (abs)        00031D
_TMR1L                                                        (abs)        00031C
_TMR1_DefaultGateCallback                                     text88       003594
_TMR1_DefaultOverflowCallback                                 (abs)        000000
_TMR1_GateCallback                                            bssCOMRAM    000514
_TMR1_GateCallbackRegister                                    text6        003454
_TMR1_GateISR                                                 text87       0030C0
_TMR1_Initialize                                              text4        002D32
_TMR1_InterruptHandler                                        bssBANK5     0005A6
_TMR1_OverflowCallback                                        bssBANK5     0005A3
_TMR1_OverflowCallbackRegister                                text5        003446
_TMR1_Start                                                   text3        003546
_TMR1_Stop                                                    (abs)        000000
_TMR1_Tasks                                                   (abs)        000000
_TMR1_Write                                                   (abs)        000000
_TMR2IF                                                       (abs)        00258B
_TMR2_ISR                                                     text80       00356C
_TMR2_Initialize                                              text52       003340
_TRISA                                                        (abs)        0004C6
_TRISA4                                                       (abs)        002634
_TRISA5                                                       (abs)        002635
_TRISA6                                                       (abs)        002636
_TRISA7                                                       (abs)        002637
_TRISB0                                                       (abs)        002638
_TRISB1                                                       (abs)        002639
_TRISB2                                                       (abs)        00263A
_TRISB4                                                       (abs)        00263C
_TRISB5                                                       (abs)        00263D
_TRISC0                                                       (abs)        002640
_TRISC1                                                       (abs)        002641
_TRISC2                                                       (abs)        002642
_TRISC3                                                       (abs)        002643
_TRISC4                                                       (abs)        002644
_TRISC5                                                       (abs)        002645
_TRISC6                                                       (abs)        002646
_TRISC7                                                       (abs)        002647
_TRISCbits                                                    (abs)        0004C8
_Timer1                                                       smallconst   002549
_TimerCheck                                                   text38       002C94
_TimerStart                                                   text37       00349A
_U3BRG                                                        (abs)        0002D4
_U3ON                                                         (abs)        001697
_U3RXB                                                        (abs)        0002C7
_U3RXEN                                                       (abs)        00168C
_U3RXIE                                                       (abs)        002538
_U3RXPPS                                                      (abs)        000276
_U3RX_ISR                                                     text81       00331C
_U3TXB                                                        (abs)        0002C9
_U3TXEN                                                       (abs)        00168D
_U3TXIE                                                       (abs)        002539
_U3TX_ISR                                                     text82       0032AC
_UART3_Initialize                                             text2        002D7E
_UART3_Read                                                   text33       0031B8
_UART3_Write                                                  text32       003284
_WPUB0                                                        (abs)        002048
_WPUB1                                                        (abs)        002049
_WPUB2                                                        (abs)        00204A
_WPUB5                                                        (abs)        00204D
__HRAM                                                        (abs)        000000
__H__absolute__                                               __absolute__ 000000
__Habs1                                                       abs1         000000
__Hbank10                                                     bank10       000000
__Hbank11                                                     bank11       000000
__Hbank12                                                     bank12       000000
__Hbank13                                                     bank13       000000
__Hbank14                                                     bank14       000000
__Hbank15                                                     bank15       000000
__Hbank16                                                     bank16       000000
__Hbank17                                                     bank17       000000
__Hbank18                                                     bank18       000000
__Hbank19                                                     bank19       000000
__Hbank20                                                     bank20       000000
__Hbank21                                                     bank21       000000
__Hbank22                                                     bank22       000000
__Hbank23                                                     bank23       000000
__Hbank24                                                     bank24       000000
__Hbank25                                                     bank25       000000
__Hbank26                                                     bank26       000000
__Hbank27                                                     bank27       000000
__Hbank28                                                     bank28       000000
__Hbank29                                                     bank29       000000
__Hbank30                                                     bank30       000000
__Hbank31                                                     bank31       000000
__Hbank32                                                     bank32       000000
__Hbank33                                                     bank33       000000
__Hbank34                                                     bank34       000000
__Hbank35                                                     bank35       000000
__Hbank36                                                     bank36       000000
__Hbank5                                                      bank5        000000
__Hbank6                                                      bank6        000000
__Hbank7                                                      bank7        000000
__Hbank8                                                      bank8        000000
__Hbank9                                                      bank9        000000
__Hbigbss                                                     bigbss       000000
__Hbigdata                                                    bigdata      000000
__Hbigram                                                     bigram       000000
__Hbigsfr                                                     bigsfr       000000
__HbitbssCOMRAM                                               bitbssCOMRAM 000000
__Hbss                                                        bss          000000
__HbssBANK5                                                   bssBANK5     000000
__HbssCOMRAM                                                  bssCOMRAM    000000
__Hcinit                                                      cinit        000000
__Hclrtext                                                    clrtext      000000
__Hcomram                                                     comram       000000
__Hconfig                                                     config       30000A
__Hconst                                                      const        000000
__HcstackBANK5                                                cstackBANK5  000000
__HcstackCOMRAM                                               cstackCOMRAM 000000
__Hdata                                                       data         000000
__Heeprom_data                                                eeprom_data  000000
__Hfarbss                                                     farbss       000000
__Hfardata                                                    fardata      000000
__Hheap                                                       heap         000000
__Hibigdata                                                   ibigdata     000000
__Hidata                                                      idata        000000
__Hidloc                                                      idloc        000000
__Hifardata                                                   ifardata     000000
__Hinit                                                       init         000106
__Hintsave_regs                                               intsave_regs 000000
__Hirdata                                                     irdata       000000
__Hivt0x8                                                     ivt0x8       000102
__Hmediumconst                                                mediumconst  000000
__HnvFARRAM                                                   nvFARRAM     000000
__Hnvbit                                                      nvbit        000000
__Hnvrram                                                     nvrram       000000
__Hparam                                                      rparam       000000
__Hpowerup                                                    powerup      000000
__Hram                                                        ram          000000
__Hramtop                                                     ramtop       002500
__Hrbit                                                       rbit         000000
__Hrbss                                                       rbss         000000
__Hrdata                                                      rdata        000000
__Hreset_vec                                                  reset_vec    000004
__Hrparam                                                     rparam       000000
__Hsfr                                                        sfr          000000
__Hsmallconst                                                 smallconst   0025BE
__Hspace_0                                                    (abs)        00359C
__Hspace_1                                                    (abs)        002A6B
__Hspace_2                                                    (abs)        000000
__Hspace_4                                                    (abs)        60000A
__Hstack                                                      stack        000000
__Hstruct                                                     struct       000000
__Htemp                                                       temp         000000
__Htext                                                       text         000000
__Htext0                                                      text0        000000
__Htext1                                                      text1        000000
__Htext10                                                     text10       000000
__Htext11                                                     text11       000000
__Htext12                                                     text12       000000
__Htext13                                                     text13       000000
__Htext14                                                     text14       000000
__Htext15                                                     text15       000000
__Htext16                                                     text16       000000
__Htext17                                                     text17       000000
__Htext18                                                     text18       000000
__Htext19                                                     text19       000000
__Htext2                                                      text2        000000
__Htext20                                                     text20       000000
__Htext21                                                     text21       000000
__Htext22                                                     text22       000000
__Htext23                                                     text23       000000
__Htext24                                                     text24       000000
__Htext25                                                     text25       000000
__Htext26                                                     text26       000000
__Htext27                                                     text27       000000
__Htext28                                                     text28       000000
__Htext29                                                     text29       000000
__Htext3                                                      text3        000000
__Htext30                                                     text30       000000
__Htext31                                                     text31       000000
__Htext32                                                     text32       000000
__Htext33                                                     text33       000000
__Htext34                                                     text34       000000
__Htext35                                                     text35       000000
__Htext36                                                     text36       000000
__Htext37                                                     text37       000000
__Htext38                                                     text38       000000
__Htext39                                                     text39       000000
__Htext4                                                      text4        000000
__Htext40                                                     text40       000000
__Htext41                                                     text41       000000
__Htext42                                                     text42       000000
__Htext43                                                     text43       000000
__Htext44                                                     text44       000000
__Htext45                                                     text45       000000
__Htext46                                                     text46       000000
__Htext47                                                     text47       000000
__Htext48                                                     text48       000000
__Htext49                                                     text49       000000
__Htext5                                                      text5        000000
__Htext50                                                     text50       000000
__Htext51                                                     text51       000000
__Htext52                                                     text52       000000
__Htext53                                                     text53       000000
__Htext54                                                     text54       000000
__Htext55                                                     text55       000000
__Htext56                                                     text56       000000
__Htext57                                                     text57       000000
__Htext58                                                     text58       000000
__Htext59                                                     text59       000000
__Htext6                                                      text6        000000
__Htext60                                                     text60       000000
__Htext61                                                     text61       000000
__Htext62                                                     text62       000000
__Htext63                                                     text63       000000
__Htext64                                                     text64       000000
__Htext65                                                     text65       000000
__Htext66                                                     text66       000000
__Htext67                                                     text67       000000
__Htext68                                                     text68       000000
__Htext69                                                     text69       000000
__Htext7                                                      text7        000000
__Htext70                                                     text70       000000
__Htext71                                                     text71       000000
__Htext72                                                     text72       000000
__Htext73                                                     text73       000000
__Htext74                                                     text74       000000
__Htext75                                                     text75       000000
__Htext76                                                     text76       000000
__Htext77                                                     text77       000000
__Htext78                                                     text78       000000
__Htext79                                                     text79       000000
__Htext8                                                      text8        000000
__Htext80                                                     text80       000000
__Htext81                                                     text81       000000
__Htext82                                                     text82       000000
__Htext83                                                     text83       000000
__Htext84                                                     text84       000000
__Htext85                                                     text85       000000
__Htext86                                                     text86       000000
__Htext87                                                     text87       000000
__Htext88                                                     text88       000000
__Htext89                                                     text89       000000
__Htext9                                                      text9        000000
__Htext90                                                     text90       000000
__Htext91                                                     text91       000000
__Htext92                                                     text92       000000
__Htext93                                                     text93       000000
__Htext94                                                     text94       000000
__Htext95                                                     text95       000000
__LRAM                                                        (abs)        000001
__L__absolute__                                               __absolute__ 000000
__Labs1                                                       abs1         000000
__Lbank10                                                     bank10       000000
__Lbank11                                                     bank11       000000
__Lbank12                                                     bank12       000000
__Lbank13                                                     bank13       000000
__Lbank14                                                     bank14       000000
__Lbank15                                                     bank15       000000
__Lbank16                                                     bank16       000000
__Lbank17                                                     bank17       000000
__Lbank18                                                     bank18       000000
__Lbank19                                                     bank19       000000
__Lbank20                                                     bank20       000000
__Lbank21                                                     bank21       000000
__Lbank22                                                     bank22       000000
__Lbank23                                                     bank23       000000
__Lbank24                                                     bank24       000000
__Lbank25                                                     bank25       000000
__Lbank26                                                     bank26       000000
__Lbank27                                                     bank27       000000
__Lbank28                                                     bank28       000000
__Lbank29                                                     bank29       000000
__Lbank30                                                     bank30       000000
__Lbank31                                                     bank31       000000
__Lbank32                                                     bank32       000000
__Lbank33                                                     bank33       000000
__Lbank34                                                     bank34       000000
__Lbank35                                                     bank35       000000
__Lbank36                                                     bank36       000000
__Lbank5                                                      bank5        000000
__Lbank6                                                      bank6        000000
__Lbank7                                                      bank7        000000
__Lbank8                                                      bank8        000000
__Lbank9                                                      bank9        000000
__Lbigbss                                                     bigbss       000000
__Lbigdata                                                    bigdata      000000
__Lbigram                                                     bigram       000000
__Lbigsfr                                                     bigsfr       000000
__LbitbssCOMRAM                                               bitbssCOMRAM 000000
__Lbss                                                        bss          000000
__LbssBANK5                                                   bssBANK5     000000
__LbssCOMRAM                                                  bssCOMRAM    000000
__Lcinit                                                      cinit        000000
__Lclrtext                                                    clrtext      000000
__Lcomram                                                     comram       000000
__Lconfig                                                     config       000000
__Lconst                                                      const        000000
[...]
__mediumconst                                                 mediumconst  000000
__pbitbssCOMRAM                                               bitbssCOMRAM 002A68
__pbssBANK5                                                   bssBANK5     000560
__pbssCOMRAM                                                  bssCOMRAM    000501
__pcinit                                                      cinit        00318A
__pcstackBANK5                                                cstackBANK5  0005B1
__pcstackCOMRAM                                               cstackCOMRAM 000534
__pivt0x8                                                     ivt0x8       000008
__psmallconst                                                 smallconst   002500
__ptext0                                                      text0        00325E
__ptext1                                                      text1        002798
__ptext10                                                     text10       003470
__ptext11                                                     text11       00347E
__ptext12                                                     text12       0030F6
__ptext13                                                     text13       003012
__ptext14                                                     text14       0026DC
__ptext15                                                     text15       002F56
__ptext16                                                     text16       003128
__ptext17                                                     text17       002A08
__ptext18                                                     text18       003410
__ptext19                                                     text19       0033B6
__ptext2                                                      text2        002D7E
__ptext20                                                     text20       002C3E
__ptext21                                                     text21       00357A
__ptext22                                                     text22       002ED4
__ptext23                                                     text23       00348C
__ptext24                                                     text24       002BD8
__ptext25                                                     text25       002B04
__ptext26                                                     text26       002A8C
__ptext27                                                     text27       0034F2
__ptext28                                                     text28       0025BE
__ptext29                                                     text29       003360
__ptext3                                                      text3        003546
__ptext30                                                     text30       00315A
__ptext31                                                     text31       002CE4
__ptext32                                                     text32       003284
__ptext33                                                     text33       0031B8
__ptext34                                                     text34       0034FC
__ptext35                                                     text35       00357E
__ptext36                                                     text36       0032D2
__ptext37                                                     text37       00349A
__ptext38                                                     text38       002C94
__ptext39                                                     text39       002F16
__ptext4                                                      text4        002D32
__ptext40                                                     text40       0031E2
__ptext41                                                     text41       00320C
__ptext42                                                     text42       002E08
__ptext43                                                     text43       00284C
__ptext44                                                     text44       002E4C
__ptext45                                                     text45       002E90
__ptext46                                                     text46       0032F6
__ptext47                                                     text47       00354C
__ptext48                                                     text48       003552
__ptext49                                                     text49       003506
__ptext5                                                      text5        003446
__ptext50                                                     text50       00350E
__ptext51                                                     text51       0033CE
__ptext52                                                     text52       003340
__ptext53                                                     text53       002F94
__ptext54                                                     text54       00337E
__ptext55                                                     text55       003558
__ptext56                                                     text56       003516
__ptext57                                                     text57       003582
__ptext58                                                     text58       00339A
__ptext59                                                     text59       00355E
__ptext6                                                      text6        003454
__ptext60                                                     text60       00351E
__ptext61                                                     text61       003526
__ptext62                                                     text62       003236
__ptext63                                                     text63       00352E
__ptext64                                                     text64       003536
__ptext65                                                     text65       00353E
__ptext66                                                     text66       0028E4
__ptext67                                                     text67       0034B6
__ptext68                                                     text68       0034C2
__ptext69                                                     text69       0034CE
__ptext7                                                      text7        002DC4
__ptext70                                                     text70       0034A8
__ptext71                                                     text71       0034DA
__ptext72                                                     text72       00358C
__ptext73                                                     text73       00304E
__ptext74                                                     text74       003422
__ptext75                                                     text75       003434
__ptext76                                                     text76       0033E8
__ptext77                                                     text77       003564
__ptext78                                                     text78       0033FC
__ptext79                                                     text79       003590
__ptext8                                                      text8        002978
__ptext80                                                     text80       00356C
__ptext81                                                     text81       00331C
__ptext82                                                     text82       0032AC
__ptext83                                                     text83       003588
__ptext84                                                     text84       002FD4
__ptext85                                                     text85       0034E6
__ptext86                                                     text86       003592
__ptext87                                                     text87       0030C0
__ptext88                                                     text88       003594
__ptext89                                                     text89       003574
__ptext9                                                      text9        003462
__ptext90                                                     text90       002B70
__ptext91                                                     text91       003596
__ptext92                                                     text92       003598
__ptext93                                                     text93       003088
__ptext94                                                     text94       00359A
__ptext95                                                     text95       000000
__ramtop                                                      ramtop       002500
__smallconst                                                  smallconst   002500
_acu8_msg_awake                                               smallconst   002575
_acu8_msg_reset                                               smallconst   002588
_au8_data_i2c_write                                           bssCOMRAM    00052D
_au8_data_spi_buffer                                          bssCOMRAM    00052A
_au8_rx_buffer                                                bssBANK5     000580
_au8_tx_buffer                                                bssBANK5     000560
_bit_event_200ms                                              bitbssCOMRAM 002A6A
_bit_event_ccp                                                bitbssCOMRAM 002A68
_bit_state_uart                                               bitbssCOMRAM 002A69
_i2c1Status                                                   bssCOMRAM    000501
_loop                                                         text25       002B04
_main                                                         text0        00325E
_print_vale                                                   text29       003360
_request_in                                                   text28       0025BE
_s16_diff_pwm2                                                bssCOMRAM    000517
_setup                                                        text1        002798
_spi1_configuration                                           smallconst   00256B
_timer1ReloadVal                                              bssBANK5     0005AF
_u16_data_adcc                                                bssCOMRAM    00051B
_u16_data_ccp                                                 bssCOMRAM    00051D
_u16_data_pwm2                                                bssCOMRAM    000519
_u16_timer_1s                                                 bssCOMRAM    000531
_u16_timer_200m                                               bssCOMRAM    00052F
_u8_count_out                                                 bssCOMRAM    000522
_u8_data_i2c_read                                             bssCOMRAM    000533
_u8_data_spi_read                                             bssCOMRAM    00051F
_u8_rx_count                                                  bssCOMRAM    000526
_u8_rx_head                                                   bssCOMRAM    000528
_u8_rx_tail                                                   bssCOMRAM    000527
_u8_state_i2c                                                 bssCOMRAM    000521
_u8_state_spi                                                 bssCOMRAM    000520
_u8_sys_counter                                               bssCOMRAM    000529
_u8_tx_count                                                  bssCOMRAM    000523
_u8_tx_head                                                   bssCOMRAM    000525
_u8_tx_tail                                                   bssCOMRAM    000524
_update_out                                                   text26       002A8C
end_of_initialization                                         cinit        0031B2
i2I2C1_AddrTransmit@addr                                      cstackCOMRAM 000534
i2I2C1_CounterSet@counter                                     cstackCOMRAM 000535
i2_I2C1_AddrTransmit                                          text61       003526
i2_I2C1_CounterSet                                            text60       00351E
i2_I2C1_InterruptsEnable                                      text74       003422
i2_I2C1_StartSend                                             text59       00355E
intlevel0                                                     text         000000
intlevel1                                                     text         000000
intlevel2                                                     text         000000
intlevel3                                                     text         000000
isa$std                                                       (abs)        000001
isa$xinst                                                     (abs)        000000
ivt0x8_base                                                   ivt0x8       000008
ivt0x8_undefint                                               ivt0x8       000100
loop@chk_val                                                  cstackBANK5  0005BD
print_vale@data                                               cstackCOMRAM 00054A
print_vale@p_msg                                              cstackCOMRAM 00054C
request_in@data_recv                                          cstackBANK5  0005B3
stackhi                                                       (abs)        000000
stacklo                                                       (abs)        000000
start                                                         init         000102
start_initialization                                          cinit        00318A


MODULE INFORMATION

Module		Function		Class		Link	Load	Size
mmc/adcc.c
		_ADCC_GetSingleConversion		CODE           	32D2	0000	36
		_ADCC_Initialize		CODE           	2BD8	0000	102

mmc/adcc.c estimated size: 138

mmc/system.c
		_TMR2_ISR      		CODE           	356C	0000	6
		_TMR2_Initialize		CODE           	3340	0000	32
		_main          		CODE           	325E	0000	38
		_DEFAULT_ISR   		CODE           	3590	0000	2
		_EchoStr       		CODE           	315A	0000	48
		_TimerStart    		CODE           	349A	0000	14
		_EchoHex       		CODE           	2CE4	0000	78
		_TimerCheck    		CODE           	2C94	0000	80

mmc/system.c estimated size: 298

mix_sam04.c
		_loop          		CODE           	2B04	0000	106
		_MCP23017_UpdateState		CODE           	284C	0000	152
		_MCP23S17_UpdateState		CODE           	2F16	0000	64
		_request_in    		CODE           	25BE	0000	286
		_MCP23S17_Read 		CODE           	320C	0000	42
		_MCP23017_Initialize		CODE           	2F56	0000	62
		_MCP23S17_Initialize		CODE           	3012	0000	60
		_MCP23017_Write		CODE           	3128	0000	50
		_MCP23S17_Write		CODE           	31E2	0000	42
		_update_out    		CODE           	2A8C	0000	120
		_print_vale    		CODE           	3360	0000	30
		_CCP1_CBK      		CODE           	34E6	0000	12
		_setup         		CODE           	2798	0000	180
		_INT0_ISR      		CODE           	3574	0000	6

mix_sam04.c estimated size: 1212

mmc/pwm1_16bit.c
		_PWM1_16BIT_Period_SetInterruptHandler		CODE           	347E	0000	14
		_PWM1_16BIT_Slice1Output1_SetInterruptHandler		CODE           	3470	0000	14
		_PWM1_16BIT_Slice1Output2_SetInterruptHandler		CODE           	3462	0000	14
		_PWM1_16BIT_Initialize		CODE           	2978	0000	144
		_PWM1_16BIT_LoadBufferRegisters		CODE           	357E	0000	4
		_PWM1_16BIT_PWMI_ISR		CODE           	2B70	0000	104
		_PWM1_16BIT_PWMPI_ISR		CODE           	3088	0000	56
		_PWM1_16BIT_SetSlice1Output1DutyCycleRegister		CODE           	34FC	0000	10
		_PWM1_16BIT_SetSlice1Output2DutyCycleRegister		CODE           	34F2	0000	10
		_PWM1_16BIT_Slice1Output1_DefaultInterruptHandler		CODE           	3598	0000	2
		_PWM1_16BIT_Slice1Output2_DefaultInterruptHandler		CODE           	3596	0000	2
		_PWM1_16BIT_Period_DefaultInterruptHandler		CODE           	359A	0000	2

mmc/pwm1_16bit.c estimated size: 376

mmc/clc1.c
		_CLC1_Initialize		CODE           	2C3E	0000	86
		_CLC1_Enable   		CODE           	357A	0000	4

mmc/clc1.c estimated size: 90

mmc/ccp1.c
		_CCP1_SetCallBack		CODE           	348C	0000	14
		_CCP1_CaptureISR		CODE           	2FD4	0000	62
		_CCP1_DefaultCallBack		CODE           	3592	0000	2
		_CCP1_Initialize		CODE           	2ED4	0000	66

mmc/ccp1.c estimated size: 144

mmc/nco1.c
		_NCO1_ISR      		CODE           	3588	0000	4
		_NCO1_Initialize		CODE           	30F6	0000	50

mmc/nco1.c estimated size: 54

mmc/spi1.c
		_SPI1_BufferExchange		CODE           	2E08	0000	68
		_SPI1_Open     		CODE           	26DC	0000	188
		_SPI1_Initialize		CODE           	2DC4	0000	68

mmc/spi1.c estimated size: 324

mmc/i2c1.c
		_I2C1_CallbackRegister		CODE           	33B6	0000	24
		_I2C1_RX_ISR   		CODE           	33E8	0000	20
		_I2C1_InterruptsEnable		CODE           	3410	0000	18
		_I2C1_WriteStart		CODE           	32F6	0000	36
		_I2C1_CounterGet		CODE           	3582	0000	4
		_I2C1_CounterSet		CODE           	3506	0000	8
		_I2C1_ReadStart		CODE           	339A	0000	28
		_I2C1_InterruptsClear		CODE           	352E	0000	8
		_I2C1_RestartEnable		CODE           	3552	0000	6
		_I2C1_ISR      		CODE           	2F94	0000	62
		_I2C1_DataReceive		CODE           	3564	0000	6
		_I2C1_IsData   		CODE           	34C2	0000	12
		_I2C1_IsNack   		CODE           	34B6	0000	12
		_I2C1_IsAddr   		CODE           	34DA	0000	12
		_I2C1_IsBusy   		CODE           	33CE	0000	24
		_I2C1_InterruptsDisable		CODE           	3434	0000	18
		_I2C1_BufferClear		CODE           	353E	0000	8
		_I2C1_BusReset 		CODE           	304E	0000	58
		_I2C1_Initialize		CODE           	2A08	0000	132
		_I2C1_Close    		CODE           	3236	0000	40
		_I2C1_IsBusCol 		CODE           	34A8	0000	14
		_I2C1_ERROR_ISR		CODE           	28E4	0000	148
		_I2C1_Write    		CODE           	2E90	0000	68
		_I2C1_ErrorFlagsClear		CODE           	3536	0000	8
		_I2C1_TX_ISR   		CODE           	33FC	0000	20
		_I2C1_StopSend 		CODE           	337E	0000	28
		_I2C1_RestartDisable		CODE           	3558	0000	6
		_I2C1_DataTransmit		CODE           	3516	0000	8
		_I2C1_AddrTransmit		CODE           	350E	0000	8
		_I2C1_IsBusTimeOut		CODE           	34CE	0000	12
		_I2C1_DefaultCallback		CODE           	358C	0000	2
		_I2C1_WriteRead		CODE           	2E4C	0000	68
		_I2C1_StartSend		CODE           	354C	0000	6

mmc/i2c1.c estimated size: 932

mmc/uart3.c
		_UART3_Read    		CODE           	31B8	0000	42
		_UART3_Write   		CODE           	3284	0000	38
		_U3RX_ISR      		CODE           	331C	0000	36
		_U3TX_ISR      		CODE           	32AC	0000	38
		_UART3_Initialize		CODE           	2D7E	0000	70

mmc/uart3.c estimated size: 224

shared
		_Timer1        		SMALLCONST     	2549	0000	18
		i2_I2C1_CounterSet		CODE           	351E	0000	8
		_acu8_msg_awake		SMALLCONST     	2575	0000	19
		_acu8_msg_reset		SMALLCONST     	2588	0000	19
		i2_I2C1_InterruptsEnable		CODE           	3422	0000	18
		i2_I2C1_AddrTransmit		CODE           	3526	0000	8
		__initialization		CODE           	318A	0000	40
		_I2C1_Host     		SMALLCONST     	252B	0000	30
		_SPI1_Host     		SMALLCONST     	2501	0000	42
		_spi1_configuration		SMALLCONST     	256B	0000	10
		i2_I2C1_StartSend		CODE           	355E	0000	6
		EchoHex@hex_table		SMALLCONST     	255B	0000	16

shared estimated size: 234

mmc/tmr1.c
		_TMR1_Initialize		CODE           	2D32	0000	76
		_TMR1_Start    		CODE           	3546	0000	6
		_TMR1_OverflowCallbackRegister		CODE           	3446	0000	14
		_TMR1_GateCallbackRegister		CODE           	3454	0000	14
		_TMR1_DefaultGateCallback		CODE           	3594	0000	2
		_TMR1_GateISR  		CODE           	30C0	0000	54

mmc/tmr1.c estimated size: 166

