Microchip MPLAB XC8 Compiler V2.45

Linker command line:

-W-3 \
  --edf=C:\Program Files\Microchip\xc8\v2.45\pic\dat\20230818022343_en.msgs \
  -pivt0x8=08h -cn -h+dist/default/production\mcc_sam04.X.production.sym \
  --cmf=dist/default/production\mcc_sam04.X.production.cmf -z -Q18F47Q43 \
  -oC:\Users\hseiyama\AppData\Local\Temp\xcAs6bo.\driver_tmp_3.o \
  --defsym=__MPLAB_BUILD=1 --fixupoverflow=error \
  -Mdist/default/production/mcc_sam04.X.production.map \
  --md=C:\Users\hseiyama\AppData\Local\Temp\xcAs6bo.\driver_tmp_0.dat -E1 \
  -ver=XC8 Compiler --acfsm=1493 -ACODE=00h-01FFFFh -ACONST=00h-01FFFFh \
  -ASMALLCONST=02500h-025FFhx475 \
  -AMEDIUMCONST=02500h-0FFFFh,012500h-01FFFFh -ACOMRAM=0501h-055Fh \
  -AABS1=0500h-024FFh -ABIGRAM=0501h-024FFh \
  -ARAM=0560h-05FFh,0600h-06FFhx31 -ABANK5=0560h-05FFh -ABANK6=0600h-06FFh \
  -ABANK7=0700h-07FFh -ABANK8=0800h-08FFh -ABANK9=0900h-09FFh \
  -ABANK10=0A00h-0AFFh -ABANK11=0B00h-0BFFh -ABANK12=0C00h-0CFFh \
  -ABANK13=0D00h-0DFFh -ABANK14=0E00h-0EFFh -ABANK15=0F00h-0FFFh \
  -ABANK16=01000h-010FFh -ABANK17=01100h-011FFh -ABANK18=01200h-012FFh \
  -ABANK19=01300h-013FFh -ABANK20=01400h-014FFh -ABANK21=01500h-015FFh \
  -ABANK22=01600h-016FFh -ABANK23=01700h-017FFh -ABANK24=01800h-018FFh \
  -ABANK25=01900h-019FFh -ABANK26=01A00h-01AFFh -ABANK27=01B00h-01BFFh \
  -ABANK28=01C00h-01CFFh -ABANK29=01D00h-01DFFh -ABANK30=01E00h-01EFFh \
  -ABANK31=01F00h-01FFFh -ABANK32=02000h-020FFh -ABANK33=02100h-021FFh \
  -ABANK34=02200h-022FFh -ABANK35=02300h-023FFh -ABANK36=02400h-024FFh \
  -ASFR=00h-0FFhx4,0400h-045Fh,0460h-04FFh,02500h-025FFh \
  -ABIGSFR=00h-04FFh,02500h-025FFh -ACONFIG=0300000h-0300011h \
  -AIDLOC=0200000h-020003Fh -AEEDATA=0380000h-03803FFh -peeprom_data=EEDATA \
  -preset_vec=00h -ppowerup=CODE,init -pramtop=02500h \
  -psmallconst=SMALLCONST -pmediumconst=MEDIUMCONST -pconst=CONST \
  -AFARRAM=00h-00h \
  -prdata=COMRAM,nvrram=COMRAM,nvbit=COMRAM,rbss=COMRAM,rbit=COMRAM \
  -pfarbss=FARRAM,fardata=FARRAM,nvFARRAM=FARRAM \
  -pintsave_regs=BIGRAM,bigbss=BIGRAM,bigdata=BIGRAM -pbss=RAM \
  -pidata=CODE,irdata=CODE,ibigdata=CODE,ifardata=CODE -prparam=COMRAM \
  C:\Users\hseiyama\AppData\Local\Temp\xcAs6bo.\driver_tmp_9.o \
  dist/default/production\mcc_sam04.X.production.o 

Object code version is 3.11

Machine type is 18F47Q43



                Name                               Link     Load   Length Selector   Space Scale
C:\Users\hseiyama\AppData\Local\Temp\xcAs6bo.\driver_tmp_9.o
                config                           300000   300000        A        0       4
                init                                102      102        4        4       0
                reset_vec                             0        0        4        0       0
dist/default/production\mcc_sam04.X.production.o
                eeprom_data                      380000   380000        2   380000       0
                config                           300000   300000        A        0       4
                smallconst                         2500     2500       84     1280       0
                ivt0x8                                8        8       FA        4       0
                text58                             2BC2     2BC2       2A      A7F       0
                text57                             2E3C     2E3C        6      B8F       0
                text56                             2E58     2E58        2      B93       0
                text55                             2E56     2E56        2      B93       0
                text54                             2E34     2E34        6      A7F       0
                text53                             2584     2584       D2     12C2       0
                text52                             2D6C     2D6C       16      A7F       0
                text51                             2E2E     2E2E        6      A7F       0
                text50                             2E54     2E54        2      B93       0
                text49                             29FC     29FC       3E      A7F       0
                text48                             2E52     2E52        2      B93       0
                text47                             2C56     2C56       22      A7F       0
                text46                             2D54     2D54       18      A7F       0
                text45                             2E50     2E50        2      B93       0
                text44                             2C34     2C34       22      A7F       0
                text43                             2D3C     2D3C       18      A7F       0
                text42                             2E46     2E46        4      B8F       0
                text41                             2E4E     2E4E        2      B93       0
                text40                             2C12     2C12       22      A7F       0
                text39                             2D24     2D24       18      A7F       0
                text38                             2E4C     2E4C        2      B93       0
                text37                             2C78     2C78       1C      A7F       0
                text36                             2AD8     2AD8       34      A7F       0
                text35                             296E     296E       4A     12C2       0
                text34                             2DEA     2DEA        E      A7F       0
                text33                             2DDC     2DDC        E      A7F       0
                text32                             2DCE     2DCE        E      A7F       0
                text31                             27C8     27C8       82     12C2       0
                text30                             2E42     2E42        4      B8F       0
                text29                             2E28     2E28        6      A7F       0
                text28                             2656     2656       C6     12C2       0
                text27                             2DC0     2DC0        E      A7F       0
                text26                             2DB2     2DB2        E      A7F       0
                text25                             2A3A     2A3A       36      A7F       0
                text24                             2D0C     2D0C       18      A7F       0
                text23                             2CF4     2CF4       18      A7F       0
                text22                             2CDC     2CDC       18      A7F       0
                text21                             271C     271C       AC     12C2       0
                text20                             2BEC     2BEC       26      A7F       0
                text19                             2CC4     2CC4       18      A7F       0
                text18                             2B0C     2B0C       32      A7F       0
                text17                             2E16     2E16        A      A7F       0
                text16                             2D82     2D82       14      A7F       0
                text15                             2DA4     2DA4        E      A7F       0
                text14                             2E20     2E20        8      A7F       0
                text13                             2B6C     2B6C       2C      A7F       0
                text12                             2CAC     2CAC       18      A7F       0
                text11                             2AA4     2AA4       34      A7F       0
                text10                             2E0C     2E0C        A      A7F       0
                text9                              2B98     2B98       2A      A7F       0
                text8                              29B8     29B8       42     12C2       0
                text7                              2D96     2D96        E      A7F       0
                text6                              2E02     2E02        A      A7F       0
                text5                              2DF8     2DF8        A      A7F       0
                text4                              2920     2920       4E     12C2       0
                text3                              284A     284A       70     12C2       0
                text2                              2A70     2A70       34      A7F       0
                text1                              2C94     2C94       18      A7F       0
                text0                              28BA     28BA       66     12C2       0
                cstackCOMRAM                        53F      53F       1A      501       1
                bssBANK5                            560      560        8      560       1
                bssCOMRAM                           501      501       3E      501       1
                bitbssCOMRAM                       2AF8      55F        2      501       1     8
                cinit                              2B3E     2B3E       2E      A7F       0
                nvBANK5                             568      568        3      560       1
                nvCOMRAM                            559      559        6      501       1

TOTAL           Name                               Link     Load   Length     Space
        CLASS   CODE           
                init                                102      102        4         0
                reset_vec                             0        0        4         0
                ivt0x8                                8        8       FA         0
                text58                             2BC2     2BC2       2A         0
                text57                             2E3C     2E3C        6         0
                text56                             2E58     2E58        2         0
                text55                             2E56     2E56        2         0
                text54                             2E34     2E34        6         0
                text53                             2584     2584       D2         0
                text52                             2D6C     2D6C       16         0
                text51                             2E2E     2E2E        6         0
                text50                             2E54     2E54        2         0
                text49                             29FC     29FC       3E         0
                text48                             2E52     2E52        2         0
                text47                             2C56     2C56       22         0
                text46                             2D54     2D54       18         0
                text45                             2E50     2E50        2         0
                text44                             2C34     2C34       22         0
                text43                             2D3C     2D3C       18         0
                text42                             2E46     2E46        4         0
                text41                             2E4E     2E4E        2         0
                text40                             2C12     2C12       22         0
                text39                             2D24     2D24       18         0
                text38                             2E4C     2E4C        2         0
                text37                             2C78     2C78       1C         0
                text36                             2AD8     2AD8       34         0
                text35                             296E     296E       4A         0
                text34                             2DEA     2DEA        E         0
                text33                             2DDC     2DDC        E         0
                text32                             2DCE     2DCE        E         0
                text31                             27C8     27C8       82         0
                text30                             2E42     2E42        4         0
                text29                             2E28     2E28        6         0
                text28                             2656     2656       C6         0
                text27                             2DC0     2DC0        E         0
                text26                             2DB2     2DB2        E         0
                text25                             2A3A     2A3A       36         0
                text24                             2D0C     2D0C       18         0
                text23                             2CF4     2CF4       18         0
                text22                             2CDC     2CDC       18         0
                text21                             271C     271C       AC         0
                text20                             2BEC     2BEC       26         0
                text19                             2CC4     2CC4       18         0
                text18                             2B0C     2B0C       32         0
                text17                             2E16     2E16        A         0
                text16                             2D82     2D82       14         0
                text15                             2DA4     2DA4        E         0
                text14                             2E20     2E20        8         0
                text13                             2B6C     2B6C       2C         0
                text12                             2CAC     2CAC       18         0
                text11                             2AA4     2AA4       34         0
                text10                             2E0C     2E0C        A         0
                text9                              2B98     2B98       2A         0
                text8                              29B8     29B8       42         0
                text7                              2D96     2D96        E         0
                text6                              2E02     2E02        A         0
                text5                              2DF8     2DF8        A         0
                text4                              2920     2920       4E         0
                text3                              284A     284A       70         0
                text2                              2A70     2A70       34         0
                text1                              2C94     2C94       18         0
                text0                              28BA     28BA       66         0
                cinit                              2B3E     2B3E       2E         0

        CLASS   CONST          

        CLASS   SMALLCONST     
                smallconst                         2500     2500       84         0

        CLASS   MEDIUMCONST    

        CLASS   COMRAM         
                cstackCOMRAM                        53F      53F       1A         1
                bssCOMRAM                           501      501       3E         1
                bitbssCOMRAM                       2AF8      55F        2         1
                nvCOMRAM                            559      559        6         1

        CLASS   ABS1           

        CLASS   BIGRAM         

        CLASS   RAM            

        CLASS   BANK5          
                bssBANK5                            560      560        8         1
                nvBANK5                             568      568        3         1

        CLASS   BANK6          

        CLASS   BANK7          

        CLASS   BANK8          

        CLASS   BANK9          

        CLASS   BANK10         

        CLASS   BANK11         

        CLASS   BANK12         

        CLASS   BANK13         

        CLASS   BANK14         

        CLASS   BANK15         

        CLASS   BANK16         

        CLASS   BANK17         

        CLASS   BANK18         

        CLASS   BANK19         

        CLASS   BANK20         

        CLASS   BANK21         

        CLASS   BANK22         

        CLASS   BANK23         

        CLASS   BANK24         

        CLASS   BANK25         

        CLASS   BANK26         

        CLASS   BANK27         

        CLASS   BANK28         

        CLASS   BANK29         

        CLASS   BANK30         

        CLASS   BANK31         

        CLASS   BANK32         

        CLASS   BANK33         

        CLASS   BANK34         

        CLASS   BANK35         

        CLASS   BANK36         

        CLASS   SFR            

        CLASS   BIGSFR         

        CLASS   CONFIG         
                config                           300000   300000        A         4

        CLASS   IDLOC          

        CLASS   EEDATA         
                eeprom_data                      380000   380000        2         0

        CLASS   FARRAM         

        CLASS   HEAP           

        CLASS   STACK          



SEGMENTS        Name                           Load    Length   Top    Selector   Space  Class

                reset_vec                      000000  000004  000004         0       0  CODE    
                ivt0x8                         000008  0000FE  000106         4       0  CODE    
                bssCOMRAM                      000501  00005F  000560       501       1  COMRAM  
                bssBANK5                       000560  00000B  00056B       560       1  BANK5   
                smallconst                     002500  000084  002584      1280       0  SMALLCON
                text53                         002584  000476  0029FA      12C2       0  CODE    
                text49                         0029FC  00043E  002E3A       A7F       0  CODE    
                text57                         002E3C  00000E  002E4A       B8F       0  CODE    
                text38                         002E4C  00000E  002E5A       B93       0  CODE    
                eeprom_data                    380000  000002  380002    380000       0  EEDATA  


UNUSED ADDRESS RANGES

        Name                Unused          Largest block    Delta
        BANK10           000A00-000AFF              100
        BANK11           000B00-000BFF              100
        BANK12           000C00-000CFF              100
        BANK13           000D00-000DFF              100
        BANK14           000E00-000EFF              100
        BANK15           000F00-000FFF              100
        BANK16           001000-0010FF              100
        BANK17           001100-0011FF              100
        BANK18           001200-0012FF              100
        BANK19           001300-0013FF              100
        BANK20           001400-0014FF              100
        BANK21           001500-0015FF              100
        BANK22           001600-0016FF              100
        BANK23           001700-0017FF              100
        BANK24           001800-0018FF              100
        BANK25           001900-0019FF              100
        BANK26           001A00-001AFF              100
        BANK27           001B00-001BFF              100
        BANK28           001C00-001CFF              100
        BANK29           001D00-001DFF              100
        BANK30           001E00-001EFF              100
        BANK31           001F00-001FFF              100
        BANK32           002000-0020FF              100
        BANK33           002100-0021FF              100
        BANK34           002200-0022FF              100
        BANK35           002300-0023FF              100
        BANK36           002400-0024FF              100
        BANK5            00056B-0005FF               95
        BANK6            000600-0006FF              100
        BANK7            000700-0007FF              100
        BANK8            000800-0008FF              100
        BANK9            000900-0009FF              100
        BIGRAM           00056B-0024FF             1F95
        BIGSFR           000000-0004FF              500
                         002500-0025FF              100
        CODE             000004-000007                4
                         000106-0024FF             23FA
                         0029FA-0029FB                2
                         002E3A-002E3B                2
                         002E4A-002E4B                2
                         002E5A-01FFFF            1D1A6
        CONFIG           30000A-300011                8
        CONST            000004-000007                4
                         000106-0024FF             23FA
                         0029FA-0029FB                2
                         002E3A-002E3B                2
                         002E4A-002E4B                2
                         002E5A-01FFFF            1D1A6
        EEDATA           380002-3803FF              3FE
        IDLOC            200000-20003F               40
        MEDIUMCONST      0029FA-0029FB                2
                         002E3A-002E3B                2
                         002E4A-002E4B                2
                         002E5A-00FFFF             D1A6
                         012500-01FFFF             DB00
        RAM              00056B-0024FF              100
        SFR              000000-0004FF              100
                         002500-0025FF              100
        SMALLCONST       0029FA-0029FB                2
                         002E3A-002E3B                2
                         002E4A-002E4B                2
                         002E5A-01FFFF              100

                                  Symbol Table

DMA1_DMAPrioritySet@GIESaveState                   cstackCOMRAM 00054D
DMA1_DMAPrioritySet@priority                       cstackCOMRAM 00054C
DMA1_SourceAddressSet@address                      cstackCOMRAM 00054C
DMA1_SourceSizeSet@size                            cstackCOMRAM 00054C
EEPROM_Read@address                                cstackCOMRAM 00054C
EEPROM_Write@address                               cstackCOMRAM 00054C
EEPROM_Write@data                                  cstackCOMRAM 00054F
EEPROM_Write@globalInterruptBitValue               cstackCOMRAM 000550
INT0_SetInterruptHandler@InterruptHandler          cstackCOMRAM 00054C
INT1_SetInterruptHandler@InterruptHandler          cstackCOMRAM 00054C
INT2_SetInterruptHandler@InterruptHandler          cstackCOMRAM 00054C
INTERRUPT_Initialize@state                         cstackCOMRAM 00054F
IVTBASEH                                           (abs)        00045E
IVTBASEL                                           (abs)        00045D
IVTBASEU                                           (abs)        00045F
NVM_UnlockKeySet@unlockKey                         cstackCOMRAM 00054C
TMR0_OverflowCallbackRegister@CallbackHandler      cstackCOMRAM 00054C
UART3_FramingErrorCallbackRegister@callbackHandler cstackCOMRAM 00054C
UART3_OverrunErrorCallbackRegister@callbackHandler cstackCOMRAM 00054C
UART3_ParityErrorCallbackRegister@callbackHandler  cstackCOMRAM 00054C
UART3_ReceiveISR@regValue                          cstackCOMRAM 000547
UART3_ReceiveISR@tempRxHead                        cstackCOMRAM 000548
UART3_RxCompleteCallbackRegister@callbackHandler   cstackCOMRAM 00054C
UART3_TransmitISR@tempTxTail                       cstackCOMRAM 00054B
UART3_Write@tempTxHead                             cstackCOMRAM 00054C
UART3_Write@txData                                 cstackCOMRAM 00054D
_ACTCON                                            (abs)        0000AC
_ANSELA                                            (abs)        000400
_ANSELB                                            (abs)        000408
_ANSELC                                            (abs)        000410
_ANSELD                                            (abs)        000418
_ANSELE                                            (abs)        000420
_CLOCK_Initialize                                  text37       002C78
_CPU_Initialize                                    text36       002AD8
_DMA1PR                                            (abs)        0000B6
_DMA1_DMAPrioritySet                               text18       002B0C
_DMA1_Disable                                      text10       002E0C
_DMA1_Enable                                       text17       002E16
_DMA1_Initialize                                   text35       00296E
_DMA1_SourceAddressSet                             text16       002D82
_DMA1_SourceSizeSet                                text15       002DA4
_DMA1_TransferWithTriggerStart                     text14       002E20
_DMA2PR                                            (abs)        0000B7
_DMA3PR                                            (abs)        0000B8
_DMA4PR                                            (abs)        0000B9
_DMA5PR                                            (abs)        0000BA
_DMA6PR                                            (abs)        0000BB
_DMASELECT                                         (abs)        0000E8
_DMAnAIRQ                                          (abs)        0000FE
_DMAnCON0                                          (abs)        0000FC
_DMAnCON0bits                                      (abs)        0000FC
_DMAnCON1                                          (abs)        0000FD
_DMAnDCNT                                          (abs)        0000EA
_DMAnDPTR                                          (abs)        0000EC
_DMAnDSA                                           (abs)        0000F0
_DMAnDSZ                                           (abs)        0000EE
_DMAnSCNT                                          (abs)        0000F2
_DMAnSIRQ                                          (abs)        0000FF
_DMAnSPTR                                          (abs)        0000F4
_DMAnSSA                                           (abs)        0000F9
_DMAnSSZ                                           (abs)        0000F7
_Default_ISR                                       text38       002E4C
_EEPROM_Read                                       text12       002CAC
_EEPROM_Write                                      text8        0029B8
_GIE                                               (abs)        0026B7
_INLVLA                                            (abs)        000404
_INLVLB                                            (abs)        00040C
_INLVLC                                            (abs)        000414
_INLVLD                                            (abs)        00041C
_INLVLE                                            (abs)        000424
_INT0PPS                                           (abs)        00023E
_INT0_CallBack                                     text40       002C12
_INT0_DefaultInterruptHandler                      text41       002E4E
_INT0_ISR                                          text39       002D24
_INT0_InterruptHandler                             bssCOMRAM    00052E
_INT0_SetInterruptHandler                          text34       002DEA
_INT1_CallBack                                     text44       002C34
_INT1_DefaultInterruptHandler                      text45       002E50
_INT1_ISR                                          text43       002D3C
_INT1_InterruptHandler                             bssCOMRAM    00052B
_INT1_SetInterruptHandler                          text33       002DDC
_INT2_CallBack                                     text47       002C56
_INT2_DefaultInterruptHandler                      text48       002E52
_INT2_ISR                                          text46       002D54
_INT2_InterruptHandler                             bssCOMRAM    000528
_INT2_SetInterruptHandler                          text32       002DCE
_INTCON0bits                                       (abs)        0004D6
_INTERRUPT_Initialize                              text31       0027C8
_IOCAF                                             (abs)        000407
_IOCAN                                             (abs)        000406
_IOCAP                                             (abs)        000405
_IOCBF                                             (abs)        00040F
_IOCBN                                             (abs)        00040E
_IOCBP                                             (abs)        00040D
_IOCCF                                             (abs)        000417
_IOCCN                                             (abs)        000416
_IOCCP                                             (abs)        000415
_IOCEF                                             (abs)        000427
_IOCEN                                             (abs)        000426
_IOCEP                                             (abs)        000425
_IPR1bits                                          (abs)        000363
_IPR3bits                                          (abs)        000365
_IPR9bits                                          (abs)        00036B
_ISRPR                                             (abs)        0000BF
_IVTBASEH                                          (abs)        00045E
_IVTBASEL                                          (abs)        00045D
_IVTBASEU                                          (abs)        00045F
_IVTLOCK                                           (abs)        000459
_IVTLOCKbits                                       (abs)        000459
_LATA                                              (abs)        0004BE
_LATB                                              (abs)        0004BF
_LATC                                              (abs)        0004C0
_LATD                                              (abs)        0004C1
_LATE                                              (abs)        0004C2
_MAINPR                                            (abs)        0000BE
_NVMADRH                                           (abs)        000044
_NVMADRL                                           (abs)        000043
_NVMADRU                                           (abs)        000045
_NVMCON0bits                                       (abs)        000040
_NVMCON1bits                                       (abs)        000041
_NVMDATL                                           (abs)        000046
_NVMLOCK                                           (abs)        000042
_NVM_Initialize                                    text29       002E28
_NVM_IsBusy                                        text7        002D96
_NVM_StatusClear                                   text30       002E42
_NVM_UnlockKeyClear                                text6        002E02
_NVM_UnlockKeySet                                  text5        002DF8
_ODCONA                                            (abs)        000402
_ODCONB                                            (abs)        00040A
_ODCONC                                            (abs)        000412
_ODCOND                                            (abs)        00041A
_ODCONE                                            (abs)        000422
_OSCCON1                                           (abs)        0000AD
_OSCCON3                                           (abs)        0000AF
_OSCEN                                             (abs)        0000B3
_OSCFRQ                                            (abs)        0000B1
_OSCTUNE                                           (abs)        0000B0
_PIE1bits                                          (abs)        00049F
_PIE2bits                                          (abs)        0004A0
_PIE3bits                                          (abs)        0004A1
_PIE9bits                                          (abs)        0004A7
_PIN_MANAGER_Initialize                            text28       002656
_PIR10bits                                         (abs)        0004B8
_PIR1bits                                          (abs)        0004AF
_PIR2bits                                          (abs)        0004B0
_PIR3bits                                          (abs)        0004B1
_PIR6bits                                          (abs)        0004B4
_PRLOCK                                            (abs)        0000B4
_PRLOCKbits                                        (abs)        0000B4
_PRODH                                             (abs)        0004F4
_PRODL                                             (abs)        0004F3
_RA6PPS                                            (abs)        000207
_RB1I2C                                            (abs)        000289
_RB2I2C                                            (abs)        000288
_RC3I2C                                            (abs)        000287
_RC4I2C                                            (abs)        000286
_SCANPR                                            (abs)        0000B5
_SLRCONA                                           (abs)        000403
_SLRCONB                                           (abs)        00040B
_SLRCONC                                           (abs)        000413
_SLRCOND                                           (abs)        00041B
_SLRCONE                                           (abs)        000423
_SYSTEM_Initialize                                 text20       002BEC
_SystemArbiter_Initialize                          text27       002DC0
_T0CON0                                            (abs)        00031A
_T0CON0bits                                        (abs)        00031A
_T0CON1                                            (abs)        00031B
_TMR0H                                             (abs)        000319
_TMR0IE                                            (abs)        00250F
_TMR0IF                                            (abs)        00258F
_TMR0L                                             (abs)        000318
_TMR0_DefaultOverflowCallback                      text50       002E54
_TMR0_Initialize                                   text25       002A3A
_TMR0_OverflowCallback                             nvCOMRAM     000559
_TMR0_OverflowCallbackRegister                     text26       002DB2
_TMR0_OverflowISR                                  text49       0029FC
_TMR0_PeriodCountSet                               (abs)        000000
_TMR0_Start                                        (abs)        000000
_TMR0_Stop                                         (abs)        000000
_TRISA                                             (abs)        0004C6
_TRISB                                             (abs)        0004C7
_TRISC                                             (abs)        0004C8
_TRISD                                             (abs)        0004C9
_TRISE                                             (abs)        0004CA
_Timer0                                            smallconst   002549
_U3BRGH                                            (abs)        0002D5
_U3BRGL                                            (abs)        0002D4
_U3CON0                                            (abs)        0002D1
_U3CON0bits                                        (abs)        0002D1
_U3CON1                                            (abs)        0002D2
_U3CON2                                            (abs)        0002D3
_U3ERRIE                                           (abs)        0002D9
_U3ERRIR                                           (abs)        0002D8
_U3ERRIRbits                                       (abs)        0002D8
_U3FIFO                                            (abs)        0002D6
_U3P1L                                             (abs)        0002CB
_U3P2L                                             (abs)        0002CD
_U3P3L                                             (abs)        0002CF
_U3RXB                                             (abs)        0002C7
_U3RXPPS                                           (abs)        000276
_U3TXB                                             (abs)        0002C9
_U3UIR                                             (abs)        0002D7
_U3UIRbits                                         (abs)        0002D7
_UART3                                             smallconst   002501
_UART3_AutoBaudQuery                               (abs)        000000
_UART3_AutoBaudSet                                 (abs)        000000
_UART3_DefaultFramingErrorCallback                 text56       002E58
_UART3_DefaultOverrunErrorCallback                 text55       002E56
_UART3_DefaultParityErrorCallback                  (abs)        000000
_UART3_Deinitialize                                (abs)        000000
_UART3_ErrorGet                                    (abs)        000000
_UART3_FramingErrorCallbackRegister                text24       002D0C
_UART3_FramingErrorHandler                         bssCOMRAM    000525
_UART3_Initialize                                  text21       00271C
_UART3_IsRxReady                                   (abs)        000000
_UART3_IsTxDone                                    (abs)        000000
_UART3_IsTxReady                                   (abs)        000000
_UART3_OverrunErrorCallbackRegister                text23       002CF4
_UART3_OverrunErrorHandler                         bssCOMRAM    000522
_UART3_ParityErrorCallbackRegister                 text22       002CDC
_UART3_ParityErrorHandler                          bssCOMRAM    00051F
_UART3_Read                                        (abs)        000000
_UART3_ReceiveISR                                  text53       002584
_UART3_Receive_Vector_ISR                          text52       002D6C
_UART3_RxCompleteCallbackRegister                  text19       002CC4
_UART3_RxCompleteInterruptHandler                  bssCOMRAM    000519
_UART3_RxInterruptHandler                          nvBANK5      000568
_UART3_TransmitDisable                             (abs)        000000
_UART3_TransmitEnable                              (abs)        000000
_UART3_TransmitISR                                 text58       002BC2
_UART3_Transmit_Vector_ISR                         text57       002E3C
_UART3_TxCompleteCallbackRegister                  (abs)        000000
_UART3_TxCompleteInterruptHandler                  bssCOMRAM    00051C
_UART3_TxInterruptHandler                          nvCOMRAM     00055C
_UART3_Write                                       text2        002A70
_WPUA                                              (abs)        000401
_WPUB                                              (abs)        000409
_WPUC                                              (abs)        000411
_WPUD                                              (abs)        000419
_WPUE                                              (abs)        000421
__HRAM                                             (abs)        000000
__H__absolute__                                    __absolute__ 000000
__Habs1                                            abs1         000000
__Hbank10                                          bank10       000000
__Hbank11                                          bank11       000000
__Hbank12                                          bank12       000000
__Hbank13                                          bank13       000000
__Hbank14                                          bank14       000000
__Hbank15                                          bank15       000000
__Hbank16                                          bank16       000000
__Hbank17                                          bank17       000000
__Hbank18                                          bank18       000000
__Hbank19                                          bank19       000000
__Hbank20                                          bank20       000000
__Hbank21                                          bank21       000000
__Hbank22                                          bank22       000000
__Hbank23                                          bank23       000000
__Hbank24                                          bank24       000000
__Hbank25                                          bank25       000000
__Hbank26                                          bank26       000000
__Hbank27                                          bank27       000000
__Hbank28                                          bank28       000000
__Hbank29                                          bank29       000000
__Hbank30                                          bank30       000000
__Hbank31                                          bank31       000000
__Hbank32                                          bank32       000000
__Hbank33                                          bank33       000000
__Hbank34                                          bank34       000000
__Hbank35                                          bank35       000000
__Hbank36                                          bank36       000000
__Hbank5                                           bank5        000000
__Hbank6                                           bank6        000000
__Hbank7                                           bank7        000000
__Hbank8                                           bank8        000000
__Hbank9                                           bank9        000000
__Hbigbss                                          bigbss       000000
__Hbigdata                                         bigdata      000000
__Hbigram                                          bigram       000000
__Hbigsfr                                          bigsfr       000000
__HbitbssCOMRAM                                    bitbssCOMRAM 000000
__Hbss                                             bss          000000
__HbssBANK5                                        bssBANK5     000000
__HbssCOMRAM                                       bssCOMRAM    000000
__Hcinit                                           cinit        000000
__Hclrtext                                         clrtext      000000
__Hcomram                                          comram       000000
__Hconfig                                          config       30000A
__Hconst                                           const        000000
__HcstackCOMRAM                                    cstackCOMRAM 000000
__Hdata                                            data         000000
__Heeprom_data                                     eeprom_data  380002
__Hfarbss                                          farbss       000000
__Hfardata                                         fardata      000000
__Hheap                                            heap         000000
__Hibigdata                                        ibigdata     000000
__Hidata                                           idata        000000
__Hidloc                                           idloc        000000
__Hifardata                                        ifardata     000000
__Hinit                                            init         000106
__Hintsave_regs                                    intsave_regs 000000
__Hirdata                                          irdata       000000
__Hivt0x8                                          ivt0x8       000102
__Hmediumconst                                     mediumconst  000000
__HnvBANK5                                         nvBANK5      000000
__HnvCOMRAM                                        nvCOMRAM     000000
__HnvFARRAM                                        nvFARRAM     000000
__Hnvbit                                           nvbit        000000
__Hnvrram                                          nvrram       000000
__Hparam                                           rparam       000000
__Hpowerup                                         powerup      000000
__Hram                                             ram          000000
__Hramtop                                          ramtop       002500
__Hrbit                                            rbit         000000
__Hrbss                                            rbss         000000
__Hrdata                                           rdata        000000
__Hreset_vec                                       reset_vec    000004
__Hrparam                                          rparam       000000
__Hsfr                                             sfr          000000
__Hsmallconst                                      smallconst   002584
__Hspace_0                                         (abs)        380002
__Hspace_1                                         (abs)        002AFA
__Hspace_2                                         (abs)        000000
__Hspace_4                                         (abs)        60000A
__Hstack                                           stack        000000
__Hstruct                                          struct       000000
__Htemp                                            temp         000000
__Htext                                            text         000000
__Htext0                                           text0        000000
__Htext1                                           text1        000000
__Htext10                                          text10       000000
__Htext11                                          text11       000000
__Htext12                                          text12       000000
__Htext13                                          text13       000000
__Htext14                                          text14       000000
__Htext15                                          text15       000000
__Htext16                                          text16       000000
__Htext17                                          text17       000000
__Htext18                                          text18       000000
__Htext19                                          text19       000000
__Htext2                                           text2        000000
__Htext20                                          text20       000000
__Htext21                                          text21       000000
__Htext22                                          text22       000000
__Htext23                                          text23       000000
__Htext24                                          text24       000000
__Htext25                                          text25       000000
__Htext26                                          text26       000000
__Htext27                                          text27       000000
__Htext28                                          text28       000000
__Htext29                                          text29       000000
__Htext3                                           text3        000000
__Htext30                                          text30       000000
__Htext31                                          text31       000000
__Htext32                                          text32       000000
__Htext33                                          text33       000000
__Htext34                                          text34       000000
__Htext35                                          text35       000000
__Htext36                                          text36       000000
__Htext37                                          text37       000000
__Htext38                                          text38       000000
__Htext39                                          text39       000000
__Htext4                                           text4        000000
__Htext40                                          text40       000000
__Htext41                                          text41       000000
__Htext42                                          text42       000000
__Htext43                                          text43       000000
__Htext44                                          text44       000000
__Htext45                                          text45       000000
__Htext46                                          text46       000000
__Htext47                                          text47       000000
__Htext48                                          text48       000000
__Htext49                                          text49       000000
__Htext5                                           text5        000000
__Htext50                                          text50       000000
__Htext51                                          text51       000000
__Htext52                                          text52       000000
__Htext53                                          text53       000000
__Htext54                                          text54       000000
__Htext55                                          text55       000000
__Htext56                                          text56       000000
__Htext57                                          text57       000000
__Htext58                                          text58       000000
__Htext59                                          text59       000000
__Htext6                                           text6        000000
__Htext7                                           text7        000000
__Htext8                                           text8        000000
__Htext9                                           text9        000000
__LRAM                                             (abs)        000001
__L__absolute__                                    __absolute__ 000000
__Labs1                                            abs1         000000
__Lbank10                                          bank10       000000
__Lbank11                                          bank11       000000
__Lbank12                                          bank12       000000
__Lbank13                                          bank13       000000
__Lbank14                                          bank14       000000
__Lbank15                                          bank15       000000
__Lbank16                                          bank16       000000
__Lbank17                                          bank17       000000
__Lbank18                                          bank18       000000
__Lbank19                                          bank19       000000
__Lbank20                                          bank20       000000
__Lbank21                                          bank21       000000
__Lbank22                                          bank22       000000
__Lbank23                                          bank23       000000
__Lbank24                                          bank24       000000
__Lbank25                                          bank25       000000
__Lbank26                                          bank26       000000
__Lbank27                                          bank27       000000
__Lbank28                                          bank28       000000
__Lbank29                                          bank29       000000
__Lbank30                                          bank30       000000
__Lbank31                                          bank31       000000
__Lbank32                                          bank32       000000
__Lbank33                                          bank33       000000
__Lbank34                                          bank34       000000
__Lbank35                                          bank35       000000
__Lbank36                                          bank36       000000
__Lbank5                                           bank5        000000
__Lbank6                                           bank6        000000
__Lbank7                                           bank7        000000
__Lbank8                                           bank8        000000
__Lbank9                                           bank9        000000
__Lbigbss                                          bigbss       000000
__Lbigdata                                         bigdata      000000
__Lbigram                                          bigram       000000
__Lbigsfr                                          bigsfr       000000
__LbitbssCOMRAM                                    bitbssCOMRAM 000000
__Lbss                                             bss          000000
__LbssBANK5                                        bssBANK5     000000
__LbssCOMRAM                                       bssCOMRAM    000000
__Lcinit                                           cinit        000000
__Lclrtext                                         clrtext      000000
__Lcomram                                          comram       000000
__Lconfig                                          config       000000
__Lconst                                           const        000000
__LcstackCOMRAM                                    cstackCOMRAM 000000
__Ldata                                            data         000000
__Leeprom_data                                     eeprom_data  380000
__Lfarbss                                          farbss       000000
__Lfardata                                         fardata      000000
__Lheap                                            heap         000000
__Libigdata                                        ibigdata     000000
__Lidata                                           idata        000000
__Lidloc                                           idloc        000000
__Lifardata                                        ifardata     000000
__Linit                                            init         000102
__Lintsave_regs                                    intsave_regs 000000
__Lirdata                                          irdata       000000
__Livt0x8                                          ivt0x8       000008
__Lmediumconst                                     mediumconst  000000
__LnvBANK5                                         nvBANK5      000000
__LnvCOMRAM                                        nvCOMRAM     000000
__LnvFARRAM                                        nvFARRAM     000000
__Lnvbit                                           nvbit        000000
__Lnvrram                                          nvrram       000000
__Lparam                                           rparam       000000
__Lpowerup                                         powerup      000000
__Lram                                             ram          000000
__Lramtop                                          ramtop       002500
__Lrbit                                            rbit         000000
__Lrbss                                            rbss         000000
__Lrdata                                           rdata        000000
__Lreset_vec                                       reset_vec    000000
__Lrparam                                          rparam       000000
__Lsfr                                             sfr          000000
__Lsmallconst                                      smallconst   002500
__Lspace_0                                         (abs)        000000
__Lspace_1                                         (abs)        000000
__Lspace_2                                         (abs)        000000
__Lspace_4                                         (abs)        000000
__Lstack                                           stack        000000
__Lstruct                                          struct       000000
__Ltemp                                            temp         000000
__Ltext                                            text         000000
__Ltext0                                           text0        000000
__Ltext1                                           text1        000000
__Ltext10                                          text10       000000
__Ltext11                                          text11       000000
__Ltext12                                          text12       000000
__Ltext13                                          text13       000000
__Ltext14                                          text14       000000
__Ltext15                                          text15       000000
__Ltext16                                          text16       000000
__Ltext17                                          text17       000000
__Ltext18                                          text18       000000
__Ltext19                                          text19       000000
__Ltext2                                           text2        000000
__Ltext20                                          text20       000000
__Ltext21                                          text21       000000
__Ltext22                                          text22       000000
__Ltext23                                          text23       000000
__Ltext24                                          text24       000000
__Ltext25                                          text25       000000
__Ltext26                                          text26       000000
__Ltext27                                          text27       000000
__Ltext28                                          text28       000000
__Ltext29                                          text29       000000
__Ltext3                                           text3        000000
__Ltext30                                          text30       000000
__Ltext31                                          text31       000000
__Ltext32                                          text32       000000
__Ltext33                                          text33       000000
__Ltext34                                          text34       000000
__Ltext35                                          text35       000000
__Ltext36                                          text36       000000
__Ltext37                                          text37       000000
__Ltext38                                          text38       000000
__Ltext39                                          text39       000000
__Ltext4                                           text4        000000
__Ltext40                                          text40       000000
__Ltext41                                          text41       000000
__Ltext42                                          text42       000000
__Ltext43                                          text43       000000
__Ltext44                                          text44       000000
__Ltext45                                          text45       000000
__Ltext46                                          text46       000000
__Ltext47                                          text47       000000
__Ltext48                                          text48       000000
__Ltext49                                          text49       000000
__Ltext5                                           text5        000000
__Ltext50                                          text50       000000
__Ltext51                                          text51       000000
__Ltext52                                          text52       000000
__Ltext53                                          text53       000000
__Ltext54                                          text54       000000
__Ltext55                                          text55       000000
__Ltext56                                          text56       000000
__Ltext57                                          text57       000000
__Ltext58                                          text58       000000
__Ltext59                                          text59       000000
__Ltext6                                           text6        000000
__Ltext7                                           text7        000000
__Ltext8                                           text8        000000
__Ltext9                                           text9        000000
__S0                                               (abs)        380002
__S1                                               (abs)        00056B
__S4                                               (abs)        000000
__S5                                               (abs)        000000
___heap_hi                                         (abs)        000000
___heap_lo                                         (abs)        000000
___inthi_sp                                        stack        000000
___inthi_stack_hi                                  stack        000000
___inthi_stack_lo                                  stack        000000
___intlo_sp                                        stack        000000
___intlo_stack_hi                                  stack        000000
___intlo_stack_lo                                  stack        000000
___param_bank                                      (abs)        000000
___rparam_used                                     (abs)        000001
___sp                                              stack        000000
___stack_hi                                        stack        000000
___stack_lo                                        stack        000000
__accesstop                                        (abs)        000560
__activetblptr                                     (abs)        000003
__end_of_CLOCK_Initialize                          text37       002C94
__end_of_CPU_Initialize                            text36       002B0C
__end_of_DMA1_DMAPrioritySet                       text18       002B3E
__end_of_DMA1_Disable                              text10       002E16
__end_of_DMA1_Enable                               text17       002E20
__end_of_DMA1_Initialize                           text35       0029B8
__end_of_DMA1_SourceAddressSet                     text16       002D96
__end_of_DMA1_SourceSizeSet                        text15       002DB2
__end_of_DMA1_TransferWithTriggerStart             text14       002E28
__end_of_Default_ISR                               text38       002E4E
__end_of_EEPROM_Read                               text12       002CC4
__end_of_EEPROM_Write                              text8        0029FA
__end_of_INT0_CallBack                             text40       002C34
__end_of_INT0_DefaultInterruptHandler              text41       002E50
__end_of_INT0_ISR                                  text39       002D3C
__end_of_INT0_SetInterruptHandler                  text34       002DF8
__end_of_INT1_CallBack                             text44       002C56
__end_of_INT1_DefaultInterruptHandler              text45       002E52
__end_of_INT1_ISR                                  text43       002D54
__end_of_INT1_SetInterruptHandler                  text33       002DEA
__end_of_INT2_CallBack                             text47       002C78
__end_of_INT2_DefaultInterruptHandler              text48       002E54
__end_of_INT2_ISR                                  text46       002D6C
__end_of_INT2_SetInterruptHandler                  text32       002DDC
__end_of_INTERRUPT_Initialize                      text31       00284A
__end_of_NVM_Initialize                            text29       002E2E
__end_of_NVM_IsBusy                                text7        002DA4
__end_of_NVM_StatusClear                           text30       002E46
__end_of_NVM_UnlockKeyClear                        text6        002E0C
__end_of_NVM_UnlockKeySet                          text5        002E02
__end_of_PIN_MANAGER_Initialize                    text28       00271C
__end_of_SYSTEM_Initialize                         text20       002C12
__end_of_SystemArbiter_Initialize                  text27       002DCE
__end_of_TMR0_DefaultOverflowCallback              text50       002E56
__end_of_TMR0_Initialize                           text25       002A70
__end_of_TMR0_OverflowCallbackRegister             text26       002DC0
__end_of_TMR0_OverflowISR                          text49       002A3A
__end_of_Timer0                                    smallconst   00255B
__end_of_UART3                                     smallconst   002549
__end_of_UART3_DefaultFramingErrorCallback         text56       002E5A
__end_of_UART3_DefaultOverrunErrorCallback         text55       002E58
__end_of_UART3_FramingErrorCallbackRegister        text24       002D24
__end_of_UART3_Initialize                          text21       0027C8
__end_of_UART3_OverrunErrorCallbackRegister        text23       002D0C
__end_of_UART3_ParityErrorCallbackRegister         text22       002CF4
__end_of_UART3_ReceiveISR                          text53       002656
__end_of_UART3_Receive_Vector_ISR                  text52       002D82
__end_of_UART3_RxCompleteCallbackRegister          text19       002CDC
__end_of_UART3_TransmitISR                         text58       002BEC
__end_of_UART3_Transmit_Vector_ISR                 text57       002E42
__end_of_UART3_Write                               text2        002AA4
__end_of__initialization                           cinit        002B66
__end_of_data_reset                                smallconst   002582
__end_of_data_wakeup                               smallconst   00256F
__end_of_dma1_init                                 text13       002B98
__end_of_dma1_wakeup                               text9        002BC2
__end_of_eep_read                                  text11       002AD8
__end_of_eep_write                                 text4        00296E
__end_of_int0Isr                                   text42       002E4A
__end_of_main                                      text0        002920
__end_of_request_in                                text3        0028BA
__end_of_tmr0Isr                                   text51       002E34
__end_of_u3rxIsr                                   text54       002E3A
__end_of_update_out                                text1        002CAC
__initialization                                   cinit        002B3E
__mediumconst                                      mediumconst  000000
__pbitbssCOMRAM                                    bitbssCOMRAM 002AF8
__pbssBANK5                                        bssBANK5     000560
__pbssCOMRAM                                       bssCOMRAM    000501
__pcinit                                           cinit        002B3E
__pcstackCOMRAM                                    cstackCOMRAM 00053F
__pivt0x8                                          ivt0x8       000008
__pnvBANK5                                         nvBANK5      000568
__pnvCOMRAM                                        nvCOMRAM     000559
__psmallconst                                      smallconst   002500
__ptext0                                           text0        0028BA
__ptext1                                           text1        002C94
__ptext10                                          text10       002E0C
__ptext11                                          text11       002AA4
__ptext12                                          text12       002CAC
__ptext13                                          text13       002B6C
__ptext14                                          text14       002E20
__ptext15                                          text15       002DA4
__ptext16                                          text16       002D82
__ptext17                                          text17       002E16
__ptext18                                          text18       002B0C
__ptext19                                          text19       002CC4
__ptext2                                           text2        002A70
__ptext20                                          text20       002BEC
__ptext21                                          text21       00271C
__ptext22                                          text22       002CDC
__ptext23                                          text23       002CF4
__ptext24                                          text24       002D0C
__ptext25                                          text25       002A3A
__ptext26                                          text26       002DB2
__ptext27                                          text27       002DC0
__ptext28                                          text28       002656
__ptext29                                          text29       002E28
__ptext3                                           text3        00284A
__ptext30                                          text30       002E42
__ptext31                                          text31       0027C8
__ptext32                                          text32       002DCE
__ptext33                                          text33       002DDC
__ptext34                                          text34       002DEA
__ptext35                                          text35       00296E
__ptext36                                          text36       002AD8
__ptext37                                          text37       002C78
__ptext38                                          text38       002E4C
__ptext39                                          text39       002D24
__ptext4                                           text4        002920
__ptext40                                          text40       002C12
__ptext41                                          text41       002E4E
__ptext42                                          text42       002E46
__ptext43                                          text43       002D3C
__ptext44                                          text44       002C34
__ptext45                                          text45       002E50
__ptext46                                          text46       002D54
__ptext47                                          text47       002C56
__ptext48                                          text48       002E52
__ptext49                                          text49       0029FC
__ptext5                                           text5        002DF8
__ptext50                                          text50       002E54
__ptext51                                          text51       002E2E
__ptext52                                          text52       002D6C
__ptext53                                          text53       002584
__ptext54                                          text54       002E34
__ptext55                                          text55       002E56
__ptext56                                          text56       002E58
__ptext57                                          text57       002E3C
__ptext58                                          text58       002BC2
__ptext59                                          text59       000000
__ptext6                                           text6        002E02
__ptext7                                           text7        002D96
__ptext8                                           text8        0029B8
__ptext9                                           text9        002B98
__ramtop                                           ramtop       002500
__smallconst                                       smallconst   002500
_bit_flag                                          bitbssCOMRAM 002AF9
_bit_state                                         bitbssCOMRAM 002AF8
_count_out                                         bssCOMRAM    000538
_data_eep                                          eeprom_data  380000
_data_recv                                         bssCOMRAM    000537
_data_reset                                        smallconst   00256F
_data_wakeup                                       smallconst   00255B
_dma1_init                                         text13       002B6C
_dma1_wakeup                                       text9        002B98
_eep_read                                          text11       002AA4
_eep_write                                         text4        002920
_int0Isr                                           text42       002E46
_main                                              text0        0028BA
_request_in                                        text3        00284A
_timerTMR0ReloadVal16bit                           bssCOMRAM    000533
_tmr0Isr                                           text51       002E2E
_u3rxIsr                                           text54       002E34
_uart3RxBuffer                                     bssBANK5     000560
_uart3RxCount                                      bssCOMRAM    000539
_uart3RxHead                                       bssCOMRAM    00053B
_uart3RxLastError                                  bssCOMRAM    000531
_uart3RxStatusBuffer                               bssCOMRAM    000501
_uart3RxTail                                       bssCOMRAM    00053A
_uart3TxBuffer                                     bssCOMRAM    000511
_uart3TxBufferRemaining                            bssCOMRAM    00053C
_uart3TxHead                                       bssCOMRAM    00053E
_uart3TxTail                                       bssCOMRAM    00053D
_unlockKeyHigh                                     bssCOMRAM    000535
_unlockKeyLow                                      bssCOMRAM    000536
_update_out                                        text1        002C94
eep_read@addr                                      cstackCOMRAM 000554
eep_read@data                                      cstackCOMRAM 000555
eep_write@addr                                     cstackCOMRAM 000557
eep_write@data                                     cstackCOMRAM 000551
end_of_initialization                              cinit        002B66
intlevel0                                          text         000000
intlevel1                                          text         000000
intlevel2                                          text         000000
intlevel3                                          text         000000
isa$std                                            (abs)        000001
isa$xinst                                          (abs)        000000
ivt0x8_base                                        ivt0x8       000008
ivt0x8_undefint                                    ivt0x8       000100
stackhi                                            (abs)        000000
stacklo                                            (abs)        000000
start                                              init         000102
start_initialization                               cinit        002B3E


MODULE INFORMATION

Module		Function		Class		Link	Load	Size
mcc_generated_files/dma/src/dma1.c
		_DMA1_Initialize		CODE           	296E	0000	74
		_DMA1_Enable   		CODE           	2E16	0000	10
		_DMA1_SourceSizeSet		CODE           	2DA4	0000	14
		_DMA1_DMAPrioritySet		CODE           	2B0C	0000	50
		_DMA1_Disable  		CODE           	2E0C	0000	10
		_DMA1_SourceAddressSet		CODE           	2D82	0000	20
		_DMA1_TransferWithTriggerStart		CODE           	2E20	0000	8

mcc_generated_files/dma/src/dma1.c estimated size: 186

mcc_generated_files/system/src/interrupt.c
		_INT0_SetInterruptHandler		CODE           	2DEA	0000	14
		_INT1_SetInterruptHandler		CODE           	2DDC	0000	14
		_INT2_SetInterruptHandler		CODE           	2DCE	0000	14
		_INTERRUPT_Initialize		CODE           	27C8	0000	130
		_INT0_DefaultInterruptHandler		CODE           	2E4E	0000	2
		_INT0_CallBack 		CODE           	2C12	0000	34
		_INT1_DefaultInterruptHandler		CODE           	2E50	0000	2
		_INT1_CallBack 		CODE           	2C34	0000	34
		_INT2_DefaultInterruptHandler		CODE           	2E52	0000	2
		_INT2_CallBack 		CODE           	2C56	0000	34
		_Default_ISR   		CODE           	2E4C	0000	2
		_INT0_ISR      		CODE           	2D24	0000	24
		_INT1_ISR      		CODE           	2D3C	0000	24
		_INT2_ISR      		CODE           	2D54	0000	24

mcc_generated_files/system/src/interrupt.c estimated size: 354

mcc_generated_files/uart/src/uart3.c
		_UART3_DefaultFramingErrorCallback		CODE           	2E58	0000	2
		_UART3_TransmitISR		CODE           	2BC2	0000	42
		_UART3_ParityErrorCallbackRegister		CODE           	2CDC	0000	24
		_UART3_DefaultOverrunErrorCallback		CODE           	2E56	0000	2
		_UART3_RxCompleteCallbackRegister		CODE           	2CC4	0000	24
		_UART3_Write   		CODE           	2A70	0000	52
		_UART3_FramingErrorCallbackRegister		CODE           	2D0C	0000	24
		_UART3_Transmit_Vector_ISR		CODE           	2E3C	0000	6
		_UART3_Receive_Vector_ISR		CODE           	2D6C	0000	22
		_UART3_OverrunErrorCallbackRegister		CODE           	2CF4	0000	24
		_UART3_ReceiveISR		CODE           	2584	0000	210
		_UART3_Initialize		CODE           	271C	0000	172

mcc_generated_files/uart/src/uart3.c estimated size: 604

mcc_generated_files/nvm/src/nvm.c
		_NVM_UnlockKeySet		CODE           	2DF8	0000	10
		_NVM_Initialize		CODE           	2E28	0000	6
		_EEPROM_Read   		CODE           	2CAC	0000	24
		_EEPROM_Write  		CODE           	29B8	0000	66
		_NVM_UnlockKeyClear		CODE           	2E02	0000	10
		_NVM_StatusClear		CODE           	2E42	0000	4
		_NVM_IsBusy    		CODE           	2D96	0000	14

mcc_generated_files/nvm/src/nvm.c estimated size: 134

mcc_generated_files/system/src/pins.c
		_PIN_MANAGER_Initialize		CODE           	2656	0000	198

mcc_generated_files/system/src/pins.c estimated size: 198

shared
		__initialization		CODE           	2B3E	0000	40
		_data_wakeup   		SMALLCONST     	255B	0000	20
		_data_reset    		SMALLCONST     	256F	0000	19
		_Timer0        		SMALLCONST     	2549	0000	18
		_UART3         		SMALLCONST     	2501	0000	72

shared estimated size: 169

mcc_generated_files/system/src/clock.c
		_CLOCK_Initialize		CODE           	2C78	0000	28

mcc_generated_files/system/src/clock.c estimated size: 28

mcc_generated_files/timer/src/tmr0.c
		_TMR0_OverflowCallbackRegister		CODE           	2DB2	0000	14
		_TMR0_DefaultOverflowCallback		CODE           	2E54	0000	2
		_TMR0_OverflowISR		CODE           	29FC	0000	62
		_TMR0_Initialize		CODE           	2A3A	0000	54

mcc_generated_files/timer/src/tmr0.c estimated size: 132

main.c
		_dma1_init     		CODE           	2B6C	0000	44
		_request_in    		CODE           	284A	0000	112
		_u3rxIsr       		CODE           	2E34	0000	6
		_int0Isr       		CODE           	2E46	0000	4
		_tmr0Isr       		CODE           	2E2E	0000	6
		_eep_write     		CODE           	2920	0000	78
		_main          		CODE           	28BA	0000	102
		_eep_read      		CODE           	2AA4	0000	52
		_update_out    		CODE           	2C94	0000	24
		_dma1_wakeup   		CODE           	2B98	0000	42

main.c estimated size: 470

mcc_generated_files/system/src/system.c
		_SystemArbiter_Initialize		CODE           	2DC0	0000	14
		_CPU_Initialize		CODE           	2AD8	0000	52
		_SYSTEM_Initialize		CODE           	2BEC	0000	38

mcc_generated_files/system/src/system.c estimated size: 104

