Microchip MPLAB XC8 Compiler V2.45

Linker command line:

-W-3 \
  --edf=C:\Program Files\Microchip\xc8\v2.45\pic\dat\20230818022343_en.msgs \
  -pivt0x8=08h -cn -h+dist/default/production\mcc_sam03.X.production.sym \
  --cmf=dist/default/production\mcc_sam03.X.production.cmf -z -Q18F47Q43 \
  -oC:\Users\hseiyama\AppData\Local\Temp\xcAsbqg.\driver_tmp_3.o \
  --defsym=__MPLAB_BUILD=1 --fixupoverflow=error \
  -Mdist/default/production/mcc_sam03.X.production.map \
  --md=C:\Users\hseiyama\AppData\Local\Temp\xcAsbqg.\driver_tmp_0.dat -E1 \
  -ver=XC8 Compiler --acfsm=1493 -ACODE=00h-01FFFFh -ACONST=00h-01FFFFh \
  -ASMALLCONST=02500h-025FFhx475 \
  -AMEDIUMCONST=02500h-0FFFFh,012500h-01FFFFh -ACOMRAM=0501h-055Fh \
  -AABS1=0500h-024FFh -ABIGRAM=0501h-024FFh \
  -ARAM=0560h-05FFh,0600h-06FFhx31 -ABANK5=0560h-05FFh -ABANK6=0600h-06FFh \
  -ABANK7=0700h-07FFh -ABANK8=0800h-08FFh -ABANK9=0900h-09FFh \
  -ABANK10=0A00h-0AFFh -ABANK11=0B00h-0BFFh -ABANK12=0C00h-0CFFh \
  -ABANK13=0D00h-0DFFh -ABANK14=0E00h-0EFFh -ABANK15=0F00h-0FFFh \
  -ABANK16=01000h-010FFh -ABANK17=01100h-011FFh -ABANK18=01200h-012FFh \
  -ABANK19=01300h-013FFh -ABANK20=01400h-014FFh -ABANK21=01500h-015FFh \
  -ABANK22=01600h-016FFh -ABANK23=01700h-017FFh -ABANK24=01800h-018FFh \
  -ABANK25=01900h-019FFh -ABANK26=01A00h-01AFFh -ABANK27=01B00h-01BFFh \
  -ABANK28=01C00h-01CFFh -ABANK29=01D00h-01DFFh -ABANK30=01E00h-01EFFh \
  -ABANK31=01F00h-01FFFh -ABANK32=02000h-020FFh -ABANK33=02100h-021FFh \
  -ABANK34=02200h-022FFh -ABANK35=02300h-023FFh -ABANK36=02400h-024FFh \
  -ASFR=00h-0FFhx4,0400h-045Fh,0460h-04FFh,02500h-025FFh \
  -ABIGSFR=00h-04FFh,02500h-025FFh -ACONFIG=0300000h-0300011h \
  -AIDLOC=0200000h-020003Fh -AEEDATA=0380000h-03803FFh -peeprom_data=EEDATA \
  -preset_vec=00h -ppowerup=CODE,init -pramtop=02500h \
  -psmallconst=SMALLCONST -pmediumconst=MEDIUMCONST -pconst=CONST \
  -AFARRAM=00h-00h \
  -prdata=COMRAM,nvrram=COMRAM,nvbit=COMRAM,rbss=COMRAM,rbit=COMRAM \
  -pfarbss=FARRAM,fardata=FARRAM,nvFARRAM=FARRAM \
  -pintsave_regs=BIGRAM,bigbss=BIGRAM,bigdata=BIGRAM -pbss=RAM \
  -pidata=CODE,irdata=CODE,ibigdata=CODE,ifardata=CODE -pparam5=BANK5 \
  C:\Users\hseiyama\AppData\Local\Temp\xcAsbqg.\driver_tmp_9.o \
  dist/default/production\mcc_sam03.X.production.o 

Object code version is 3.11

Machine type is 18F47Q43



                Name                               Link     Load   Length Selector   Space Scale
C:\Users\hseiyama\AppData\Local\Temp\xcAsbqg.\driver_tmp_9.o
                config                           300000   300000        A        0       4
                init                                102      102        4        4       0
                reset_vec                             0        0        4        0       0
dist/default/production\mcc_sam03.X.production.o
                config                           300000   300000        A        0       4
                smallconst                         2500     2500       84     1280       0
                ivt0x8                                8        8       FA        4       0
                text48                             2A6A     2A6A       2C     12C2       0
                text47                             2CB0     2CB0        6      B2C       0
                text46                             2CCC     2CCC        2      B30       0
                text45                             2CCA     2CCA        2      B30       0
                text44                             2CA8     2CA8        6      AEF       0
                text43                             2584     2584       D2     12C2       0
                text42                             2C04     2C04       16      AEF       0
                text41                             2CBA     2CBA        4      B2C       0
                text40                             2CC8     2CC8        2      B30       0
                text39                             2928     2928       3E     12C2       0
                text38                             2CC6     2CC6        2      B30       0
                text37                             2AFC     2AFC       22     12C2       0
                text36                             2BEC     2BEC       18      AEF       0
                text35                             2CC4     2CC4        2      B30       0
                text34                             2ADA     2ADA       22     12C2       0
                text33                             2BD4     2BD4       18      AEF       0
                text32                             2CB6     2CB6        4      B2C       0
                text31                             2CC2     2CC2        2      B30       0
                text30                             2AB8     2AB8       22     12C2       0
                text29                             2BBC     2BBC       18      AEF       0
                text28                             2CC0     2CC0        2      B30       0
                text27                             2B3E     2B3E       1C     12C2       0
                text26                             29DA     29DA       34     12C2       0
                text25                             289C     289C       4A     12C2       0
                text24                             2C76     2C76        E      AEF       0
                text23                             2C68     2C68        E      AEF       0
                text22                             2C5A     2C5A        E      AEF       0
                text21                             27C8     27C8       86     12C2       0
                text20                             2656     2656       C6     12C2       0
                text19                             2C4C     2C4C        E      AEF       0
                text18                             2C3E     2C3E        E      AEF       0
                text17                             2966     2966       3C     12C2       0
                text16                             2BA2     2BA2       18     12C2       0
                text15                             2B8A     2B8A       18     12C2       0
                text14                             2B72     2B72       18     12C2       0
                text13                             271C     271C       AC     12C2       0
                text12                             2A96     2A96       22     12C2       0
                text11                             2B5A     2B5A       18     12C2       0
                text10                             29A2     29A2       38     12C2       0
                text9                              2C8E     2C8E        A      AEF       0
                text8                              2C1A     2C1A       14      AEF       0
                text7                              2C2E     2C2E       10      AEF       0
                text6                              2CA0     2CA0        8      AEF       0
                text5                              2A3C     2A3C       2E     12C2       0
                text4                              2C84     2C84        A      AEF       0
                text3                              2A0E     2A0E       2E     12C2       0
                text2                              28E6     28E6       42     12C2       0
                text1                              2C98     2C98        8      AEF       0
                text0                              284E     284E       4E     12C2       0
                cstackCOMRAM                        545      545        A      501       1
                cstackBANK5                         560      560        8      560       1
                bssCOMRAM                           501      501       44      501       1
                cinit                              2B1E     2B1E       20     12C2       0
                nvCOMRAM                            54F      54F        9      501       1

TOTAL           Name                               Link     Load   Length     Space
        CLASS   CODE           
                init                                102      102        4         0
                reset_vec                             0        0        4         0
                ivt0x8                                8        8       FA         0
                text48                             2A6A     2A6A       2C         0
                text47                             2CB0     2CB0        6         0
                text46                             2CCC     2CCC        2         0
                text45                             2CCA     2CCA        2         0
                text44                             2CA8     2CA8        6         0
                text43                             2584     2584       D2         0
                text42                             2C04     2C04       16         0
                text41                             2CBA     2CBA        4         0
                text40                             2CC8     2CC8        2         0
                text39                             2928     2928       3E         0
                text38                             2CC6     2CC6        2         0
                text37                             2AFC     2AFC       22         0
                text36                             2BEC     2BEC       18         0
                text35                             2CC4     2CC4        2         0
                text34                             2ADA     2ADA       22         0
                text33                             2BD4     2BD4       18         0
                text32                             2CB6     2CB6        4         0
                text31                             2CC2     2CC2        2         0
                text30                             2AB8     2AB8       22         0
                text29                             2BBC     2BBC       18         0
                text28                             2CC0     2CC0        2         0
                text27                             2B3E     2B3E       1C         0
                text26                             29DA     29DA       34         0
                text25                             289C     289C       4A         0
                text24                             2C76     2C76        E         0
                text23                             2C68     2C68        E         0
                text22                             2C5A     2C5A        E         0
                text21                             27C8     27C8       86         0
                text20                             2656     2656       C6         0
                text19                             2C4C     2C4C        E         0
                text18                             2C3E     2C3E        E         0
                text17                             2966     2966       3C         0
                text16                             2BA2     2BA2       18         0
                text15                             2B8A     2B8A       18         0
                text14                             2B72     2B72       18         0
                text13                             271C     271C       AC         0
                text12                             2A96     2A96       22         0
                text11                             2B5A     2B5A       18         0
                text10                             29A2     29A2       38         0
                text9                              2C8E     2C8E        A         0
                text8                              2C1A     2C1A       14         0
                text7                              2C2E     2C2E       10         0
                text6                              2CA0     2CA0        8         0
                text5                              2A3C     2A3C       2E         0
                text4                              2C84     2C84        A         0
                text3                              2A0E     2A0E       2E         0
                text2                              28E6     28E6       42         0
                text1                              2C98     2C98        8         0
                text0                              284E     284E       4E         0
                cinit                              2B1E     2B1E       20         0

        CLASS   CONST          

        CLASS   SMALLCONST     
                smallconst                         2500     2500       84         0

        CLASS   MEDIUMCONST    

        CLASS   COMRAM         
                cstackCOMRAM                        545      545        A         1
                bssCOMRAM                           501      501       44         1
                nvCOMRAM                            54F      54F        9         1

        CLASS   ABS1           

        CLASS   BIGRAM         

        CLASS   RAM            

        CLASS   BANK5          
                cstackBANK5                         560      560        8         1

        CLASS   BANK6          

        CLASS   BANK7          

        CLASS   BANK8          

        CLASS   BANK9          

        CLASS   BANK10         

        CLASS   BANK11         

        CLASS   BANK12         

        CLASS   BANK13         

        CLASS   BANK14         

        CLASS   BANK15         

        CLASS   BANK16         

        CLASS   BANK17         

        CLASS   BANK18         

        CLASS   BANK19         

        CLASS   BANK20         

        CLASS   BANK21         

        CLASS   BANK22         

        CLASS   BANK23         

        CLASS   BANK24         

        CLASS   BANK25         

        CLASS   BANK26         

        CLASS   BANK27         

        CLASS   BANK28         

        CLASS   BANK29         

        CLASS   BANK30         

        CLASS   BANK31         

        CLASS   BANK32         

        CLASS   BANK33         

        CLASS   BANK34         

        CLASS   BANK35         

        CLASS   BANK36         

        CLASS   SFR            

        CLASS   BIGSFR         

        CLASS   CONFIG         
                config                           300000   300000        A         4

        CLASS   IDLOC          

        CLASS   EEDATA         

        CLASS   FARRAM         

        CLASS   HEAP           

        CLASS   STACK          



SEGMENTS        Name                           Load    Length   Top    Selector   Space  Class

                reset_vec                      000000  000004  000004         0       0  CODE    
                ivt0x8                         000008  0000FE  000106         4       0  CODE    
                bssCOMRAM                      000501  000057  000558       501       1  COMRAM  
                cstackBANK5                    000560  000008  000568       560       1  BANK5   
                smallconst                     002500  000084  002584      1280       0  SMALLCON
                text43                         002584  000636  002BBA      12C2       0  CODE    
                text29                         002BBC  0000F2  002CAE       AEF       0  CODE    
                text47                         002CB0  00000E  002CBE       B2C       0  CODE    
                text28                         002CC0  00000E  002CCE       B30       0  CODE    


UNUSED ADDRESS RANGES

        Name                Unused          Largest block    Delta
        BANK10           000A00-000AFF              100
        BANK11           000B00-000BFF              100
        BANK12           000C00-000CFF              100
        BANK13           000D00-000DFF              100
        BANK14           000E00-000EFF              100
        BANK15           000F00-000FFF              100
        BANK16           001000-0010FF              100
        BANK17           001100-0011FF              100
        BANK18           001200-0012FF              100
        BANK19           001300-0013FF              100
        BANK20           001400-0014FF              100
        BANK21           001500-0015FF              100
        BANK22           001600-0016FF              100
        BANK23           001700-0017FF              100
        BANK24           001800-0018FF              100
        BANK25           001900-0019FF              100
        BANK26           001A00-001AFF              100
        BANK27           001B00-001BFF              100
        BANK28           001C00-001CFF              100
        BANK29           001D00-001DFF              100
        BANK30           001E00-001EFF              100
        BANK31           001F00-001FFF              100
        BANK32           002000-0020FF              100
        BANK33           002100-0021FF              100
        BANK34           002200-0022FF              100
        BANK35           002300-0023FF              100
        BANK36           002400-0024FF              100
        BANK5            000568-0005FF               98
        BANK6            000600-0006FF              100
        BANK7            000700-0007FF              100
        BANK8            000800-0008FF              100
        BANK9            000900-0009FF              100
        BIGRAM           000558-00055F                8
                         000568-0024FF             1F98
        BIGSFR           000000-0004FF              500
                         002500-0025FF              100
        CODE             000004-000007                4
                         000106-0024FF             23FA
                         002BBA-002BBB                2
                         002CAE-002CAF                2
                         002CBE-002CBF                2
                         002CCE-01FFFF            1D332
        COMRAM           000558-00055F                8
        CONFIG           30000A-300011                8
        CONST            000004-000007                4
                         000106-0024FF             23FA
                         002BBA-002BBB                2
                         002CAE-002CAF                2
                         002CBE-002CBF                2
                         002CCE-01FFFF            1D332
        EEDATA           380000-3803FF              400
        IDLOC            200000-20003F               40
        MEDIUMCONST      002BBA-002BBB                2
                         002CAE-002CAF                2
                         002CBE-002CBF                2
                         002CCE-00FFFF             D332
                         012500-01FFFF             DB00
        RAM              000568-0024FF              100
        SFR              000000-0004FF              100
                         002500-0025FF              100
        SMALLCONST       002BBA-002BBB                2
                         002CAE-002CAF                2
                         002CBE-002CBF                2
                         002CCE-01FFFF              100

                                  Symbol Table

DMA1_DMAPrioritySet@GIESaveState                   cstackBANK5  000564
DMA1_DMAPrioritySet@priority                       cstackBANK5  000563
DMA1_SourceAddressSet@address                      cstackBANK5  000563
DMA1_SourceSizeSet@size                            cstackBANK5  000563
INT0_SetInterruptHandler@InterruptHandler          cstackBANK5  000563
INT1_SetInterruptHandler@InterruptHandler          cstackBANK5  000563
INT2_SetInterruptHandler@InterruptHandler          cstackBANK5  000563
INTERRUPT_Initialize@state                         cstackBANK5  000566
IVTBASEH                                           (abs)        00045E
IVTBASEL                                           (abs)        00045D
IVTBASEU                                           (abs)        00045F
TMR0_OverflowCallbackRegister@CallbackHandler      cstackBANK5  000563
UART3_FramingErrorCallbackRegister@callbackHandler cstackBANK5  000563
UART3_OverrunErrorCallbackRegister@callbackHandler cstackBANK5  000563
UART3_ParityErrorCallbackRegister@callbackHandler  cstackBANK5  000563
UART3_ReceiveISR@regValue                          cstackCOMRAM 00054D
UART3_ReceiveISR@tempRxHead                        cstackCOMRAM 00054E
UART3_RxCompleteCallbackRegister@callbackHandler   cstackBANK5  000563
UART3_TransmitISR@tempTxTail                       cstackBANK5  000562
_ACTCON                                            (abs)        0000AC
_ANSELA                                            (abs)        000400
_ANSELB                                            (abs)        000408
_ANSELC                                            (abs)        000410
_ANSELD                                            (abs)        000418
_ANSELE                                            (abs)        000420
_CLOCK_Initialize                                  text27       002B3E
_CPU_Initialize                                    text26       0029DA
_DMA1PR                                            (abs)        0000B6
_DMA1_DMAPrioritySet                               text10       0029A2
_DMA1_Disable                                      text4        002C84
_DMA1_Enable                                       text9        002C8E
_DMA1_Initialize                                   text25       00289C
_DMA1_SourceAddressSet                             text8        002C1A
_DMA1_SourceSizeSet                                text7        002C2E
_DMA1_TransferWithTriggerStart                     text6        002CA0
_DMA2PR                                            (abs)        0000B7
_DMA3PR                                            (abs)        0000B8
_DMA4PR                                            (abs)        0000B9
_DMA5PR                                            (abs)        0000BA
_DMA6PR                                            (abs)        0000BB
_DMASELECT                                         (abs)        0000E8
_DMAnAIRQ                                          (abs)        0000FE
_DMAnCON0                                          (abs)        0000FC
_DMAnCON0bits                                      (abs)        0000FC
_DMAnCON1                                          (abs)        0000FD
_DMAnDCNT                                          (abs)        0000EA
_DMAnDPTR                                          (abs)        0000EC
_DMAnDSA                                           (abs)        0000F0
_DMAnDSZ                                           (abs)        0000EE
_DMAnSCNT                                          (abs)        0000F2
_DMAnSIRQ                                          (abs)        0000FF
_DMAnSPTR                                          (abs)        0000F4
_DMAnSSA                                           (abs)        0000F9
_DMAnSSZ                                           (abs)        0000F7
_Default_ISR                                       text28       002CC0
_GIE                                               (abs)        0026B7
_INLVLA                                            (abs)        000404
_INLVLB                                            (abs)        00040C
_INLVLC                                            (abs)        000414
_INLVLD                                            (abs)        00041C
_INLVLE                                            (abs)        000424
_INT0PPS                                           (abs)        00023E
_INT0_CallBack                                     text30       002AB8
_INT0_DefaultInterruptHandler                      text31       002CC2
_INT0_ISR                                          text29       002BBC
_INT0_InterruptHandler                             bssCOMRAM    000536
_INT0_SetInterruptHandler                          text24       002C76
_INT1_CallBack                                     text34       002ADA
_INT1_DefaultInterruptHandler                      text35       002CC4
_INT1_ISR                                          text33       002BD4
_INT1_InterruptHandler                             bssCOMRAM    000533
_INT1_SetInterruptHandler                          text23       002C68
_INT2_CallBack                                     text37       002AFC
_INT2_DefaultInterruptHandler                      text38       002CC6
_INT2_ISR                                          text36       002BEC
_INT2_InterruptHandler                             bssCOMRAM    000530
_INT2_SetInterruptHandler                          text22       002C5A
_INTCON0bits                                       (abs)        0004D6
_INTERRUPT_Initialize                              text21       0027C8
_IOCAF                                             (abs)        000407
_IOCAN                                             (abs)        000406
_IOCAP                                             (abs)        000405
_IOCBF                                             (abs)        00040F
_IOCBN                                             (abs)        00040E
_IOCBP                                             (abs)        00040D
_IOCCF                                             (abs)        000417
_IOCCN                                             (abs)        000416
_IOCCP                                             (abs)        000415
_IOCEF                                             (abs)        000427
_IOCEN                                             (abs)        000426
_IOCEP                                             (abs)        000425
_IPR1bits                                          (abs)        000363
_IPR3bits                                          (abs)        000365
_IPR9bits                                          (abs)        00036B
_ISRPR                                             (abs)        0000BF
_IVTBASEH                                          (abs)        00045E
_IVTBASEL                                          (abs)        00045D
_IVTBASEU                                          (abs)        00045F
_IVTLOCK                                           (abs)        000459
_IVTLOCKbits                                       (abs)        000459
_LATA                                              (abs)        0004BE
_LATB                                              (abs)        0004BF
_LATC                                              (abs)        0004C0
_LATD                                              (abs)        0004C1
_LATE                                              (abs)        0004C2
_MAINPR                                            (abs)        0000BE
_ODCONA                                            (abs)        000402
_ODCONB                                            (abs)        00040A
_ODCONC                                            (abs)        000412
_ODCOND                                            (abs)        00041A
_ODCONE                                            (abs)        000422
_OSCCON1                                           (abs)        0000AD
_OSCCON3                                           (abs)        0000AF
_OSCEN                                             (abs)        0000B3
_OSCFRQ                                            (abs)        0000B1
_OSCTUNE                                           (abs)        0000B0
_PIE1bits                                          (abs)        00049F
_PIE2bits                                          (abs)        0004A0
_PIE3bits                                          (abs)        0004A1
_PIE9bits                                          (abs)        0004A7
_PIN_MANAGER_Initialize                            text20       002656
_PIR10bits                                         (abs)        0004B8
_PIR1bits                                          (abs)        0004AF
_PIR2bits                                          (abs)        0004B0
_PIR3bits                                          (abs)        0004B1
_PIR6bits                                          (abs)        0004B4
_PRLOCK                                            (abs)        0000B4
_PRLOCKbits                                        (abs)        0000B4
_PRODH                                             (abs)        0004F4
_PRODL                                             (abs)        0004F3
_RA6PPS                                            (abs)        000207
_RB1I2C                                            (abs)        000289
_RB2I2C                                            (abs)        000288
_RC3I2C                                            (abs)        000287
_RC4I2C                                            (abs)        000286
_SCANPR                                            (abs)        0000B5
_SLRCONA                                           (abs)        000403
_SLRCONB                                           (abs)        00040B
_SLRCONC                                           (abs)        000413
_SLRCOND                                           (abs)        00041B
_SLRCONE                                           (abs)        000423
_SYSTEM_Initialize                                 text12       002A96
_SystemArbiter_Initialize                          text19       002C4C
_T0CON0                                            (abs)        00031A
_T0CON0bits                                        (abs)        00031A
_T0CON1                                            (abs)        00031B
_TMR0H                                             (abs)        000319
_TMR0IE                                            (abs)        00250F
_TMR0IF                                            (abs)        00258F
_TMR0L                                             (abs)        000318
_TMR0_DefaultOverflowCallback                      text40       002CC8
_TMR0_Initialize                                   text17       002966
_TMR0_OverflowCallback                             nvCOMRAM     00054F
_TMR0_OverflowCallbackRegister                     text18       002C3E
_TMR0_OverflowISR                                  text39       002928
_TMR0_PeriodCountSet                               (abs)        000000
_TMR0_Start                                        (abs)        000000
_TMR0_Stop                                         (abs)        000000
_TRISA                                             (abs)        0004C6
_TRISB                                             (abs)        0004C7
_TRISC                                             (abs)        0004C8
_TRISD                                             (abs)        0004C9
_TRISE                                             (abs)        0004CA
_Timer0                                            smallconst   002549
_U3BRGH                                            (abs)        0002D5
_U3BRGL                                            (abs)        0002D4
_U3CON0                                            (abs)        0002D1
_U3CON0bits                                        (abs)        0002D1
_U3CON1                                            (abs)        0002D2
_U3CON2                                            (abs)        0002D3
_U3ERRIE                                           (abs)        0002D9
_U3ERRIR                                           (abs)        0002D8
_U3ERRIRbits                                       (abs)        0002D8
_U3FIFO                                            (abs)        0002D6
_U3P1L                                             (abs)        0002CB
_U3P2L                                             (abs)        0002CD
_U3P3L                                             (abs)        0002CF
_U3RXB                                             (abs)        0002C7
_U3RXPPS                                           (abs)        000276
_U3TXB                                             (abs)        0002C9
_U3UIR                                             (abs)        0002D7
_U3UIRbits                                         (abs)        0002D7
_UART3                                             smallconst   002501
_UART3_AutoBaudQuery                               (abs)        000000
_UART3_AutoBaudSet                                 (abs)        000000
_UART3_DefaultFramingErrorCallback                 text46       002CCC
_UART3_DefaultOverrunErrorCallback                 text45       002CCA
_UART3_DefaultParityErrorCallback                  (abs)        000000
_UART3_Deinitialize                                (abs)        000000
_UART3_ErrorGet                                    (abs)        000000
_UART3_FramingErrorCallbackRegister                text16       002BA2
_UART3_FramingErrorHandler                         bssCOMRAM    00052D
_UART3_Initialize                                  text13       00271C
_UART3_IsRxReady                                   (abs)        000000
_UART3_IsTxDone                                    (abs)        000000
_UART3_IsTxReady                                   (abs)        000000
_UART3_OverrunErrorCallbackRegister                text15       002B8A
_UART3_OverrunErrorHandler                         bssCOMRAM    00052A
_UART3_ParityErrorCallbackRegister                 text14       002B72
_UART3_ParityErrorHandler                          bssCOMRAM    000527
_UART3_Read                                        (abs)        000000
_UART3_ReceiveISR                                  text43       002584
_UART3_Receive_Vector_ISR                          text42       002C04
_UART3_RxCompleteCallbackRegister                  text11       002B5A
_UART3_RxCompleteInterruptHandler                  bssCOMRAM    000521
_UART3_RxInterruptHandler                          nvCOMRAM     000552
_UART3_TransmitDisable                             (abs)        000000
_UART3_TransmitEnable                              (abs)        000000
_UART3_TransmitISR                                 text48       002A6A
_UART3_Transmit_Vector_ISR                         text47       002CB0
_UART3_TxCompleteCallbackRegister                  (abs)        000000
_UART3_TxCompleteInterruptHandler                  bssCOMRAM    000524
_UART3_TxInterruptHandler                          nvCOMRAM     000555
_UART3_Write                                       (abs)        000000
_WPUA                                              (abs)        000401
_WPUB                                              (abs)        000409
_WPUC                                              (abs)        000411
_WPUD                                              (abs)        000419
_WPUE                                              (abs)        000421
__HRAM                                             (abs)        000000
__H__absolute__                                    __absolute__ 000000
__Habs1                                            abs1         000000
__Hbank10                                          bank10       000000
__Hbank11                                          bank11       000000
__Hbank12                                          bank12       000000
__Hbank13                                          bank13       000000
__Hbank14                                          bank14       000000
__Hbank15                                          bank15       000000
__Hbank16                                          bank16       000000
__Hbank17                                          bank17       000000
__Hbank18                                          bank18       000000
__Hbank19                                          bank19       000000
__Hbank20                                          bank20       000000
__Hbank21                                          bank21       000000
__Hbank22                                          bank22       000000
__Hbank23                                          bank23       000000
__Hbank24                                          bank24       000000
__Hbank25                                          bank25       000000
__Hbank26                                          bank26       000000
__Hbank27                                          bank27       000000
__Hbank28                                          bank28       000000
__Hbank29                                          bank29       000000
__Hbank30                                          bank30       000000
__Hbank31                                          bank31       000000
__Hbank32                                          bank32       000000
__Hbank33                                          bank33       000000
__Hbank34                                          bank34       000000
__Hbank35                                          bank35       000000
__Hbank36                                          bank36       000000
__Hbank5                                           bank5        000000
__Hbank6                                           bank6        000000
__Hbank7                                           bank7        000000
__Hbank8                                           bank8        000000
__Hbank9                                           bank9        000000
__Hbigbss                                          bigbss       000000
__Hbigdata                                         bigdata      000000
__Hbigram                                          bigram       000000
__Hbigsfr                                          bigsfr       000000
__Hbss                                             bss          000000
__HbssCOMRAM                                       bssCOMRAM    000000
__Hcinit                                           cinit        000000
__Hclrtext                                         clrtext      000000
__Hcomram                                          comram       000000
__Hconfig                                          config       30000A
__Hconst                                           const        000000
__HcstackBANK5                                     cstackBANK5  000000
__HcstackCOMRAM                                    cstackCOMRAM 000000
__Hdata                                            data         000000
__Heeprom_data                                     eeprom_data  000000
__Hfarbss                                          farbss       000000
__Hfardata                                         fardata      000000
__Hheap                                            heap         000000
__Hibigdata                                        ibigdata     000000
__Hidata                                           idata        000000
__Hidloc                                           idloc        000000
__Hifardata                                        ifardata     000000
__Hinit                                            init         000106
__Hintsave_regs                                    intsave_regs 000000
__Hirdata                                          irdata       000000
__Hivt0x8                                          ivt0x8       000102
__Hmediumconst                                     mediumconst  000000
__HnvCOMRAM                                        nvCOMRAM     000000
__HnvFARRAM                                        nvFARRAM     000000
__Hnvbit                                           nvbit        000000
__Hnvrram                                          nvrram       000000
__Hparam                                           param5       000000
__Hparam5                                          param5       000000
__Hpowerup                                         powerup      000000
__Hram                                             ram          000000
__Hramtop                                          ramtop       002500
__Hrbit                                            rbit         000000
__Hrbss                                            rbss         000000
__Hrdata                                           rdata        000000
__Hreset_vec                                       reset_vec    000004
__Hsfr                                             sfr          000000
__Hsmallconst                                      smallconst   002584
__Hspace_0                                         (abs)        002CCE
__Hspace_1                                         (abs)        000568
__Hspace_2                                         (abs)        000000
__Hspace_4                                         (abs)        60000A
__Hstack                                           stack        000000
__Hstruct                                          struct       000000
__Htemp                                            temp         000000
__Htext                                            text         000000
__Htext0                                           text0        000000
__Htext1                                           text1        000000
__Htext10                                          text10       000000
__Htext11                                          text11       000000
__Htext12                                          text12       000000
__Htext13                                          text13       000000
__Htext14                                          text14       000000
__Htext15                                          text15       000000
__Htext16                                          text16       000000
__Htext17                                          text17       000000
__Htext18                                          text18       000000
__Htext19                                          text19       000000
__Htext2                                           text2        000000
__Htext20                                          text20       000000
__Htext21                                          text21       000000
__Htext22                                          text22       000000
__Htext23                                          text23       000000
__Htext24                                          text24       000000
__Htext25                                          text25       000000
__Htext26                                          text26       000000
__Htext27                                          text27       000000
__Htext28                                          text28       000000
__Htext29                                          text29       000000
__Htext3                                           text3        000000
__Htext30                                          text30       000000
__Htext31                                          text31       000000
__Htext32                                          text32       000000
__Htext33                                          text33       000000
__Htext34                                          text34       000000
__Htext35                                          text35       000000
__Htext36                                          text36       000000
__Htext37                                          text37       000000
__Htext38                                          text38       000000
__Htext39                                          text39       000000
__Htext4                                           text4        000000
__Htext40                                          text40       000000
__Htext41                                          text41       000000
__Htext42                                          text42       000000
__Htext43                                          text43       000000
__Htext44                                          text44       000000
__Htext45                                          text45       000000
__Htext46                                          text46       000000
__Htext47                                          text47       000000
__Htext48                                          text48       000000
__Htext49                                          text49       000000
__Htext5                                           text5        000000
__Htext6                                           text6        000000
__Htext7                                           text7        000000
__Htext8                                           text8        000000
__Htext9                                           text9        000000
__LRAM                                             (abs)        000001
__L__absolute__                                    __absolute__ 000000
__Labs1                                            abs1         000000
__Lbank10                                          bank10       000000
__Lbank11                                          bank11       000000
__Lbank12                                          bank12       000000
__Lbank13                                          bank13       000000
__Lbank14                                          bank14       000000
__Lbank15                                          bank15       000000
__Lbank16                                          bank16       000000
__Lbank17                                          bank17       000000
__Lbank18                                          bank18       000000
__Lbank19                                          bank19       000000
__Lbank20                                          bank20       000000
__Lbank21                                          bank21       000000
__Lbank22                                          bank22       000000
__Lbank23                                          bank23       000000
__Lbank24                                          bank24       000000
__Lbank25                                          bank25       000000
__Lbank26                                          bank26       000000
__Lbank27                                          bank27       000000
__Lbank28                                          bank28       000000
__Lbank29                                          bank29       000000
__Lbank30                                          bank30       000000
__Lbank31                                          bank31       000000
__Lbank32                                          bank32       000000
__Lbank33                                          bank33       000000
__Lbank34                                          bank34       000000
__Lbank35                                          bank35       000000
__Lbank36                                          bank36       000000
__Lbank5                                           bank5        000000
__Lbank6                                           bank6        000000
__Lbank7                                           bank7        000000
__Lbank8                                           bank8        000000
__Lbank9                                           bank9        000000
__Lbigbss                                          bigbss       000000
__Lbigdata                                         bigdata      000000
__Lbigram                                          bigram       000000
__Lbigsfr                                          bigsfr       000000
__Lbss                                             bss          000000
__LbssCOMRAM                                       bssCOMRAM    000000
__Lcinit                                           cinit        000000
__Lclrtext                                         clrtext      000000
__Lcomram                                          comram       000000
__Lconfig                                          config       000000
__Lconst                                           const        000000
__LcstackBANK5                                     cstackBANK5  000000
__LcstackCOMRAM                                    cstackCOMRAM 000000
__Ldata                                            data         000000
__Leeprom_data                                     eeprom_data  000000
__Lfarbss                                          farbss       000000
__Lfardata                                         fardata      000000
__Lheap                                            heap         000000
__Libigdata                                        ibigdata     000000
__Lidata                                           idata        000000
__Lidloc                                           idloc        000000
__Lifardata                                        ifardata     000000
__Linit                                            init         000102
__Lintsave_regs                                    intsave_regs 000000
__Lirdata                                          irdata       000000
__Livt0x8                                          ivt0x8       000008
__Lmediumconst                                     mediumconst  000000
__LnvCOMRAM                                        nvCOMRAM     000000
__LnvFARRAM                                        nvFARRAM     000000
__Lnvbit                                           nvbit        000000
__Lnvrram                                          nvrram       000000
__Lparam                                           param5       000000
__Lparam5                                          param5       000000
__Lpowerup                                         powerup      000000
__Lram                                             ram          000000
__Lramtop                                          ramtop       002500
__Lrbit                                            rbit         000000
__Lrbss                                            rbss         000000
__Lrdata                                           rdata        000000
__Lreset_vec                                       reset_vec    000000
__Lsfr                                             sfr          000000
__Lsmallconst                                      smallconst   002500
__Lspace_0                                         (abs)        000000
__Lspace_1                                         (abs)        000000
__Lspace_2                                         (abs)        000000
__Lspace_4                                         (abs)        000000
__Lstack                                           stack        000000
__Lstruct                                          struct       000000
__Ltemp                                            temp         000000
__Ltext                                            text         000000
__Ltext0                                           text0        000000
__Ltext1                                           text1        000000
__Ltext10                                          text10       000000
__Ltext11                                          text11       000000
__Ltext12                                          text12       000000
__Ltext13                                          text13       000000
__Ltext14                                          text14       000000
__Ltext15                                          text15       000000
__Ltext16                                          text16       000000
__Ltext17                                          text17       000000
__Ltext18                                          text18       000000
__Ltext19                                          text19       000000
__Ltext2                                           text2        000000
__Ltext20                                          text20       000000
__Ltext21                                          text21       000000
__Ltext22                                          text22       000000
__Ltext23                                          text23       000000
__Ltext24                                          text24       000000
__Ltext25                                          text25       000000
__Ltext26                                          text26       000000
__Ltext27                                          text27       000000
__Ltext28                                          text28       000000
__Ltext29                                          text29       000000
__Ltext3                                           text3        000000
__Ltext30                                          text30       000000
__Ltext31                                          text31       000000
__Ltext32                                          text32       000000
__Ltext33                                          text33       000000
__Ltext34                                          text34       000000
__Ltext35                                          text35       000000
__Ltext36                                          text36       000000
__Ltext37                                          text37       000000
__Ltext38                                          text38       000000
__Ltext39                                          text39       000000
__Ltext4                                           text4        000000
__Ltext40                                          text40       000000
__Ltext41                                          text41       000000
__Ltext42                                          text42       000000
__Ltext43                                          text43       000000
__Ltext44                                          text44       000000
__Ltext45                                          text45       000000
__Ltext46                                          text46       000000
__Ltext47                                          text47       000000
__Ltext48                                          text48       000000
__Ltext49                                          text49       000000
__Ltext5                                           text5        000000
__Ltext6                                           text6        000000
__Ltext7                                           text7        000000
__Ltext8                                           text8        000000
__Ltext9                                           text9        000000
__S0                                               (abs)        002CCE
__S1                                               (abs)        000568
__S4                                               (abs)        000000
__S5                                               (abs)        000000
___heap_hi                                         (abs)        000000
___heap_lo                                         (abs)        000000
___inthi_sp                                        stack        000000
___inthi_stack_hi                                  stack        000000
___inthi_stack_lo                                  stack        000000
___intlo_sp                                        stack        000000
___intlo_stack_hi                                  stack        000000
___intlo_stack_lo                                  stack        000000
___param_bank                                      (abs)        000005
___rparam_used                                     (abs)        000000
___sp                                              stack        000000
___stack_hi                                        stack        000000
___stack_lo                                        stack        000000
__accesstop                                        (abs)        000560
__activetblptr                                     (abs)        000003
__end_of_CLOCK_Initialize                          text27       002B5A
__end_of_CPU_Initialize                            text26       002A0E
__end_of_DMA1_DMAPrioritySet                       text10       0029DA
__end_of_DMA1_Disable                              text4        002C8E
__end_of_DMA1_Enable                               text9        002C98
__end_of_DMA1_Initialize                           text25       0028E6
__end_of_DMA1_SourceAddressSet                     text8        002C2E
__end_of_DMA1_SourceSizeSet                        text7        002C3E
__end_of_DMA1_TransferWithTriggerStart             text6        002CA8
__end_of_Default_ISR                               text28       002CC2
__end_of_INT0_CallBack                             text30       002ADA
__end_of_INT0_DefaultInterruptHandler              text31       002CC4
__end_of_INT0_ISR                                  text29       002BD4
__end_of_INT0_SetInterruptHandler                  text24       002C84
__end_of_INT1_CallBack                             text34       002AFC
__end_of_INT1_DefaultInterruptHandler              text35       002CC6
__end_of_INT1_ISR                                  text33       002BEC
__end_of_INT1_SetInterruptHandler                  text23       002C76
__end_of_INT2_CallBack                             text37       002B1E
__end_of_INT2_DefaultInterruptHandler              text38       002CC8
__end_of_INT2_ISR                                  text36       002C04
__end_of_INT2_SetInterruptHandler                  text22       002C68
__end_of_INTERRUPT_Initialize                      text21       00284E
__end_of_PIN_MANAGER_Initialize                    text20       00271C
__end_of_SYSTEM_Initialize                         text12       002AB8
__end_of_SystemArbiter_Initialize                  text19       002C5A
__end_of_TMR0_DefaultOverflowCallback              text40       002CCA
__end_of_TMR0_Initialize                           text17       0029A2
__end_of_TMR0_OverflowCallbackRegister             text18       002C4C
__end_of_TMR0_OverflowISR                          text39       002966
__end_of_Timer0                                    smallconst   00255B
__end_of_UART3                                     smallconst   002549
__end_of_UART3_DefaultFramingErrorCallback         text46       002CCE
__end_of_UART3_DefaultOverrunErrorCallback         text45       002CCC
__end_of_UART3_FramingErrorCallbackRegister        text16       002BBA
__end_of_UART3_Initialize                          text13       0027C8
__end_of_UART3_OverrunErrorCallbackRegister        text15       002BA2
__end_of_UART3_ParityErrorCallbackRegister         text14       002B8A
__end_of_UART3_ReceiveISR                          text43       002656
__end_of_UART3_Receive_Vector_ISR                  text42       002C1A
__end_of_UART3_RxCompleteCallbackRegister          text11       002B72
__end_of_UART3_TransmitISR                         text48       002A96
__end_of_UART3_Transmit_Vector_ISR                 text47       002CB6
__end_of__initialization                           cinit        002B38
__end_of_data_reset                                smallconst   002582
__end_of_data_wakeup                               smallconst   00256F
__end_of_dma1_init                                 text5        002A6A
__end_of_dma1_wakeup                               text3        002A3C
__end_of_int0Isr                                   text32       002CBA
__end_of_main                                      text0        00289C
__end_of_request_in                                text2        002928
__end_of_tmr0Isr                                   text41       002CBE
__end_of_u3rxIsr                                   text44       002CAE
__end_of_update_out                                text1        002CA0
__initialization                                   cinit        002B1E
__mediumconst                                      mediumconst  000000
__pbssCOMRAM                                       bssCOMRAM    000501
__pcinit                                           cinit        002B1E
__pcstackBANK5                                     cstackBANK5  000560
__pcstackCOMRAM                                    cstackCOMRAM 000545
__pivt0x8                                          ivt0x8       000008
__pnvCOMRAM                                        nvCOMRAM     00054F
__psmallconst                                      smallconst   002500
__ptext0                                           text0        00284E
__ptext1                                           text1        002C98
__ptext10                                          text10       0029A2
__ptext11                                          text11       002B5A
__ptext12                                          text12       002A96
__ptext13                                          text13       00271C
__ptext14                                          text14       002B72
__ptext15                                          text15       002B8A
__ptext16                                          text16       002BA2
__ptext17                                          text17       002966
__ptext18                                          text18       002C3E
__ptext19                                          text19       002C4C
__ptext2                                           text2        0028E6
__ptext20                                          text20       002656
__ptext21                                          text21       0027C8
__ptext22                                          text22       002C5A
__ptext23                                          text23       002C68
__ptext24                                          text24       002C76
__ptext25                                          text25       00289C
__ptext26                                          text26       0029DA
__ptext27                                          text27       002B3E
__ptext28                                          text28       002CC0
__ptext29                                          text29       002BBC
__ptext3                                           text3        002A0E
__ptext30                                          text30       002AB8
__ptext31                                          text31       002CC2
__ptext32                                          text32       002CB6
__ptext33                                          text33       002BD4
__ptext34                                          text34       002ADA
__ptext35                                          text35       002CC4
__ptext36                                          text36       002BEC
__ptext37                                          text37       002AFC
__ptext38                                          text38       002CC6
__ptext39                                          text39       002928
__ptext4                                           text4        002C84
__ptext40                                          text40       002CC8
__ptext41                                          text41       002CBA
__ptext42                                          text42       002C04
__ptext43                                          text43       002584
__ptext44                                          text44       002CA8
__ptext45                                          text45       002CCA
__ptext46                                          text46       002CCC
__ptext47                                          text47       002CB0
__ptext48                                          text48       002A6A
__ptext49                                          text49       000000
__ptext5                                           text5        002A3C
__ptext6                                           text6        002CA0
__ptext7                                           text7        002C2E
__ptext8                                           text8        002C1A
__ptext9                                           text9        002C8E
__ramtop                                           ramtop       002500
__smallconst                                       smallconst   002500
_count_out                                         bssCOMRAM    00053E
_data_recv                                         bssCOMRAM    00053D
_data_reset                                        smallconst   00256F
_data_wakeup                                       smallconst   00255B
_dma1_init                                         text5        002A3C
_dma1_wakeup                                       text3        002A0E
_int0Isr                                           text32       002CB6
_main                                              text0        00284E
_request_in                                        text2        0028E6
_timerTMR0ReloadVal16bit                           bssCOMRAM    00053B
_tmr0Isr                                           text41       002CBA
_u3rxIsr                                           text44       002CA8
_uart3RxBuffer                                     bssCOMRAM    000511
_uart3RxCount                                      bssCOMRAM    00053F
_uart3RxHead                                       bssCOMRAM    000541
_uart3RxLastError                                  bssCOMRAM    000539
_uart3RxStatusBuffer                               bssCOMRAM    000501
_uart3RxTail                                       bssCOMRAM    000540
_uart3TxBuffer                                     bssCOMRAM    000519
_uart3TxBufferRemaining                            bssCOMRAM    000542
_uart3TxHead                                       bssCOMRAM    000544
_uart3TxTail                                       bssCOMRAM    000543
_update_out                                        text1        002C98
end_of_initialization                              cinit        002B38
intlevel0                                          text         000000
intlevel1                                          text         000000
intlevel2                                          text         000000
intlevel3                                          text         000000
isa$std                                            (abs)        000001
isa$xinst                                          (abs)        000000
ivt0x8_base                                        ivt0x8       000008
ivt0x8_undefint                                    ivt0x8       000100
stackhi                                            (abs)        000000
stacklo                                            (abs)        000000
start                                              init         000102
start_initialization                               cinit        002B1E


MODULE INFORMATION

Module		Function		Class		Link	Load	Size
mcc_generated_files/dma/src/dma1.c
		_DMA1_Initialize		CODE           	289C	0000	74
		_DMA1_Enable   		CODE           	2C8E	0000	10
		_DMA1_SourceSizeSet		CODE           	2C2E	0000	16
		_DMA1_DMAPrioritySet		CODE           	29A2	0000	56
		_DMA1_Disable  		CODE           	2C84	0000	10
		_DMA1_SourceAddressSet		CODE           	2C1A	0000	20
		_DMA1_TransferWithTriggerStart		CODE           	2CA0	0000	8

mcc_generated_files/dma/src/dma1.c estimated size: 194

mcc_generated_files/system/src/interrupt.c
		_INT0_SetInterruptHandler		CODE           	2C76	0000	14
		_INT1_SetInterruptHandler		CODE           	2C68	0000	14
		_INT2_SetInterruptHandler		CODE           	2C5A	0000	14
		_INTERRUPT_Initialize		CODE           	27C8	0000	134
		_INT0_DefaultInterruptHandler		CODE           	2CC2	0000	2
		_INT0_CallBack 		CODE           	2AB8	0000	34
		_INT1_DefaultInterruptHandler		CODE           	2CC4	0000	2
		_INT1_CallBack 		CODE           	2ADA	0000	34
		_INT2_DefaultInterruptHandler		CODE           	2CC6	0000	2
		_INT2_CallBack 		CODE           	2AFC	0000	34
		_Default_ISR   		CODE           	2CC0	0000	2
		_INT0_ISR      		CODE           	2BBC	0000	24
		_INT1_ISR      		CODE           	2BD4	0000	24
		_INT2_ISR      		CODE           	2BEC	0000	24

mcc_generated_files/system/src/interrupt.c estimated size: 358

mcc_generated_files/uart/src/uart3.c
		_UART3_DefaultFramingErrorCallback		CODE           	2CCC	0000	2
		_UART3_TransmitISR		CODE           	2A6A	0000	44
		_UART3_ParityErrorCallbackRegister		CODE           	2B72	0000	24
		_UART3_DefaultOverrunErrorCallback		CODE           	2CCA	0000	2
		_UART3_RxCompleteCallbackRegister		CODE           	2B5A	0000	24
		_UART3_FramingErrorCallbackRegister		CODE           	2BA2	0000	24
		_UART3_Transmit_Vector_ISR		CODE           	2CB0	0000	6
		_UART3_Receive_Vector_ISR		CODE           	2C04	0000	22
		_UART3_OverrunErrorCallbackRegister		CODE           	2B8A	0000	24
		_UART3_ReceiveISR		CODE           	2584	0000	210
		_UART3_Initialize		CODE           	271C	0000	172

mcc_generated_files/uart/src/uart3.c estimated size: 554

mcc_generated_files/system/src/pins.c
		_PIN_MANAGER_Initialize		CODE           	2656	0000	198

mcc_generated_files/system/src/pins.c estimated size: 198

shared
		__initialization		CODE           	2B1E	0000	26
		_data_wakeup   		SMALLCONST     	255B	0000	20
		_data_reset    		SMALLCONST     	256F	0000	19
		_Timer0        		SMALLCONST     	2549	0000	18
		_UART3         		SMALLCONST     	2501	0000	72

shared estimated size: 155

mcc_generated_files/system/src/clock.c
		_CLOCK_Initialize		CODE           	2B3E	0000	28

mcc_generated_files/system/src/clock.c estimated size: 28

mcc_generated_files/timer/src/tmr0.c
		_TMR0_OverflowCallbackRegister		CODE           	2C3E	0000	14
		_TMR0_DefaultOverflowCallback		CODE           	2CC8	0000	2
		_TMR0_OverflowISR		CODE           	2928	0000	62
		_TMR0_Initialize		CODE           	2966	0000	60

mcc_generated_files/timer/src/tmr0.c estimated size: 138

main.c
		_dma1_init     		CODE           	2A3C	0000	46
		_request_in    		CODE           	28E6	0000	66
		_u3rxIsr       		CODE           	2CA8	0000	6
		_int0Isr       		CODE           	2CB6	0000	4
		_tmr0Isr       		CODE           	2CBA	0000	4
		_main          		CODE           	284E	0000	78
		_update_out    		CODE           	2C98	0000	8
		_dma1_wakeup   		CODE           	2A0E	0000	46

main.c estimated size: 258

mcc_generated_files/system/src/system.c
		_SystemArbiter_Initialize		CODE           	2C4C	0000	14
		_CPU_Initialize		CODE           	29DA	0000	52
		_SYSTEM_Initialize		CODE           	2A96	0000	34

mcc_generated_files/system/src/system.c estimated size: 100

